Archive member included to satisfy reference by file (symbol)

C:\Eclipse\Firmware-3.6\Qfplib-M0-full\SAMC21\libQfplib-M0-full.a(./qfplib-m0-full_gcc.o)
                              ./src/Platform/Tasks.o (__wrap___aeabi_fadd)
C:\Eclipse\Firmware-3.6\CoreN2G\SAMC21_CAN_RTOS\libCoreN2G.a(./src/SAME5x_C21/SAMC21/hpl/nvmctrl/hpl_nvmctrl.o)
                              ./src/Platform/Platform.o (_user_area_write)
C:\Eclipse\Firmware-3.6\CoreN2G\SAMC21_CAN_RTOS\libCoreN2G.a(./src/SAME5x_C21/SAMC21/hpl/divas/hpl_divas.o)
                              ./src/Platform/Tasks.o (__aeabi_idiv)
C:\Eclipse\Firmware-3.6\CoreN2G\SAMC21_CAN_RTOS\libCoreN2G.a(./src/SAME5x_C21/SAMC21/AnalogIn.o)
                              ./src/Hardware/SAME5x_C21/SAMC21/Devices.o (TaskLoop)
C:\Eclipse\Firmware-3.6\CoreN2G\SAMC21_CAN_RTOS\libCoreN2G.a(./src/SAME5x_C21/SAMC21/Startup.o)
                              (Reset_Handler)
C:\Eclipse\Firmware-3.6\CoreN2G\SAMC21_CAN_RTOS\libCoreN2G.a(./src/SAME5x_C21/SAMC21/Vectors.o)
                              ./src/Platform/Platform.o (SystemCoreClock)
C:\Eclipse\Firmware-3.6\CoreN2G\SAMC21_CAN_RTOS\libCoreN2G.a(./src/SAME5x_C21/AnalogOut.o)
                              ./src/Hardware/SAME5x_C21/SAMC21/Devices.o (AnalogOut::Init())
C:\Eclipse\Firmware-3.6\CoreN2G\SAMC21_CAN_RTOS\libCoreN2G.a(./src/SAME5x_C21/DmacManager.o)
                              C:\Eclipse\Firmware-3.6\CoreN2G\SAMC21_CAN_RTOS\libCoreN2G.a(./src/SAME5x_C21/SAMC21/AnalogIn.o) (DmacManager::SetBtctrl(unsigned char, unsigned short))
C:\Eclipse\Firmware-3.6\CoreN2G\SAMC21_CAN_RTOS\libCoreN2G.a(./src/SAME5x_C21/Flash.o)
                              ./src/Platform/Tasks.o (Flash::Init())
C:\Eclipse\Firmware-3.6\CoreN2G\SAMC21_CAN_RTOS\libCoreN2G.a(./src/SAME5x_C21/Interrupts.o)
                              ./src/Hardware/IoPorts.o (AttachPinInterrupt(unsigned char, void (*)(CallbackParameter) noexcept, InterruptMode, CallbackParameter, bool))
C:\Eclipse\Firmware-3.6\CoreN2G\SAMC21_CAN_RTOS\libCoreN2G.a(.)
                              ./src/Movement/DriveMovement.o (__atomic_fetch_add_4)
C:\Eclipse\Firmware-3.6\CoreN2G\SAMC21_CAN_RTOS\libCoreN2G.a(./src/CanDevice.o)
                              ./src/CAN/CanInterface.o (CanDevice::Init(unsigned int, unsigned int, CanDevice::Config const&, unsigned long*, CanTiming const&, void (*)(unsigned char, CanId, unsigned short) noexcept))
C:\Eclipse\Firmware-3.6\CoreN2G\SAMC21_CAN_RTOS\libCoreN2G.a(.)
                              ./src/Platform/Platform.o (DelayCycles)
C:\Eclipse\Firmware-3.6\CoreN2G\SAMC21_CAN_RTOS\libCoreN2G.a(./src/UniqueIdBase.o)
                              ./src/Platform/Platform.o (UniqueIdBase::Clear())
C:\Eclipse\Firmware-3.6\CoreN2G\SAMC21_CAN_RTOS\libCoreN2G.a(./src/SAME5x_C21/SAMC21/hal/src/hal_flash.o)
                              C:\Eclipse\Firmware-3.6\CoreN2G\SAMC21_CAN_RTOS\libCoreN2G.a(./src/SAME5x_C21/Flash.o) (flash_init)
C:\Eclipse\Firmware-3.6\CANlib\SAMC21_RTOS\libCANlib.a(./src/CanMessageBuffer.o)
                              ./src/CAN/CanInterface.o (CanMessageBuffer::Init(unsigned int))
C:\Eclipse\Firmware-3.6\CANlib\SAMC21_RTOS\libCANlib.a(./src/CanMessageGenericParser.o)
                              ./src/Movement/Move.o (CanMessageGenericParser::GetStringParam(char, StringRef const&) const)
C:\Eclipse\Firmware-3.6\CANlib\SAMC21_RTOS\libCANlib.a(./src/CanSettings.o)
                              ./src/CAN/CanInterface.o (CanUserAreaData::SetCanAddress(unsigned char))
C:\Eclipse\Firmware-3.6\RRFLibraries\SAMC21_RTOS\libRRFLibraries.a(./src/RTOSIface/RTOSIface.o)
                              ./src/Platform/Tasks.o (Mutex::Create(char const*))
C:\Eclipse\Firmware-3.6\RRFLibraries\SAMC21_RTOS\libRRFLibraries.a(./src/General/SafeStrtod.o)
                              ./src/Heating/Sensors/AdditionalOutputSensor.o (StrToU32(char const*, char const**))
C:\Eclipse\Firmware-3.6\RRFLibraries\SAMC21_RTOS\libRRFLibraries.a(./src/General/SafeVsnprintf.o)
                              ./src/RepRapFirmware.o (vuprintf(function_ref_noexcept<bool (char) noexcept>, char const*, std::__va_list))
C:\Eclipse\Firmware-3.6\RRFLibraries\SAMC21_RTOS\libRRFLibraries.a(./src/General/StringFunctions.o)
                              ./src/Heating/Heat.o (StringEqualsIgnoreCase(char const*, char const*))
C:\Eclipse\Firmware-3.6\RRFLibraries\SAMC21_RTOS\libRRFLibraries.a(./src/General/StringRef.o)
                              ./src/Hardware/IoPorts.o (StringRef::strlen() const)
C:\Eclipse\Firmware-3.6\RRFLibraries\SAMC21_RTOS\libRRFLibraries.a(./src/General/Strnlen.o)
                              ./src/Platform/Tasks.o (Strnlen(char const*, unsigned int))
C:\Eclipse\Firmware-3.6\RRFLibraries\SAMC21_RTOS\libRRFLibraries.a(./src/General/NumericConverter.o)
[...]
Memory Configuration

Name             Origin             Length             Attributes
rom              0x00004000         0x0003c000         xr
ram              0x20000000         0x00008000         xrw
*default*        0x00000000         0xffffffff

Linker script and memory map

LOAD C:/Program Files (x86)/Arm GNU Toolchain arm-none-eabi/13.2 Rel1/bin/../lib/gcc/arm-none-eabi/13.2.1/thumb/v6-m/nofp/crti.o
LOAD C:/Program Files (x86)/Arm GNU Toolchain arm-none-eabi/13.2 Rel1/bin/../lib/gcc/arm-none-eabi/13.2.1/thumb/v6-m/nofp/crtbegin.o
LOAD C:/Program Files (x86)/Arm GNU Toolchain arm-none-eabi/13.2 Rel1/bin/../lib/gcc/arm-none-eabi/13.2.1/thumb/v6-m/nofp/crt0.o
LOAD ./src/libc/errno.o
LOAD ./src/libc/nano-mallocr.o
LOAD ./src/Platform/Platform.o
LOAD ./src/Platform/Tasks.o
LOAD ./src/Movement/StepperDrivers/DriverMode.o
LOAD ./src/Movement/StepperDrivers/TMC22xx.o
LOAD ./src/Movement/StepperDrivers/TMC51xx.o
LOAD ./src/Movement/AxisShaper.o
LOAD ./src/Movement/DriveMovement.o
LOAD ./src/Movement/ExtruderShaper.o
LOAD ./src/Movement/Move.o
LOAD ./src/Movement/MoveSegment.o
LOAD ./src/Movement/StepTimer.o
LOAD ./src/LedStrips/LedStripBase.o
LOAD ./src/LedStrips/LedStripManager.o
LOAD ./src/LedStrips/LocalLedStrip.o
LOAD ./src/LedStrips/NeoPixelLedStrip.o
LOAD ./src/InputMonitors/InputMonitor.o
LOAD ./src/Heating/Sensors/AdcSensorADS131A02.o
LOAD ./src/Heating/Sensors/AdditionalOutputSensor.o
LOAD ./src/Heating/Sensors/BME280.o
LOAD ./src/Heating/Sensors/CpuTemperatureSensor.o
LOAD ./src/Heating/Sensors/CurrentLoopTemperatureSensor.o
LOAD ./src/Heating/Sensors/DhtSensor.o
LOAD ./src/Heating/Sensors/LinearAnalogSensor.o
LOAD ./src/Heating/Sensors/RemoteSensor.o
LOAD ./src/Heating/Sensors/RtdSensor31865.o
LOAD ./src/Heating/Sensors/SensorWithPort.o
LOAD ./src/Heating/Sensors/SpiTemperatureSensor.o
LOAD ./src/Heating/Sensors/TemperatureSensor.o
LOAD ./src/Heating/Sensors/Thermistor.o
LOAD ./src/Heating/Sensors/ThermocoupleSensor31855.o
LOAD ./src/Heating/Sensors/ThermocoupleSensor31856.o
LOAD ./src/Heating/Sensors/TmcDriverTemperatureSensor.o
LOAD ./src/Heating/FOPDT.o
LOAD ./src/Heating/Heat.o
LOAD ./src/Heating/Heater.o
LOAD ./src/Heating/HeaterMonitor.o
LOAD ./src/Heating/LocalHeater.o
LOAD ./src/Hardware/SAME5x_C21/SAME5x/Devices.o
LOAD ./src/Hardware/SAME5x_C21/SAME5x/EEPROM.o
LOAD ./src/Hardware/SAME5x_C21/SAME5x/Main.o
LOAD ./src/Hardware/SAME5x_C21/SAMC21/Devices.o
LOAD ./src/Hardware/SAME5x_C21/SAMC21/EEPROM.o
LOAD ./src/Hardware/SAME5x_C21/SAMC21/Main.o
LOAD ./src/Hardware/SAME5x_C21/SharedI2CMaster.o
LOAD ./src/Hardware/SAME5x_C21/SharedSpiDevice.o
LOAD ./src/Hardware/RP2040/Devices.o
LOAD ./src/Hardware/RP2040/Main.o
LOAD ./src/Hardware/RP2040/SharedSpiDevice.o
LOAD ./src/Hardware/RP2040/boot2_w25q080_2_padded_checksum.o
LOAD ./src/Hardware/ATEIO/ExtendedAnalog.o
LOAD ./src/Hardware/AS5601.o
LOAD ./src/Hardware/ExceptionHandlers.o
LOAD ./src/Hardware/IoPorts.o
LOAD ./src/Hardware/LDC1612.o
LOAD ./src/Hardware/LISAccelerometer.o
LOAD ./src/Hardware/NonVolatileMemory.o
LOAD ./src/Hardware/SharedI2CClient.o
LOAD ./src/Hardware/SharedSpiClient.o
LOAD ./src/Hardware/SoftwareReset.o
LOAD ./src/Hardware/TCA6408A.o
LOAD ./src/GPIO/GpioPorts.o
LOAD ./src/FilamentMonitors/Duet3DFilamentMonitor.o
LOAD ./src/FilamentMonitors/FilamentMonitor.o
LOAD ./src/FilamentMonitors/LaserFilamentMonitor.o
LOAD ./src/FilamentMonitors/PulsedFilamentMonitor.o
LOAD ./src/FilamentMonitors/RotatingMagnetFilamentMonitor.o
LOAD ./src/FilamentMonitors/SimpleFilamentMonitor.o
LOAD ./src/Fans/Fan.o
LOAD ./src/Fans/FansManager.o
LOAD ./src/Fans/LocalFan.o
LOAD ./src/CommandProcessing/AccelerometerHandler.o
LOAD ./src/CommandProcessing/CommandProcessor.o
LOAD ./src/CommandProcessing/CustomCommandHandler.o
LOAD ./src/CommandProcessing/MFMHandler.o
LOAD ./src/CommandProcessing/ScanningSensorHandler.o
LOAD ./src/ClosedLoop/Encoders/AS5047D.o
LOAD ./src/ClosedLoop/Encoders/AbsoluteRotaryEncoder.o
LOAD ./src/ClosedLoop/Encoders/Encoder.o
LOAD ./src/ClosedLoop/Encoders/LinearCompositeEncoder.o
LOAD ./src/ClosedLoop/Encoders/QuadratureEncoderAttiny.o
LOAD ./src/ClosedLoop/Encoders/QuadratureEncoderPdec.o
LOAD ./src/ClosedLoop/Encoders/RelativeEncoder.o
LOAD ./src/ClosedLoop/Encoders/SpiEncoder.o
LOAD ./src/ClosedLoop/Encoders/TLI5012B.o
LOAD ./src/ClosedLoop/ClosedLoop.o
LOAD ./src/ClosedLoop/SampleBuffer.o
LOAD ./src/ClosedLoop/Tuning.o
LOAD ./src/CAN/CanInterface.o
LOAD ./src/CAN/CanMessageQueue.o
LOAD ./src/RepRapFirmware.o
LOAD ./src/Version.o
LOAD C:\Eclipse\Firmware-3.6\Qfplib-M0-full\SAMC21\libQfplib-M0-full.a
LOAD C:\Eclipse\Firmware-3.6\CoreN2G\SAMC21_CAN_RTOS\libCoreN2G.a
LOAD C:\Eclipse\Firmware-3.6\CANlib\SAMC21_RTOS\libCANlib.a
LOAD C:\Eclipse\Firmware-3.6\RRFLibraries\SAMC21_RTOS\libRRFLibraries.a
LOAD C:\Eclipse\Firmware-3.6\FreeRTOS\SAMC21\libFreeRTOS.a
LOAD C:/Program Files (x86)/Arm GNU Toolchain arm-none-eabi/13.2 Rel1/bin/../lib/gcc/arm-none-eabi/13.2.1/thumb/v6-m/nofp\libstdc++_nano.a
LOAD C:/Program Files (x86)/Arm GNU Toolchain arm-none-eabi/13.2 Rel1/bin/../lib/gcc/arm-none-eabi/13.2.1/thumb/v6-m/nofp\libm.a
START GROUP
LOAD C:/Program Files (x86)/Arm GNU Toolchain arm-none-eabi/13.2 Rel1/bin/../lib/gcc/arm-none-eabi/13.2.1/thumb/v6-m/nofp\libgcc.a
LOAD C:/Program Files (x86)/Arm GNU Toolchain arm-none-eabi/13.2 Rel1/bin/../lib/gcc/arm-none-eabi/13.2.1/thumb/v6-m/nofp\libc_nano.a
END GROUP
START GROUP
LOAD C:/Program Files (x86)/Arm GNU Toolchain arm-none-eabi/13.2 Rel1/bin/../lib/gcc/arm-none-eabi/13.2.1/thumb/v6-m/nofp\libgcc.a
LOAD C:/Program Files (x86)/Arm GNU Toolchain arm-none-eabi/13.2 Rel1/bin/../lib/gcc/arm-none-eabi/13.2.1/thumb/v6-m/nofp\libc_nano.a
END GROUP
LOAD C:/Program Files (x86)/Arm GNU Toolchain arm-none-eabi/13.2 Rel1/bin/../lib/gcc/arm-none-eabi/13.2.1/thumb/v6-m/nofp/crtend.o
LOAD C:/Program Files (x86)/Arm GNU Toolchain arm-none-eabi/13.2 Rel1/bin/../lib/gcc/arm-none-eabi/13.2.1/thumb/v6-m/nofp/crtn.o

.text           0x00004000    0x1bc64
                0x00004000                        . = ALIGN (0x4)
                0x00004000                        _sfixed = .
 *(.vectors .vectors.*)
 .vectors       0x00004000       0xbc C:\Eclipse\Firmware-3.6\CoreN2G\SAMC21_CAN_RTOS\libCoreN2G.a(./src/SAME5x_C21/SAMC21/Vectors.o)
                0x00004000                exception_table
 *(.text .text.* .gnu.linkonce.t.*)
 .text.deregister_tm_clones
                0x000040bc       0x20 C:/Program Files (x86)/Arm GNU Toolchain arm-none-eabi/13.2 Rel1/bin/../lib/gcc/arm-none-eabi/13.2.1/thumb/v6-m/nofp/crtbegin.o
 .text.register_tm_clones
                0x000040dc       0x28 C:/Program Files (x86)/Arm GNU Toolchain arm-none-eabi/13.2 Rel1/bin/../lib/gcc/arm-none-eabi/13.2.1/thumb/v6-m/nofp/crtbegin.o
 .text.__do_global_dtors_aux
                0x00004104       0x2c C:/Program Files (x86)/Arm GNU Toolchain arm-none-eabi/13.2 Rel1/bin/../lib/gcc/arm-none-eabi/13.2.1/thumb/v6-m/nofp/crtbegin.o
 .text.frame_dummy
                0x00004130       0x24 C:/Program Files (x86)/Arm GNU Toolchain arm-none-eabi/13.2 Rel1/bin/../lib/gcc/arm-none-eabi/13.2.1/thumb/v6-m/nofp/crtbegin.o
 .text.__errno  0x00004154        0xc ./src/libc/errno.o
                0x00004154                __errno
 .text.malloc   0x00004160      0x14c ./src/libc/nano-mallocr.o
                0x00004160                malloc
 .text.free     0x000042ac       0xc0 ./src/libc/nano-mallocr.o
                0x000042ac                free
 .text._ZN15AveragingFilterILj8EE22CallbackFeedIntoFilterE17CallbackParameterm
                0x0000436c       0x38 ./src/Platform/Platform.o
                0x0000436c                AveragingFilter<8u>::CallbackFeedIntoFilter(CallbackParameter, unsigned long)
 .text.startup._ZNV15AveragingFilterILj8EE4InitEt.constprop.0
                0x000043a4       0x28 ./src/Platform/Platform.o
 .text._ZN8PlatformL11ShutdownAllEv
                0x000043cc       0x28 ./src/Platform/Platform.o
 .text._ZN8Platform8WriteLedEhb
                0x000043f4       0x18 ./src/Platform/Platform.o
                0x000043f4                Platform::WriteLed(unsigned char, bool)
 .text._ZN8Platform4InitEv
                0x0000440c      0x20c ./src/Platform/Platform.o
                0x0000440c                Platform::Init()
 .text._ZN8Platform11InitMinimalEv
                0x00004618       0xf8 ./src/Platform/Platform.o
                0x00004618                Platform::InitMinimal()
 .text._ZN8Platform11SpinMinimalEv
                0x00004710       0x74 ./src/Platform/Platform.o
                0x00004710                Platform::SpinMinimal()
 .text._ZN8Platform4SpinEv
                0x00004784      0x2cc ./src/Platform/Platform.o
                0x00004784                Platform::Spin()
 .text._ZN8Platform23GetAveragingFilterIndexERK6IoPort
                0x00004a50        0xc ./src/Platform/Platform.o
                0x00004a50                Platform::GetAveragingFilterIndex(IoPort const&)
 .text._ZN8Platform20InitThermistorFilterERK6IoPort
                0x00004a5c       0x54 ./src/Platform/Platform.o
                0x00004a5c                Platform::InitThermistorFilter(IoPort const&)
 .text._ZN8Platform12GetAdcFilterEj
                0x00004ab0       0x10 ./src/Platform/Platform.o
                0x00004ab0                Platform::GetAdcFilter(unsigned int)
 .text._ZN8Platform18GetMcuTemperaturesEv
                0x00004ac0        0x8 ./src/Platform/Platform.o
                0x00004ac0                Platform::GetMcuTemperatures()
 .text._ZN8Platform20KickHeatTaskWatchdogEv
                0x00004ac8        0xc ./src/Platform/Platform.o
                0x00004ac8                Platform::KickHeatTaskWatchdog()
 .text._ZN8Platform5DebugE6Module
                0x00004ad4       0x14 ./src/Platform/Platform.o
                0x00004ad4                Platform::Debug(Module)
 .text._ZN8Platform17ProcessRemoteM111ERK17CanMessageGenericRK9StringRef
                0x00004ae8      0x138 ./src/Platform/Platform.o
                0x00004ae8                Platform::ProcessRemoteM111(CanMessageGeneric const&, StringRef const&)
 .text._ZN8Platform11GetUniqueIdEv
                0x00004c20        0x8 ./src/Platform/Platform.o
                0x00004c20                Platform::GetUniqueId()
 .text._ZN8Platform4TickEv
                0x00004c28       0x10 ./src/Platform/Platform.o
                0x00004c28                Platform::Tick()
 .text._ZN8Platform19StartFirmwareUpdateEv
                0x00004c38       0x1c ./src/Platform/Platform.o
                0x00004c38                Platform::StartFirmwareUpdate()
 .text._ZN8Platform21StartBootloaderUpdateEv
                0x00004c54       0x1c ./src/Platform/Platform.o
                0x00004c54                Platform::StartBootloaderUpdate()
 .text._ZN8Platform10StartResetEv
                0x00004c70       0x1c ./src/Platform/Platform.o
                0x00004c70                Platform::StartReset()
 .text._ZN8Platform13EmergencyStopEv
                0x00004c8c       0x1c ./src/Platform/Platform.o
                0x00004c8c                Platform::EmergencyStop()
 .text._ZN8Platform22OnProcessingCanMessageEv
                0x00004ca8       0x18 ./src/Platform/Platform.o
                0x00004ca8                Platform::OnProcessingCanMessage()
 .text._ZN8Platform16DoDiagnosticTestERK24CanMessageDiagnosticTestRK9StringRef
                0x00004cc0      0x324 ./src/Platform/Platform.o
                0x00004cc0                Platform::DoDiagnosticTest(CanMessageDiagnosticTest const&, StringRef const&)
 .text._ZN8Platform18WasDeliberateErrorEv
                0x00004fe4        0xc ./src/Platform/Platform.o
                0x00004fe4                Platform::WasDeliberateError()
 .text._ZN8Platform16GetPowerVoltagesEb
                0x00004ff0       0x68 ./src/Platform/Platform.o
                0x00004ff0                Platform::GetPowerVoltages(bool)
 .text._ZN8Platform20GetCurrentVinVoltageEv
                0x00005058       0x1c ./src/Platform/Platform.o
                0x00005058                Platform::GetCurrentVinVoltage()
 .text._ZN8Platform29AppendBoardAndFirmwareDetailsERK9StringRef
                0x00005074       0x20 ./src/Platform/Platform.o
                0x00005074                Platform::AppendBoardAndFirmwareDetails(StringRef const&)
 .text._ZN8Platform17AppendDiagnosticsERK9StringRef
                0x00005094       0x50 ./src/Platform/Platform.o
                0x00005094                Platform::AppendDiagnostics(StringRef const&)
 .text.startup._GLOBAL__sub_I__ZN8Platform8uniqueIdE
                0x000050e4       0x2c ./src/Platform/Platform.o
 .text.MainTask
                0x00005110       0x38 ./src/Platform/Tasks.o
                0x00005110                MainTask
 .text._ZN4TaskILj50EED2Ev
                0x00005148        0xc ./src/Platform/Tasks.o
                0x00005148                Task<50u>::~Task()
                0x00005148                Task<50u>::~Task()
 .text.UpdateBootloaderTask
                0x00005154      0x43c ./src/Platform/Tasks.o
                0x00005154                UpdateBootloaderTask
 .text._sbrk    0x00005590       0x24 ./src/Platform/Tasks.o
                0x00005590                _sbrk
 .text.unlikely.abort
                0x000055b4        0x2 ./src/Platform/Tasks.o
                0x000055b4                abort
 *fill*         0x000055b6        0x2 
 .text.__register_exitproc
                0x000055b8        0x4 ./src/Platform/Tasks.o
                0x000055b8                __register_exitproc
 .text.vApplicationGetIdleTaskMemory
                0x000055bc       0x14 ./src/Platform/Tasks.o
                0x000055bc                vApplicationGetIdleTaskMemory
 .text.GetMallocMutex
                0x000055d0       0x1c ./src/Platform/Tasks.o
                0x000055d0                GetMallocMutex
 .text.ReleaseMallocMutex
                0x000055ec       0x18 ./src/Platform/Tasks.o
                0x000055ec                ReleaseMallocMutex
 .text._ZN5Tasks12GetNVMBufferEPKm
                0x00005604       0x28 ./src/Platform/Tasks.o
                0x00005604                Tasks::GetNVMBuffer(unsigned long const*)
 .text._Z7AppMainv
                0x0000562c      0x1b0 ./src/Platform/Tasks.o
                0x0000562c                AppMain()
 .text._ZN5Tasks15GetNeverUsedRamEv
                0x000057dc       0x14 ./src/Platform/Tasks.o
                0x000057dc                Tasks::GetNeverUsedRam()
 .text.TaskGetRunTimeTicks
                0x000057f0       0x28 ./src/Platform/Tasks.o
                0x000057f0                TaskGetRunTimeTicks
 .text.TaskResetRunTimeCounter
                0x00005818       0x48 ./src/Platform/Tasks.o
                0x00005818                TaskResetRunTimeCounter
 .text._ZN5Tasks11DiagnosticsERK9StringRef
                0x00005860      0x2d4 ./src/Platform/Tasks.o
                0x00005860                Tasks::Diagnostics(StringRef const&)
 .text._ZN5Tasks14AllocPermanentEjSt11align_val_t
                0x00005b34       0x38 ./src/Platform/Tasks.o
                0x00005b34                Tasks::AllocPermanent(unsigned int, std::align_val_t)
 .text.vApplicationTickHook
                0x00005b6c       0x1c ./src/Platform/Tasks.o
                0x00005b6c                vApplicationTickHook
 .text._ZN5Tasks8DoDivideEmm
                0x00005b88        0x8 ./src/Platform/Tasks.o
                0x00005b88                Tasks::DoDivide(unsigned long, unsigned long)
 .text._ZN5Tasks12DoMemoryLeakEv
                0x00005b90       0x38 ./src/Platform/Tasks.o
                0x00005b90                Tasks::DoMemoryLeak()
 .text._ZN5Tasks12DoMemoryReadEPKm
                0x00005bc8        0x4 ./src/Platform/Tasks.o
                0x00005bc8                Tasks::DoMemoryRead(unsigned long const*)
 .text._Z18MessageBufferAllocjSt11align_val_t
                0x00005bcc       0x38 ./src/Platform/Tasks.o
                0x00005bcc                MessageBufferAlloc(unsigned int, std::align_val_t)
 .text.startup._GLOBAL__sub_I_sysStackLimit
                0x00005c04       0x3c ./src/Platform/Tasks.o
 .text._ZN10AxisShaperC2Ev
                0x00005c40       0x10 ./src/Movement/AxisShaper.o
                0x00005c40                AxisShaper::AxisShaper()
                0x00005c40                AxisShaper::AxisShaper()
 .text._ZN10AxisShaper18EutSetInputShapingERK28CanMessageSetInputShapingNewjRK9StringRef
                0x00005c50      0x134 ./src/Movement/AxisShaper.o
                0x00005c50                AxisShaper::EutSetInputShaping(CanMessageSetInputShapingNew const&, unsigned int, StringRef const&)
 .text._ZN9StepTimer21GetMovementTimerTicksEv
                0x00005d84       0x1c ./src/Movement/DriveMovement.o
                0x00005d84                StepTimer::GetMovementTimerTicks()
 .text._ZN13DriveMovement4InitEj
                0x00005da0       0x34 ./src/Movement/DriveMovement.o
                0x00005da0                DriveMovement::Init(unsigned int)
 .text._ZN13DriveMovement12LogStepErrorEhfPK11MoveSegment
                0x00005dd4       0x58 ./src/Movement/DriveMovement.o
                0x00005dd4                DriveMovement::LogStepError(unsigned char, float, MoveSegment const*)
 .text._ZN13DriveMovement20ScheduleFirstSegmentEv
                0x00005e2c       0x38 ./src/Movement/DriveMovement.o
                0x00005e2c                DriveMovement::ScheduleFirstSegment()
 .text._ZN13DriveMovement20StopDriverFromRemoteEv
                0x00005e64       0x1c ./src/Movement/DriveMovement.o
                0x00005e64                DriveMovement::StopDriverFromRemote()
 .text._ZN4Move12SetDirectionEb
                0x00005e80       0x5c ./src/Movement/Move.o
                0x00005e80                Move::SetDirection(bool)
 .text._ZN4MoveC2Ev
                0x00005edc       0x70 ./src/Movement/Move.o
                0x00005edc                Move::Move()
                0x00005edc                Move::Move()
 .text._ZN4Move4InitEv
                0x00005f4c      0x198 ./src/Movement/Move.o
                0x00005f4c                Move::Init()
 .text._ZN4Move4SpinEb
                0x000060e4       0xe8 ./src/Movement/Move.o
                0x000060e4                Move::Spin(bool)
 .text._ZN4Move14EnableStepPinsEv
                0x000061cc       0x14 ./src/Movement/Move.o
                0x000061cc                Move::EnableStepPins()
 .text._ZN4Move15DisableStepPinsEv
                0x000061e0       0x10 ./src/Movement/Move.o
                0x000061e0                Move::DisableStepPins()
 .text._ZN4Move12LogStepErrorEh
                0x000061f0       0x18 ./src/Movement/Move.o
                0x000061f0                Move::LogStepError(unsigned char)
 .text._ZN4Move17AppendDiagnosticsERK9StringRef
                0x00006208       0xfc ./src/Movement/Move.o
                0x00006208                Move::AppendDiagnostics(StringRef const&)
 .text._ZNK4Move21GetLastMoveStepsTakenEj
                0x00006304       0x10 ./src/Movement/Move.o
                0x00006304                Move::GetLastMoveStepsTaken(unsigned int) const
 .text._ZN4Move11StopDriversEt
                0x00006314       0x48 ./src/Movement/Move.o
                0x00006314                Move::StopDrivers(unsigned short)
 .text._ZN4Move10AddSegmentEP11MoveSegmentmmff13MovementFlagsf
                0x0000635c      0x3d8 ./src/Movement/Move.o
                0x0000635c                Move::AddSegment(MoveSegment*, unsigned long, unsigned long, float, float, MovementFlags, float)
 .text._ZN4Move23GetAccumulatedExtrusionEjRb
                0x00006734       0x40 ./src/Movement/Move.o
                0x00006734                Move::GetAccumulatedExtrusion(unsigned int, bool&)
 .text._ZNK4Move21ExtruderPrintingSinceEj
                0x00006774        0xc ./src/Movement/Move.o
                0x00006774                Move::ExtruderPrintingSince(unsigned int) const
 .text._ZN4Move18SetDriveStepsPerMmEjf
                0x00006780        0x8 ./src/Movement/Move.o
                0x00006780                Move::SetDriveStepsPerMm(unsigned int, float)
 .text._ZN4Move11EnableDriveEj
                0x00006788       0xcc ./src/Movement/Move.o
                0x00006788                Move::EnableDrive(unsigned int)
 .text._ZN4Move17AddLinearSegmentsEjmRK10PrepParamsf13MovementFlagsb
                0x00006854      0x7f8 ./src/Movement/Move.o
                0x00006854                Move::AddLinearSegments(unsigned int, unsigned long, PrepParams const&, float, MovementFlags, bool)
 .text._ZN4Move7AddMoveERK30CanMessageMovementLinearShaped
                0x0000704c      0x218 ./src/Movement/Move.o
                0x0000704c                Move::AddMove(CanMessageMovementLinearShaped const&)
 .text._ZN4Move8TaskLoopEv
                0x00007264       0x6c ./src/Movement/Move.o
                0x00007264                Move::TaskLoop()
 .text.MoveLoop
                0x000072d0        0x8 ./src/Movement/Move.o
                0x000072d0                MoveLoop
 .text._ZN4Move12DisableDriveEj
                0x000072d8       0xb8 ./src/Movement/Move.o
                0x000072d8                Move::DisableDrive(unsigned int)
 .text._ZN4Move13SetDriverIdleEjt
                0x00007390       0x5c ./src/Movement/Move.o
                0x00007390                Move::SetDriverIdle(unsigned int, unsigned short)
 .text._ZN4Move16DisableAllDrivesEv
                0x000073ec       0x84 ./src/Movement/Move.o
                0x000073ec                Move::DisableAllDrives()
 .text._ZN4Move17ProcessM569Point7ERK17CanMessageGenericRK9StringRef
                0x00007470      0x200 ./src/Movement/Move.o
                0x00007470                Move::ProcessM569Point7(CanMessageGeneric const&, StringRef const&)
 .text._ZN4Move16SetMotorCurrentsERK31CanMessageMultipleDrivesRequestIfEjRK9StringRef
                0x00007670       0x14 ./src/Movement/Move.o
                0x00007670                Move::SetMotorCurrents(CanMessageMultipleDrivesRequest<float> const&, unsigned int, StringRef const&)
 .text._ZN4Move26SetStandstillCurrentFactorERK31CanMessageMultipleDrivesRequestIfEjRK9StringRef
                0x00007684       0x14 ./src/Movement/Move.o
                0x00007684                Move::SetStandstillCurrentFactor(CanMessageMultipleDrivesRequest<float> const&, unsigned int, StringRef const&)
 .text._ZN4Move17SendDriversStatusER16CanMessageBuffer
                0x00007698       0x44 ./src/Movement/Move.o
                0x00007698                Move::SendDriversStatus(CanMessageBuffer&)
 .text._ZN4Move19SetDriverStepTimingEjPKf
                0x000076dc      0x124 ./src/Movement/Move.o
                0x000076dc                Move::SetDriverStepTiming(unsigned int, float const*)
 .text._ZN4Move11ProcessM569ERK17CanMessageGenericRK9StringRef
                0x00007800      0x214 ./src/Movement/Move.o
                0x00007800                Move::ProcessM569(CanMessageGeneric const&, StringRef const&)
 .text._ZN4Move24SetStallEndstopReportingERK28CanMessageEnableStallEndstopRK9StringRef
                0x00007a14       0x24 ./src/Movement/Move.o
                0x00007a14                Move::SetStallEndstopReporting(CanMessageEnableStallEndstop const&, StringRef const&)
 .text._ZN11MoveSegment8AllocateEPS_
                0x00007a38       0x44 ./src/Movement/MoveSegment.o
                0x00007a38                MoveSegment::Allocate(MoveSegment*)
 .text._ZN11MoveSegment10ReleaseAllEPS_
                0x00007a7c       0x28 ./src/Movement/MoveSegment.o
                0x00007a7c                MoveSegment::ReleaseAll(MoveSegment*)
 .text._ZNK11MoveSegment10DebugPrintEv
                0x00007aa4       0x84 ./src/Movement/MoveSegment.o
                0x00007aa4                MoveSegment::DebugPrint() const
 .text._ZN11MoveSegment14DebugPrintListEPKS_
                0x00007b28       0x9c ./src/Movement/MoveSegment.o
                0x00007b28                MoveSegment::DebugPrintList(MoveSegment const*)
 .text._ZN9StepTimer4InitEv
                0x00007bc4       0xb0 ./src/Movement/StepTimer.o
                0x00007bc4                StepTimer::Init()
 .text._ZN9StepTimer13GetTimerTicksEv
                0x00007c74       0x20 ./src/Movement/StepTimer.o
                0x00007c74                StepTimer::GetTimerTicks()
 .text._ZN9StepTimer35GetTimerTicksWhenInterruptsDisabledEv
                0x00007c94       0x18 ./src/Movement/StepTimer.o
                0x00007c94                StepTimer::GetTimerTicksWhenInterruptsDisabled()
 .text._ZN9StepTimer11CheckSyncedEv
                0x00007cac       0x44 ./src/Movement/StepTimer.o
                0x00007cac                StepTimer::CheckSynced()
 .text._ZN9StepTimer8IsSyncedEv
                0x00007cf0       0x14 ./src/Movement/StepTimer.o
                0x00007cf0                StepTimer::IsSynced()
 .text._ZN9StepTimer22ProcessTimeSyncMessageERK18CanMessageTimeSyncjt
                0x00007d04      0x22c ./src/Movement/StepTimer.o
                0x00007d04                StepTimer::ProcessTimeSyncMessage(CanMessageTimeSync const&, unsigned int, unsigned short)
 .text._ZN9StepTimer11DiagnosticsERK9StringRef
                0x00007f30       0xe0 ./src/Movement/StepTimer.o
                0x00007f30                StepTimer::Diagnostics(StringRef const&)
 .text._ZNK12LedStripBase11GetTypeTextEv
                0x00008010       0x24 ./src/LedStrips/LedStripBase.o
                0x00008010                LedStripBase::GetTypeText() const
 .text._ZN15LedStripManager13HandleM950LedERK17CanMessageGenericRK9StringRefRh
                0x00008034      0x140 ./src/LedStrips/LedStripManager.o
                0x00008034                LedStripManager::HandleM950Led(CanMessageGeneric const&, StringRef const&, unsigned char&)
 .text._ZN15LedStripManager19HandleLedSetColoursERK17CanMessageGenericRK9StringRef
                0x00008174       0x94 ./src/LedStrips/LedStripManager.o
                0x00008174                LedStripManager::HandleLedSetColours(CanMessageGeneric const&, StringRef const&)
 .text.startup._GLOBAL__sub_I__ZN15LedStripManager7ledLockE
                0x00008208       0x18 ./src/LedStrips/LedStripManager.o
 .text._ZNK13LocalLedStrip16MustStopMovementEv
                0x00008220        0x4 ./src/LedStrips/LocalLedStrip.o
                0x00008220                LocalLedStrip::MustStopMovement() const
 .text._ZN13LocalLedStripC2E12LedStripTypem
                0x00008224       0x2c ./src/LedStrips/LocalLedStrip.o
                0x00008224                LocalLedStrip::LocalLedStrip(LedStripType, unsigned long)
                0x00008224                LocalLedStrip::LocalLedStrip(LedStripType, unsigned long)
 .text._ZN13LocalLedStripD2Ev
                0x00008250       0x24 ./src/LedStrips/LocalLedStrip.o
                0x00008250                LocalLedStrip::~LocalLedStrip()
                0x00008250                LocalLedStrip::~LocalLedStrip()
 .text._ZN13LocalLedStrip15CommonConfigureER23CanMessageGenericParserRK9StringRefRbRh
                0x00008274       0xa0 ./src/LedStrips/LocalLedStrip.o
                0x00008274                LocalLedStrip::CommonConfigure(CanMessageGenericParser&, StringRef const&, bool&, unsigned char&)
 .text._ZN13LocalLedStrip19CommonReportDetailsERK9StringRef
                0x00008314       0x54 ./src/LedStrips/LocalLedStrip.o
                0x00008314                LocalLedStrip::CommonReportDetails(StringRef const&)
 .text._ZN13LocalLedStrip9LedParams13GetM150ParamsER23CanMessageGenericParser
                0x00008368       0x90 ./src/LedStrips/LocalLedStrip.o
                0x00008368                LocalLedStrip::LedParams::GetM150Params(CanMessageGenericParser&)
 .text._ZN13LocalLedStrip9LedParams15ApplyBrightnessEv
                0x000083f8       0x30 ./src/LedStrips/LocalLedStrip.o
                0x000083f8                LocalLedStrip::LedParams::ApplyBrightness()
 .text._ZNK16NeoPixelLedStrip14GetBytesPerLedEv
                0x00008428        0x8 ./src/LedStrips/NeoPixelLedStrip.o
                0x00008428                NeoPixelLedStrip::GetBytesPerLed() const
 .text._ZN16NeoPixelLedStrip9ConfigureER23CanMessageGenericParserRK9StringRefRh
                0x00008430       0x30 ./src/LedStrips/NeoPixelLedStrip.o
                0x00008430                NeoPixelLedStrip::Configure(CanMessageGenericParser&, StringRef const&, unsigned char&)
 .text._ZN16NeoPixelLedStripD2Ev
                0x00008460       0x14 ./src/LedStrips/NeoPixelLedStrip.o
                0x00008460                NeoPixelLedStrip::~NeoPixelLedStrip()
                0x00008460                NeoPixelLedStrip::~NeoPixelLedStrip()
 .text._ZN16NeoPixelLedStripD0Ev
                0x00008474       0x1c ./src/LedStrips/NeoPixelLedStrip.o
                0x00008474                NeoPixelLedStrip::~NeoPixelLedStrip()
 .text._ZN16NeoPixelLedStripC2Eb
                0x00008490       0x34 ./src/LedStrips/NeoPixelLedStrip.o
                0x00008490                NeoPixelLedStrip::NeoPixelLedStrip(bool)
                0x00008490                NeoPixelLedStrip::NeoPixelLedStrip(bool)
 .text._ZN16NeoPixelLedStrip10HandleM150ER23CanMessageGenericParserRK9StringRef
                0x000084c4       0xd4 ./src/LedStrips/NeoPixelLedStrip.o
                0x000084c4                NeoPixelLedStrip::HandleM150(CanMessageGenericParser&, StringRef const&)
 .text._ZN12InputMonitor25CommonAnalogPortInterruptE17CallbackParameterm
                0x00008598       0x28 ./src/InputMonitors/InputMonitor.o
                0x00008598                InputMonitor::CommonAnalogPortInterrupt(CallbackParameter, unsigned long)
 .text._ZN12InputMonitor8ActivateEv.part.0
                0x000085c0       0x70 ./src/InputMonitors/InputMonitor.o
 .text._ZN12InputMonitor26CommonDigitalPortInterruptE17CallbackParameter
                0x00008630       0x24 ./src/InputMonitors/InputMonitor.o
                0x00008630                InputMonitor::CommonDigitalPortInterrupt(CallbackParameter)
 .text._ZN12InputMonitor4InitEv
                0x00008654        0x4 ./src/InputMonitors/InputMonitor.o
                0x00008654                InputMonitor::Init()
 .text._ZN12InputMonitor6DeleteEt
                0x00008658       0x84 ./src/InputMonitors/InputMonitor.o
                0x00008658                InputMonitor::Delete(unsigned short)
 .text._ZN12InputMonitor6CreateERK31CanMessageCreateInputMonitorNewjRK9StringRefRh
                0x000086dc      0x158 ./src/InputMonitors/InputMonitor.o
                0x000086dc                InputMonitor::Create(CanMessageCreateInputMonitorNew const&, unsigned int, StringRef const&, unsigned char&)
 .text._ZN12InputMonitor6ChangeERK31CanMessageChangeInputMonitorNewRK9StringRefRh
                0x00008834      0x1d0 ./src/InputMonitors/InputMonitor.o
                0x00008834                InputMonitor::Change(CanMessageChangeInputMonitorNew const&, StringRef const&, unsigned char&)
 .text._ZN12InputMonitor15AddStateChangesEP25CanMessageInputChangedNew
                0x00008a04       0xf8 ./src/InputMonitors/InputMonitor.o
                0x00008a04                InputMonitor::AddStateChanges(CanMessageInputChangedNew*)
 .text._ZN12InputMonitor10ReadInputsEP16CanMessageBuffer
                0x00008afc      0x128 ./src/InputMonitors/InputMonitor.o
                0x00008afc                InputMonitor::ReadInputs(CanMessageBuffer*)
 .text._ZN12InputMonitor19AddAnalogHandleDataEPhj
                0x00008c24       0x70 ./src/InputMonitors/InputMonitor.o
                0x00008c24                InputMonitor::AddAnalogHandleData(unsigned char*, unsigned int)
 .text.startup._GLOBAL__sub_I__ZN12InputMonitor12monitorsListE
                0x00008c94       0x10 ./src/InputMonitors/InputMonitor.o
 .text._ZNK17TemperatureSensor23GetNumAdditionalOutputsEv
                0x00008ca4        0x4 ./src/Heating/Sensors/AdditionalOutputSensor.o
                0x00008ca4                TemperatureSensor::GetNumAdditionalOutputs() const
 .text._ZNK17TemperatureSensor28GetTemperatureReadingTimeoutEv
                0x00008ca8        0x8 ./src/Heating/Sensors/AdditionalOutputSensor.o
                0x00008ca8                TemperatureSensor::GetTemperatureReadingTimeout() const
 .text._ZNK17TemperatureSensor16AppendPinDetailsERK9StringRef
                0x00008cb0        0x4 ./src/Heating/Sensors/CpuTemperatureSensor.o
                0x00008cb0                TemperatureSensor::AppendPinDetails(StringRef const&) const
 .text._ZN20CpuTemperatureSensor4PollEv
                0x00008cb4       0x1c ./src/Heating/Sensors/CpuTemperatureSensor.o
                0x00008cb4                CpuTemperatureSensor::Poll()
 .text._ZN20CpuTemperatureSensorD2Ev
                0x00008cd0       0x14 ./src/Heating/Sensors/CpuTemperatureSensor.o
                0x00008cd0                CpuTemperatureSensor::~CpuTemperatureSensor()
                0x00008cd0                CpuTemperatureSensor::~CpuTemperatureSensor()
 .text._ZN20CpuTemperatureSensorD0Ev
                0x00008ce4       0x1c ./src/Heating/Sensors/CpuTemperatureSensor.o
                0x00008ce4                CpuTemperatureSensor::~CpuTemperatureSensor()
 .text._ZN20CpuTemperatureSensorUljE_4_FUNEj
                0x00008d00       0x24 ./src/Heating/Sensors/CpuTemperatureSensor.o
 .text.startup._GLOBAL__sub_I__ZN20CpuTemperatureSensor14typeDescriptorE
                0x00008d24       0x1c ./src/Heating/Sensors/CpuTemperatureSensor.o
 .text._ZN18LinearAnalogSensor4PollEv
                0x00008d40       0x60 ./src/Heating/Sensors/LinearAnalogSensor.o
                0x00008d40                LinearAnalogSensor::Poll()
 .text._ZN18LinearAnalogSensorD2Ev
                0x00008da0       0x14 ./src/Heating/Sensors/LinearAnalogSensor.o
                0x00008da0                LinearAnalogSensor::~LinearAnalogSensor()
                0x00008da0                LinearAnalogSensor::~LinearAnalogSensor()
 .text._ZN18LinearAnalogSensorD0Ev
                0x00008db4       0x1c ./src/Heating/Sensors/LinearAnalogSensor.o
                0x00008db4                LinearAnalogSensor::~LinearAnalogSensor()
 .text._ZN18LinearAnalogSensorUljE_4_FUNEj
                0x00008dd0       0x78 ./src/Heating/Sensors/LinearAnalogSensor.o
 .text._ZN18LinearAnalogSensor9ConfigureERK23CanMessageGenericParserRK9StringRef
                0x00008e48      0x15c ./src/Heating/Sensors/LinearAnalogSensor.o
                0x00008e48                LinearAnalogSensor::Configure(CanMessageGenericParser const&, StringRef const&)
 .text.startup._GLOBAL__sub_I__ZN18LinearAnalogSensor14typeDescriptorE
                0x00008fa4       0x1c ./src/Heating/Sensors/LinearAnalogSensor.o
 .text._ZN12RemoteSensor9ConfigureERK23CanMessageGenericParserRK9StringRef
                0x00008fc0        0x4 ./src/Heating/Sensors/RemoteSensor.o
                0x00008fc0                RemoteSensor::Configure(CanMessageGenericParser const&, StringRef const&)
 .text._ZNK12RemoteSensor15GetBoardAddressEv
                0x00008fc4        0x8 ./src/Heating/Sensors/RemoteSensor.o
                0x00008fc4                RemoteSensor::GetBoardAddress() const
 .text._ZN12RemoteSensor4PollEv
                0x00008fcc        0x4 ./src/Heating/Sensors/RemoteSensor.o
                0x00008fcc                RemoteSensor::Poll()
 .text._ZN12RemoteSensorD2Ev
                0x00008fd0       0x14 ./src/Heating/Sensors/RemoteSensor.o
                0x00008fd0                RemoteSensor::~RemoteSensor()
                0x00008fd0                RemoteSensor::~RemoteSensor()
 .text._ZN12RemoteSensorD0Ev
                0x00008fe4       0x1c ./src/Heating/Sensors/RemoteSensor.o
                0x00008fe4                RemoteSensor::~RemoteSensor()
 .text._ZN12RemoteSensor23UpdateRemoteTemperatureEhRK15CanSensorReport
                0x00009000       0x30 ./src/Heating/Sensors/RemoteSensor.o
                0x00009000                RemoteSensor::UpdateRemoteTemperature(unsigned char, CanSensorReport const&)
 .text._ZN12RemoteSensorC2Ejh
                0x00009030       0x20 ./src/Heating/Sensors/RemoteSensor.o
                0x00009030                RemoteSensor::RemoteSensor(unsigned int, unsigned char)
                0x00009030                RemoteSensor::RemoteSensor(unsigned int, unsigned char)
 .text._ZNK14SensorWithPort16AppendPinDetailsERK9StringRef
                0x00009050       0x20 ./src/Heating/Sensors/SensorWithPort.o
                0x00009050                SensorWithPort::AppendPinDetails(StringRef const&) const
 .text._ZN14SensorWithPortC2EjPKc
                0x00009070       0x1c ./src/Heating/Sensors/SensorWithPort.o
                0x00009070                SensorWithPort::SensorWithPort(unsigned int, char const*)
                0x00009070                SensorWithPort::SensorWithPort(unsigned int, char const*)
 .text._ZN14SensorWithPortD2Ev
                0x0000908c       0x28 ./src/Heating/Sensors/SensorWithPort.o
                0x0000908c                SensorWithPort::~SensorWithPort()
                0x0000908c                SensorWithPort::~SensorWithPort()
 .text._ZN14SensorWithPort13ConfigurePortERK23CanMessageGenericParserRK9StringRef9PinAccessRb
                0x000090b4       0x6c ./src/Heating/Sensors/SensorWithPort.o
                0x000090b4                SensorWithPort::ConfigurePort(CanMessageGenericParser const&, StringRef const&, PinAccess, bool&)
 .text._ZN17TemperatureSensor19GetAdditionalOutputERfh
                0x00009120       0x10 ./src/Heating/Sensors/TemperatureSensor.o
                0x00009120                TemperatureSensor::GetAdditionalOutput(float&, unsigned char)
 .text._ZN17TemperatureSensor25ConfigureAdditionalOutputERK23CanMessageGenericParserRK9StringRefRbh
                0x00009130        0x4 ./src/Heating/Sensors/TemperatureSensor.o
                0x00009130                TemperatureSensor::ConfigureAdditionalOutput(CanMessageGenericParser const&, StringRef const&, bool&, unsigned char)
 .text._ZN17TemperatureSensor32AppendAdditionalOutputParametersERK9StringRefh
                0x00009134        0x4 ./src/Heating/Sensors/TemperatureSensor.o
                0x00009134                TemperatureSensor::AppendAdditionalOutputParameters(StringRef const&, unsigned char)
 .text._ZN17TemperatureSensor23UpdateRemoteTemperatureEhRK15CanSensorReport
                0x00009138        0x4 ./src/Heating/Sensors/TemperatureSensor.o
                0x00009138                TemperatureSensor::UpdateRemoteTemperature(unsigned char, CanSensorReport const&)
 .text._ZNK17TemperatureSensor15GetBoardAddressEv
                0x0000913c        0x8 ./src/Heating/Sensors/TemperatureSensor.o
                0x0000913c                TemperatureSensor::GetBoardAddress() const
 .text._ZN17TemperatureSensor20SensorTypeDescriptorC2EPKcPDoFPS_jE
                0x00009144       0x14 ./src/Heating/Sensors/TemperatureSensor.o
                0x00009144                TemperatureSensor::SensorTypeDescriptor::SensorTypeDescriptor(char const*, TemperatureSensor* (*)(unsigned int) noexcept)
                0x00009144                TemperatureSensor::SensorTypeDescriptor::SensorTypeDescriptor(char const*, TemperatureSensor* (*)(unsigned int) noexcept)
 .text._ZN17TemperatureSensorC2EjPKc
                0x00009158       0x20 ./src/Heating/Sensors/TemperatureSensor.o
                0x00009158                TemperatureSensor::TemperatureSensor(unsigned int, char const*)
                0x00009158                TemperatureSensor::TemperatureSensor(unsigned int, char const*)
 .text._ZN17TemperatureSensorD2Ev
                0x00009178        0x4 ./src/Heating/Sensors/TemperatureSensor.o
                0x00009178                TemperatureSensor::~TemperatureSensor()
                0x00009178                TemperatureSensor::~TemperatureSensor()
 .text._ZN17TemperatureSensor20GetLatestTemperatureERf
                0x0000917c       0x48 ./src/Heating/Sensors/TemperatureSensor.o
                0x0000917c                TemperatureSensor::GetLatestTemperature(float&)
 .text._ZN17TemperatureSensor25ConfigureCommonParametersERK23CanMessageGenericParserRb
                0x000091c4       0x34 ./src/Heating/Sensors/TemperatureSensor.o
                0x000091c4                TemperatureSensor::ConfigureCommonParameters(CanMessageGenericParser const&, bool&)
 .text._ZNK17TemperatureSensor16CopyBasicDetailsERK9StringRef
                0x000091f8       0xd8 ./src/Heating/Sensors/TemperatureSensor.o
                0x000091f8                TemperatureSensor::CopyBasicDetails(StringRef const&) const
 .text._ZN17TemperatureSensor9ConfigureERK23CanMessageGenericParserRK9StringRef
                0x000092d0       0x4c ./src/Heating/Sensors/TemperatureSensor.o
                0x000092d0                TemperatureSensor::Configure(CanMessageGenericParser const&, StringRef const&)
 .text._ZN17TemperatureSensor9SetResultEf16TemperatureError
                0x0000931c       0x38 ./src/Heating/Sensors/TemperatureSensor.o
                0x0000931c                TemperatureSensor::SetResult(float, TemperatureError)
 .text._ZN17TemperatureSensor9SetResultE16TemperatureError
                0x00009354       0x20 ./src/Heating/Sensors/TemperatureSensor.o
                0x00009354                TemperatureSensor::SetResult(TemperatureError)
 .text._ZN17TemperatureSensor6CreateEjPKcRK9StringRef
                0x00009374       0x48 ./src/Heating/Sensors/TemperatureSensor.o
                0x00009374                TemperatureSensor::Create(unsigned int, char const*, StringRef const&)
 .text._ZN17TemperatureSensor19GetPT100TemperatureERft
                0x000093bc       0xb0 ./src/Heating/Sensors/TemperatureSensor.o
                0x000093bc                TemperatureSensor::GetPT100Temperature(float&, unsigned short)
 .text._ZN10ThermistorD2Ev
                0x0000946c       0x14 ./src/Heating/Sensors/Thermistor.o
                0x0000946c                Thermistor::~Thermistor()
                0x0000946c                Thermistor::~Thermistor()
 .text._ZN10ThermistorD0Ev
                0x00009480       0x1c ./src/Heating/Sensors/Thermistor.o
                0x00009480                Thermistor::~Thermistor()
 .text._ZN10ThermistorUljE0_4_FUNEj
                0x0000949c       0x64 ./src/Heating/Sensors/Thermistor.o
 .text._ZN10ThermistorUljE_4_FUNEj
                0x00009500       0x64 ./src/Heating/Sensors/Thermistor.o
 .text._ZN10Thermistor4PollEv
                0x00009564      0x1a4 ./src/Heating/Sensors/Thermistor.o
                0x00009564                Thermistor::Poll()
 .text._ZN10Thermistor9ConfigureERK23CanMessageGenericParserRK9StringRef
                0x00009708      0x21c ./src/Heating/Sensors/Thermistor.o
                0x00009708                Thermistor::Configure(CanMessageGenericParser const&, StringRef const&)
 .text.startup._GLOBAL__sub_I__ZN10Thermistor20thermistorDescriptorE
                0x00009924       0x30 ./src/Heating/Sensors/Thermistor.o
 .text._ZN5FopDt16CalcPidConstantsEf.part.0
                0x00009954       0xf8 ./src/Heating/FOPDT.o
 .text._ZN5FopDtC2Ev
                0x00009a4c       0x58 ./src/Heating/FOPDT.o
                0x00009a4c                FopDt::FopDt()
                0x00009a4c                FopDt::FopDt()
 .text._ZN5FopDt13SetParametersERK27CanMessageHeaterModelNewNewRK9StringRef
                0x00009aa4      0x230 ./src/Heating/FOPDT.o
                0x00009aa4                FopDt::SetParameters(CanMessageHeaterModelNewNew const&, StringRef const&)
 .text._ZN5FopDt16CalcPidConstantsEf
                0x00009cd4       0x10 ./src/Heating/FOPDT.o
                0x00009cd4                FopDt::CalcPidConstants(float)
 .text._ZNK5FopDt20CorrectPwmForVoltageEff
                0x00009ce4       0x6c ./src/Heating/FOPDT.o
                0x00009ce4                FopDt::CorrectPwmForVoltage(float, float) const
 .text._ZNK5FopDt22GetPwmCorrectionForFanEff
                0x00009d50       0x28 ./src/Heating/FOPDT.o
                0x00009d50                FopDt::GetPwmCorrectionForFan(float, float) const
 .text._ZNK5FopDt17GetNetHeatingRateEfff
                0x00009d78       0x7c ./src/Heating/FOPDT.o
                0x00009d78                FopDt::GetNetHeatingRate(float, float, float) const
 .text._ZNK5FopDt19EstimateRequiredPwmEff
                0x00009df4       0x68 ./src/Heating/FOPDT.o
                0x00009df4                FopDt::EstimateRequiredPwm(float, float) const
 .text._ZNK11LocalHeater7GetModeEv
                0x00009e5c        0x8 ./src/Heating/Heat.o
                0x00009e5c                LocalHeater::GetMode() const
 .text._ZN4HeatL17SendHeatersStatusER16CanMessageBuffer
                0x00009e64      0x134 ./src/Heating/Heat.o
 .text._ZN4Heat8TaskLoopEPv
                0x00009f98      0x458 ./src/Heating/Heat.o
                0x00009f98                Heat::TaskLoop(void*)
 .text._ZN4Heat4InitEv
                0x0000a3f0       0x68 ./src/Heating/Heat.o
                0x0000a3f0                Heat::Init()
 .text._ZN4Heat14ProcessM307NewERK27CanMessageHeaterModelNewNewRK9StringRef
                0x0000a458       0x60 ./src/Heating/Heat.o
                0x0000a458                Heat::ProcessM307New(CanMessageHeaterModelNewNew const&, StringRef const&)
 .text._ZN4Heat11ProcessM308ERK17CanMessageGenericRK9StringRef
                0x0000a4b8      0x248 ./src/Heating/Heat.o
                0x0000a4b8                Heat::ProcessM308(CanMessageGeneric const&, StringRef const&)
 .text._ZN4Heat17SetFaultDetectionERK43CanMessageSetHeaterFaultDetectionParametersRK9StringRef
                0x0000a700       0x6c ./src/Heating/Heat.o
                0x0000a700                Heat::SetFaultDetection(CanMessageSetHeaterFaultDetectionParameters const&, StringRef const&)
 .text._ZN4Heat17SetHeaterMonitorsERK27CanMessageSetHeaterMonitorsRK9StringRef
                0x0000a76c       0x6c ./src/Heating/Heat.o
                0x0000a76c                Heat::SetHeaterMonitors(CanMessageSetHeaterMonitors const&, StringRef const&)
 .text._ZN4Heat20GetSensorTemperatureEiR16TemperatureError
                0x0000a7d8       0x58 ./src/Heating/Heat.o
                0x0000a7d8                Heat::GetSensorTemperature(int, TemperatureError&)
 .text._ZN4Heat26ProcessRemoteSensorsReportEhRK28CanMessageSensorTemperatures
                0x0000a830      0x13c ./src/Heating/Heat.o
                0x0000a830                Heat::ProcessRemoteSensorsReport(unsigned char, CanMessageSensorTemperatures const&)
 .text._ZN4Heat12SwitchOffAllEv
                0x0000a96c       0x34 ./src/Heating/Heat.o
                0x0000a96c                Heat::SwitchOffAll()
 .text._ZN4Heat14SetTemperatureERK30CanMessageSetHeaterTemperatureRK9StringRef
                0x0000a9a0       0x60 ./src/Heating/Heat.o
                0x0000a9a0                Heat::SetTemperature(CanMessageSetHeaterTemperature const&, StringRef const&)
 .text._ZN4Heat13TuningCommandERK29CanMessageHeaterTuningCommandRK9StringRef
                0x0000aa00       0x94 ./src/Heating/Heat.o
                0x0000aa00                Heat::TuningCommand(CanMessageHeaterTuningCommand const&, StringRef const&)
 .text._ZN4Heat11FeedForwardERK30CanMessageHeaterFeedForwardNewRK9StringRef
                0x0000aa94       0x60 ./src/Heating/Heat.o
                0x0000aa94                Heat::FeedForward(CanMessageHeaterFeedForwardNew const&, StringRef const&)
 .text._ZN4Heat10FindSensorEi
                0x0000aaf4       0x3c ./src/Heating/Heat.o
                0x0000aaf4                Heat::FindSensor(int)
 .text._ZN4Heat19FindSensorAtOrAboveEj
                0x0000ab30       0x3c ./src/Heating/Heat.o
                0x0000ab30                Heat::FindSensorAtOrAbove(unsigned int)
 .text._ZN4Heat11DiagnosticsERK9StringRef
                0x0000ab6c       0x64 ./src/Heating/Heat.o
                0x0000ab6c                Heat::Diagnostics(StringRef const&)
 .text.startup._GLOBAL__sub_I__ZN4Heat15IsHeaterEnabledEj
                0x0000abd0       0x18 ./src/Heating/Heat.o
 .text._ZN4Heat15ConfigureHeaterERK17CanMessageGenericRK9StringRef
                0x0000abe8      0x164 ./src/Heating/Heat.o
                0x0000abe8                Heat::ConfigureHeater(CanMessageGeneric const&, StringRef const&)
 .text._ZN6Heater11ResetHeaterEv
                0x0000ad4c        0xc ./src/Heating/Heater.o
                0x0000ad4c                Heater::ResetHeater()
 .text._ZN6Heater9SwitchOffEv
                0x0000ad58        0x8 ./src/Heating/Heater.o
                0x0000ad58                Heater::SwitchOff()
 .text._ZN6HeaterC2Ej
                0x0000ad60       0x5c ./src/Heating/Heater.o
                0x0000ad60                Heater::Heater(unsigned int)
                0x0000ad60                Heater::Heater(unsigned int)
 .text._ZN6HeaterD2Ev
                0x0000adbc        0x4 ./src/Heating/Heater.o
                0x0000adbc                Heater::~Heater()
                0x0000adbc                Heater::~Heater()
 .text._ZN6Heater27SetFaultDetectionParametersERK43CanMessageSetHeaterFaultDetectionParametersRK9StringRef
                0x0000adc0       0x4c ./src/Heating/Heater.o
                0x0000adc0                Heater::SetFaultDetectionParameters(CanMessageSetHeaterFaultDetectionParameters const&, StringRef const&)
 .text._ZN6Heater17SetHeaterMonitorsERK27CanMessageSetHeaterMonitorsRK9StringRef
                0x0000ae0c       0x88 ./src/Heating/Heater.o
                0x0000ae0c                Heater::SetHeaterMonitors(CanMessageSetHeaterMonitors const&, StringRef const&)
 .text._ZNK6Heater26GetHighestTemperatureLimitEv
                0x0000ae94       0x98 ./src/Heating/Heater.o
                0x0000ae94                Heater::GetHighestTemperatureLimit() const
 .text._ZN6Heater8SetModelEjRK27CanMessageHeaterModelNewNewRK9StringRef
                0x0000af2c       0x50 ./src/Heating/Heater.o
                0x0000af2c                Heater::SetModel(unsigned int, CanMessageHeaterModelNewNew const&, StringRef const&)
 .text._ZN6Heater14SetTemperatureERK30CanMessageSetHeaterTemperatureRK9StringRef
                0x0000af7c      0x158 ./src/Heating/Heater.o
                0x0000af7c                Heater::SetTemperature(CanMessageSetHeaterTemperature const&, StringRef const&)
 .text._ZN13HeaterMonitorC2Ev
                0x0000b0d4        0x8 ./src/Heating/HeaterMonitor.o
                0x0000b0d4                HeaterMonitor::HeaterMonitor()
                0x0000b0d4                HeaterMonitor::HeaterMonitor()
 .text._ZN13HeaterMonitor5CheckEm
                0x0000b0dc       0x6c ./src/Heating/HeaterMonitor.o
                0x0000b0dc                HeaterMonitor::Check(unsigned long)
 .text._ZNK11LocalHeater14GetTemperatureEv
                0x0000b148        0x8 ./src/Heating/LocalHeater.o
                0x0000b148                LocalHeater::GetTemperature() const
 .text._ZNK11LocalHeater14GetAccumulatorEv
                0x0000b150        0x8 ./src/Heating/LocalHeater.o
                0x0000b150                LocalHeater::GetAccumulator() const
 .text._ZN11LocalHeater15SetPwmFrequencyEtRK9StringRef
                0x0000b158        0x8 ./src/Heating/LocalHeater.o
                0x0000b158                LocalHeater::SetPwmFrequency(unsigned short, StringRef const&)
 .text._ZN11LocalHeater11UpdateModelERK9StringRef
                0x0000b160        0x4 ./src/Heating/LocalHeater.o
                0x0000b160                LocalHeater::UpdateModel(StringRef const&)
 .text._ZNK11LocalHeater13GetAveragePWMEv
                0x0000b164        0x8 ./src/Heating/LocalHeater.o
                0x0000b164                LocalHeater::GetAveragePWM() const
 .text._ZN11LocalHeater22ConfigurePortAndSensorEPKctjRK9StringRef
                0x0000b16c       0x74 ./src/Heating/LocalHeater.o
                0x0000b16c                LocalHeater::ConfigurePortAndSensor(char const*, unsigned short, unsigned int, StringRef const&)
 .text._ZNK11LocalHeater13ReportDetailsERK9StringRef
                0x0000b1e0       0x50 ./src/Heating/LocalHeater.o
                0x0000b1e0                LocalHeater::ReportDetails(StringRef const&) const
 .text._ZN11LocalHeater16ApplyFeedForwardERK30CanMessageHeaterFeedForwardNewRK9StringRef
                0x0000b230       0xb8 ./src/Heating/LocalHeater.o
                0x0000b230                LocalHeater::ApplyFeedForward(CanMessageHeaterFeedForwardNew const&, StringRef const&)
 .text._ZN11LocalHeater7SuspendEb
                0x0000b2e8       0x44 ./src/Heating/LocalHeater.o
                0x0000b2e8                LocalHeater::Suspend(bool)
 .text._ZN11LocalHeater8SwitchOnERK9StringRef
                0x0000b32c       0xf4 ./src/Heating/LocalHeater.o
                0x0000b32c                LocalHeater::SwitchOn(StringRef const&)
 .text._ZN11LocalHeater18GetTuningCycleDataER28CanMessageHeaterTuningReport
                0x0000b420       0xc0 ./src/Heating/LocalHeater.o
                0x0000b420                LocalHeater::GetTuningCycleData(CanMessageHeaterTuningReport&)
 .text._ZN11LocalHeater16RaiseHeaterFaultE15HeaterFaultTypePKcz
                0x0000b4e0       0x48 ./src/Heating/LocalHeater.o
                0x0000b4e0                LocalHeater::RaiseHeaterFault(HeaterFaultType, char const*, ...)
 .text._ZN11LocalHeater11ResetHeaterEv
                0x0000b528       0x38 ./src/Heating/LocalHeater.o
                0x0000b528                LocalHeater::ResetHeater()
 .text._ZN11LocalHeaterC2Ej
                0x0000b560       0x68 ./src/Heating/LocalHeater.o
                0x0000b560                LocalHeater::LocalHeater(unsigned int)
                0x0000b560                LocalHeater::LocalHeater(unsigned int)
 .text._ZN11LocalHeater9SwitchOffEv
                0x0000b5c8       0x34 ./src/Heating/LocalHeater.o
                0x0000b5c8                LocalHeater::SwitchOff()
 .text._ZN11LocalHeaterD2Ev
                0x0000b5fc       0x54 ./src/Heating/LocalHeater.o
                0x0000b5fc                LocalHeater::~LocalHeater()
                0x0000b5fc                LocalHeater::~LocalHeater()
 .text._ZN11LocalHeaterD0Ev
                0x0000b650       0x5c ./src/Heating/LocalHeater.o
                0x0000b650                LocalHeater::~LocalHeater()
 .text._ZN11LocalHeater10ResetFaultEv
                0x0000b6ac       0x54 ./src/Heating/LocalHeater.o
                0x0000b6ac                LocalHeater::ResetFault()
 .text._ZN11LocalHeater13TuningCommandERK29CanMessageHeaterTuningCommandRK9StringRef
                0x0000b700      0x128 ./src/Heating/LocalHeater.o
                0x0000b700                LocalHeater::TuningCommand(CanMessageHeaterTuningCommand const&, StringRef const&)
 .text._ZN11LocalHeater12DoTuningStepEv
                0x0000b828      0x2c0 ./src/Heating/LocalHeater.o
                0x0000b828                LocalHeater::DoTuningStep()
 .text._ZN11LocalHeater4SpinEv
                0x0000bae8      0x7e4 ./src/Heating/LocalHeater.o
                0x0000bae8                LocalHeater::Spin()
 .text._ZN4TaskILj170EED2Ev
                0x0000c2cc        0xc ./src/Hardware/SAME5x_C21/SAMC21/Devices.o
                0x0000c2cc                Task<170u>::~Task()
                0x0000c2cc                Task<170u>::~Task()
 .text._Z10DeviceInitv
                0x0000c2d8       0x44 ./src/Hardware/SAME5x_C21/SAMC21/Devices.o
                0x0000c2d8                DeviceInit()
 .text.startup._GLOBAL__sub_I__Z10DeviceInitv
                0x0000c31c       0x20 ./src/Hardware/SAME5x_C21/SAMC21/Devices.o
 .text._Z7AppInitv
                0x0000c33c        0x4 ./src/Hardware/SAME5x_C21/SAMC21/Main.o
                0x0000c33c                AppInit()
 .text._Z19AppGetXoscFrequencyv
                0x0000c340        0x4 ./src/Hardware/SAME5x_C21/SAMC21/Main.o
                0x0000c340                AppGetXoscFrequency()
 .text._Z13SoftwareReset19SoftwareResetReasonPKm
                0x0000c344       0x50 ./src/Hardware/ExceptionHandlers.o
                0x0000c344                SoftwareReset(SoftwareResetReason, unsigned long const*)
 .text._Z18OutOfMemoryHandlerv
                0x0000c394        0xc ./src/Hardware/ExceptionHandlers.o
                0x0000c394                OutOfMemoryHandler()
 .text.hardFaultDispatcher
                0x0000c3a0        0xc ./src/Hardware/ExceptionHandlers.o
                0x0000c3a0                hardFaultDispatcher
 .text.HardFault_Handler
                0x0000c3ac       0x18 ./src/Hardware/ExceptionHandlers.o
                0x0000c3ac                HardFault_Handler
 .text.wdtFaultDispatcher
                0x0000c3c4        0xc ./src/Hardware/ExceptionHandlers.o
                0x0000c3c4                wdtFaultDispatcher
 .text.WDT_Handler
                0x0000c3d0       0x18 ./src/Hardware/ExceptionHandlers.o
                0x0000c3d0                WDT_Handler
 .text.stackOverflowDispatcher
                0x0000c3e8        0xc ./src/Hardware/ExceptionHandlers.o
                0x0000c3e8                stackOverflowDispatcher
 .text.vApplicationStackOverflowHook
                0x0000c3f4        0xc ./src/Hardware/ExceptionHandlers.o
                0x0000c3f4                vApplicationStackOverflowHook
 .text.assertCalledDispatcher
                0x0000c400        0xc ./src/Hardware/ExceptionHandlers.o
                0x0000c400                assertCalledDispatcher
 .text.vAssertCalled
                0x0000c40c        0xc ./src/Hardware/ExceptionHandlers.o
                0x0000c40c                vAssertCalled
 .text._ZNK6IoPort13AppendPinNameERK9StringRefb.constprop.0
                0x0000c418      0x108 ./src/Hardware/IoPorts.o
 .text._ZN6IoPort4InitEv
                0x0000c520       0x20 ./src/Hardware/IoPorts.o
                0x0000c520                IoPort::Init()
 .text._ZN6IoPortC2Ev
                0x0000c540       0x10 ./src/Hardware/IoPorts.o
                0x0000c540                IoPort::IoPort()
                0x0000c540                IoPort::IoPort()
 .text._ZN6IoPort7ReleaseEv
                0x0000c550       0x58 ./src/Hardware/IoPorts.o
                0x0000c550                IoPort::Release()
 .text._ZNK6IoPort15AttachInterruptEPDoFv17CallbackParameterE13InterruptModeS0_
                0x0000c5a8       0x28 ./src/Hardware/IoPorts.o
                0x0000c5a8                IoPort::AttachInterrupt(void (*)(CallbackParameter) noexcept, InterruptMode, CallbackParameter) const
 .text._ZNK6IoPort15DetachInterruptEv
                0x0000c5d0       0x18 ./src/Hardware/IoPorts.o
                0x0000c5d0                IoPort::DetachInterrupt() const
 .text._ZN6IoPort17SetAnalogCallbackEPDoFv17CallbackParametermES0_m
                0x0000c5e8       0x30 ./src/Hardware/IoPorts.o
                0x0000c5e8                IoPort::SetAnalogCallback(void (*)(CallbackParameter, unsigned long) noexcept, CallbackParameter, unsigned long)
 .text._ZN6IoPort19ClearAnalogCallbackEv
                0x0000c618       0x24 ./src/Hardware/IoPorts.o
                0x0000c618                IoPort::ClearAnalogCallback()
 .text._ZN6IoPort7SetModeE9PinAccess
                0x0000c63c       0xb4 ./src/Hardware/IoPorts.o
                0x0000c63c                IoPort::SetMode(PinAccess)
 .text._ZNK6IoPort11ReadDigitalEv
                0x0000c6f0       0x24 ./src/Hardware/IoPorts.o
                0x0000c6f0                IoPort::ReadDigital() const
 .text._ZNK6IoPort10ReadAnalogEv
                0x0000c714       0x3c ./src/Hardware/IoPorts.o
                0x0000c714                IoPort::ReadAnalog() const
 .text._ZNK6IoPort18AppendBasicDetailsERK9StringRef
                0x0000c750       0x60 ./src/Hardware/IoPorts.o
                0x0000c750                IoPort::AppendBasicDetails(StringRef const&) const
 .text._ZNK6IoPort13AppendPinNameERK9StringRefb
                0x0000c7b0      0x118 ./src/Hardware/IoPorts.o
                0x0000c7b0                IoPort::AppendPinName(StringRef const&, bool) const
 .text._ZN6IoPort13LookupPinNameEPKcRhRbS3_
                0x0000c8c8       0xe0 ./src/Hardware/IoPorts.o
                0x0000c8c8                IoPort::LookupPinName(char const*, unsigned char&, bool&, bool&)
 .text._ZN6IoPort8AllocateEPKcRK9StringRef9PinUsedBy9PinAccess
                0x0000c9a8      0x164 ./src/Hardware/IoPorts.o
                0x0000c9a8                IoPort::Allocate(char const*, StringRef const&, PinUsedBy, PinAccess)
 .text._ZN6IoPort11AssignPortsEPKcRK9StringRef9PinUsedByjPKPS_PK9PinAccess
                0x0000cb0c      0x14c ./src/Hardware/IoPorts.o
                0x0000cb0c                IoPort::AssignPorts(char const*, StringRef const&, PinUsedBy, unsigned int, IoPort* const*, PinAccess const*)
 .text._ZN6IoPort13PinToAdcInputEhb
                0x0000cc58       0x24 ./src/Hardware/IoPorts.o
                0x0000cc58                IoPort::PinToAdcInput(unsigned char, bool)
 .text._ZN7PwmPortC2Ev
                0x0000cc7c       0x14 ./src/Hardware/IoPorts.o
                0x0000cc7c                PwmPort::PwmPort()
                0x0000cc7c                PwmPort::PwmPort()
 .text._ZNK7PwmPort15AppendFrequencyERK9StringRef
                0x0000cc90       0x1c ./src/Hardware/IoPorts.o
                0x0000cc90                PwmPort::AppendFrequency(StringRef const&) const
 .text._ZNK7PwmPort17AppendFullDetailsERK9StringRef
                0x0000ccac       0x78 ./src/Hardware/IoPorts.o
                0x0000ccac                PwmPort::AppendFullDetails(StringRef const&) const
 .text._ZNK7PwmPort11WriteAnalogEf
                0x0000cd24       0x74 ./src/Hardware/IoPorts.o
                0x0000cd24                PwmPort::WriteAnalog(float) const
 .text._ZN17NonVolatileMemoryC2E7NvmPage
                0x0000cd98       0x14 ./src/Hardware/NonVolatileMemory.o
                0x0000cd98                NonVolatileMemory::NonVolatileMemory(NvmPage)
                0x0000cd98                NonVolatileMemory::NonVolatileMemory(NvmPage)
 .text._ZN17NonVolatileMemory13EnsureWrittenEv
                0x0000cdac       0x50 ./src/Hardware/NonVolatileMemory.o
                0x0000cdac                NonVolatileMemory::EnsureWritten()
 .text._ZN17NonVolatileMemory23GetLastWrittenResetDataERj
                0x0000cdfc       0xa0 ./src/Hardware/NonVolatileMemory.o
                0x0000cdfc                NonVolatileMemory::GetLastWrittenResetData(unsigned int&)
 .text._ZN17NonVolatileMemory21AllocateResetDataSlotEv
                0x0000ce9c       0xc0 ./src/Hardware/NonVolatileMemory.o
                0x0000ce9c                NonVolatileMemory::AllocateResetDataSlot()
 .text._ZNK17SoftwareResetData8IsVacantEv
                0x0000cf5c       0x1c ./src/Hardware/SoftwareReset.o
                0x0000cf5c                SoftwareResetData::IsVacant() const
 .text._ZN17SoftwareResetData5ClearEv
                0x0000cf78        0xc ./src/Hardware/SoftwareReset.o
                0x0000cf78                SoftwareResetData::Clear()
 .text._ZN17SoftwareResetData8PopulateEtPKm
                0x0000cf84       0xe8 ./src/Hardware/SoftwareReset.o
                0x0000cf84                SoftwareResetData::Populate(unsigned short, unsigned long const*)
 .text._ZNK17SoftwareResetData10PrintPart1EjRK9StringRef
                0x0000d06c       0xf8 ./src/Hardware/SoftwareReset.o
                0x0000d06c                SoftwareResetData::PrintPart1(unsigned int, StringRef const&) const
 .text._ZNK17SoftwareResetData10PrintPart2ERK9StringRef
                0x0000d164       0x38 ./src/Hardware/SoftwareReset.o
                0x0000d164                SoftwareResetData::PrintPart2(StringRef const&) const
 .text.__tcf_0  0x0000d19c       0x1c ./src/GPIO/GpioPorts.o
 .text._ZN9GpioPorts14HandleM950GpioERK17CanMessageGenericRK9StringRef
                0x0000d1b8      0x138 ./src/GPIO/GpioPorts.o
                0x0000d1b8                GpioPorts::HandleM950Gpio(CanMessageGeneric const&, StringRef const&)
 .text._ZN9GpioPorts15HandleGpioWriteERK19CanMessageWriteGpioRK9StringRef
                0x0000d2f0       0x40 ./src/GPIO/GpioPorts.o
                0x0000d2f0                GpioPorts::HandleGpioWrite(CanMessageWriteGpio const&, StringRef const&)
 .text.startup._GLOBAL__sub_I__ZN9GpioPorts14HandleM950GpioERK17CanMessageGenericRK9StringRef
                0x0000d330       0x2c ./src/GPIO/GpioPorts.o
 .text._ZN21Duet3DFilamentMonitor9InterruptEv
                0x0000d35c       0x80 ./src/FilamentMonitors/Duet3DFilamentMonitor.o
                0x0000d35c                Duet3DFilamentMonitor::Interrupt()
 .text._ZN21Duet3DFilamentMonitorC2Ejj
                0x0000d3dc       0x34 ./src/FilamentMonitors/Duet3DFilamentMonitor.o
                0x0000d3dc                Duet3DFilamentMonitor::Duet3DFilamentMonitor(unsigned int, unsigned int)
                0x0000d3dc                Duet3DFilamentMonitor::Duet3DFilamentMonitor(unsigned int, unsigned int)
 .text._ZN21Duet3DFilamentMonitor17InitReceiveBufferEv
                0x0000d410       0x20 ./src/FilamentMonitors/Duet3DFilamentMonitor.o
                0x0000d410                Duet3DFilamentMonitor::InitReceiveBuffer()
 .text._ZN21Duet3DFilamentMonitor17PollReceiveBufferERt
                0x0000d430      0x340 ./src/FilamentMonitors/Duet3DFilamentMonitor.o
                0x0000d430                Duet3DFilamentMonitor::PollReceiveBuffer(unsigned short&)
 .text._ZNK21Duet3DFilamentMonitor11IsReceivingEv
                0x0000d770       0x18 ./src/FilamentMonitors/Duet3DFilamentMonitor.o
                0x0000d770                Duet3DFilamentMonitor::IsReceiving() const
 .text._ZNK21Duet3DFilamentMonitor20IsWaitingForStartBitEv
                0x0000d788       0x10 ./src/FilamentMonitors/Duet3DFilamentMonitor.o
                0x0000d788                Duet3DFilamentMonitor::IsWaitingForStartBit() const
 .text._ZN15FilamentMonitor7DisableEv
                0x0000d798        0xc ./src/FilamentMonitors/FilamentMonitor.o
                0x0000d798                FilamentMonitor::Disable()
 .text._ZN15FilamentMonitor14InterruptEntryE17CallbackParameter
                0x0000d7a4       0x5c ./src/FilamentMonitors/FilamentMonitor.o
                0x0000d7a4                FilamentMonitor::InterruptEntry(CallbackParameter)
 .text._ZN15FilamentMonitorC2Ehj
                0x0000d800       0x24 ./src/FilamentMonitors/FilamentMonitor.o
                0x0000d800                FilamentMonitor::FilamentMonitor(unsigned char, unsigned int)
                0x0000d800                FilamentMonitor::FilamentMonitor(unsigned char, unsigned int)
 .text._ZN15FilamentMonitorD2Ev
                0x0000d824       0x18 ./src/FilamentMonitors/FilamentMonitor.o
                0x0000d824                FilamentMonitor::~FilamentMonitor()
                0x0000d824                FilamentMonitor::~FilamentMonitor()
 .text._ZN15FilamentMonitor15CommonConfigureERK23CanMessageGenericParserRK9StringRef13InterruptModeRb
                0x0000d83c       0xa4 ./src/FilamentMonitors/FilamentMonitor.o
                0x0000d83c                FilamentMonitor::CommonConfigure(CanMessageGenericParser const&, StringRef const&, InterruptMode, bool&)
 .text._ZN15FilamentMonitor6CreateERK31CanMessageCreateFilamentMonitorRK9StringRef
                0x0000d8e0       0xd0 ./src/FilamentMonitors/FilamentMonitor.o
                0x0000d8e0                FilamentMonitor::Create(CanMessageCreateFilamentMonitor const&, StringRef const&)
 .text._ZN15FilamentMonitor6DeleteERK31CanMessageDeleteFilamentMonitorRK9StringRef
                0x0000d9b0       0x60 ./src/FilamentMonitors/FilamentMonitor.o
                0x0000d9b0                FilamentMonitor::Delete(CanMessageDeleteFilamentMonitor const&, StringRef const&)
 .text._ZN15FilamentMonitor9ConfigureERK17CanMessageGenericRK9StringRef
                0x0000da10       0x88 ./src/FilamentMonitors/FilamentMonitor.o
                0x0000da10                FilamentMonitor::Configure(CanMessageGeneric const&, StringRef const&)
 .text._ZN15FilamentMonitor4SpinEv
                0x0000da98      0x1e0 ./src/FilamentMonitors/FilamentMonitor.o
                0x0000da98                FilamentMonitor::Spin()
 .text._ZN15FilamentMonitor14GetDiagnosticsERK9StringRef
                0x0000dc78       0xe0 ./src/FilamentMonitors/FilamentMonitor.o
                0x0000dc78                FilamentMonitor::GetDiagnostics(StringRef const&)
 .text.startup._GLOBAL__sub_I__ZN15FilamentMonitor20filamentMonitorsLockE
                0x0000dd58       0x10 ./src/FilamentMonitors/FilamentMonitor.o
 .text._ZN20LaserFilamentMonitor11DiagnosticsERK9StringRef
                0x0000dd68       0xe8 ./src/FilamentMonitors/LaserFilamentMonitor.o
                0x0000dd68                LaserFilamentMonitor::Diagnostics(StringRef const&)
 .text._ZN20LaserFilamentMonitorD2Ev
                0x0000de50       0x14 ./src/FilamentMonitors/LaserFilamentMonitor.o
                0x0000de50                LaserFilamentMonitor::~LaserFilamentMonitor()
                0x0000de50                LaserFilamentMonitor::~LaserFilamentMonitor()
 .text._ZN20LaserFilamentMonitorD0Ev
                0x0000de64       0x20 ./src/FilamentMonitors/LaserFilamentMonitor.o
                0x0000de64                LaserFilamentMonitor::~LaserFilamentMonitor()
 .text._ZNK20LaserFilamentMonitor11GetLiveDataER23FilamentMonitorDataNew2
                0x0000de84      0x16c ./src/FilamentMonitors/LaserFilamentMonitor.o
                0x0000de84                LaserFilamentMonitor::GetLiveData(FilamentMonitorDataNew2&) const
 .text._ZN20LaserFilamentMonitor9ConfigureERK23CanMessageGenericParserRK9StringRef
                0x0000dff0      0x39c ./src/FilamentMonitors/LaserFilamentMonitor.o
                0x0000dff0                LaserFilamentMonitor::Configure(CanMessageGenericParser const&, StringRef const&)
 .text._ZN20LaserFilamentMonitorC2Ejj
                0x0000e38c       0xac ./src/FilamentMonitors/LaserFilamentMonitor.o
                0x0000e38c                LaserFilamentMonitor::LaserFilamentMonitor(unsigned int, unsigned int)
                0x0000e38c                LaserFilamentMonitor::LaserFilamentMonitor(unsigned int, unsigned int)
 .text._ZN20LaserFilamentMonitor18HandleIncomingDataEv
                0x0000e438      0x288 ./src/FilamentMonitors/LaserFilamentMonitor.o
                0x0000e438                LaserFilamentMonitor::HandleIncomingData()
 .text._ZN20LaserFilamentMonitor5ClearEv
                0x0000e6c0       0x74 ./src/FilamentMonitors/LaserFilamentMonitor.o
                0x0000e6c0                LaserFilamentMonitor::Clear()
 .text._ZN20LaserFilamentMonitor13CheckFilamentEffb
                0x0000e734      0x174 ./src/FilamentMonitors/LaserFilamentMonitor.o
                0x0000e734                LaserFilamentMonitor::CheckFilament(float, float, bool)
 .text._ZN20LaserFilamentMonitor5CheckEbbmf
                0x0000e8a8      0x164 ./src/FilamentMonitors/LaserFilamentMonitor.o
                0x0000e8a8                LaserFilamentMonitor::Check(bool, bool, unsigned long, float)
 .text._ZNK21PulsedFilamentMonitor11GetLiveDataER23FilamentMonitorDataNew2
                0x0000ea0c       0x20 ./src/FilamentMonitors/PulsedFilamentMonitor.o
                0x0000ea0c                PulsedFilamentMonitor::GetLiveData(FilamentMonitorDataNew2&) const
 .text._ZN21PulsedFilamentMonitor9ConfigureERK23CanMessageGenericParserRK9StringRef
                0x0000ea2c      0x1fc ./src/FilamentMonitors/PulsedFilamentMonitor.o
                0x0000ea2c                PulsedFilamentMonitor::Configure(CanMessageGenericParser const&, StringRef const&)
 .text._ZN21PulsedFilamentMonitor9InterruptEv
                0x0000ec28       0x30 ./src/FilamentMonitors/PulsedFilamentMonitor.o
                0x0000ec28                PulsedFilamentMonitor::Interrupt()
 .text._ZN21PulsedFilamentMonitorD2Ev
                0x0000ec58       0x14 ./src/FilamentMonitors/PulsedFilamentMonitor.o
                0x0000ec58                PulsedFilamentMonitor::~PulsedFilamentMonitor()
                0x0000ec58                PulsedFilamentMonitor::~PulsedFilamentMonitor()
 .text._ZN21PulsedFilamentMonitorD0Ev
                0x0000ec6c       0x1c ./src/FilamentMonitors/PulsedFilamentMonitor.o
                0x0000ec6c                PulsedFilamentMonitor::~PulsedFilamentMonitor()
 .text._ZN21PulsedFilamentMonitor5ClearEv
                0x0000ec88       0x60 ./src/FilamentMonitors/PulsedFilamentMonitor.o
                0x0000ec88                PulsedFilamentMonitor::Clear()
 .text._ZN21PulsedFilamentMonitor11DiagnosticsERK9StringRef
                0x0000ece8       0x9c ./src/FilamentMonitors/PulsedFilamentMonitor.o
                0x0000ece8                PulsedFilamentMonitor::Diagnostics(StringRef const&)
 .text._ZN21PulsedFilamentMonitorC2Ejj
                0x0000ed84       0x54 ./src/FilamentMonitors/PulsedFilamentMonitor.o
                0x0000ed84                PulsedFilamentMonitor::PulsedFilamentMonitor(unsigned int, unsigned int)
                0x0000ed84                PulsedFilamentMonitor::PulsedFilamentMonitor(unsigned int, unsigned int)
 .text._ZN21PulsedFilamentMonitor13CheckFilamentEffb
                0x0000edd8       0xf0 ./src/FilamentMonitors/PulsedFilamentMonitor.o
                0x0000edd8                PulsedFilamentMonitor::CheckFilament(float, float, bool)
 .text._ZN21PulsedFilamentMonitor5CheckEbbmf
                0x0000eec8      0x14c ./src/FilamentMonitors/PulsedFilamentMonitor.o
                0x0000eec8                PulsedFilamentMonitor::Check(bool, bool, unsigned long, float)
 .text._ZN29RotatingMagnetFilamentMonitor11DiagnosticsERK9StringRef
                0x0000f014       0x84 ./src/FilamentMonitors/RotatingMagnetFilamentMonitor.o
                0x0000f014                RotatingMagnetFilamentMonitor::Diagnostics(StringRef const&)
 .text._ZN29RotatingMagnetFilamentMonitorD2Ev
                0x0000f098       0x14 ./src/FilamentMonitors/RotatingMagnetFilamentMonitor.o
                0x0000f098                RotatingMagnetFilamentMonitor::~RotatingMagnetFilamentMonitor()
                0x0000f098                RotatingMagnetFilamentMonitor::~RotatingMagnetFilamentMonitor()
 .text._ZN29RotatingMagnetFilamentMonitorD0Ev
                0x0000f0ac       0x20 ./src/FilamentMonitors/RotatingMagnetFilamentMonitor.o
                0x0000f0ac                RotatingMagnetFilamentMonitor::~RotatingMagnetFilamentMonitor()
 .text._ZNK29RotatingMagnetFilamentMonitor11GetLiveDataER23FilamentMonitorDataNew2
                0x0000f0cc      0x178 ./src/FilamentMonitors/RotatingMagnetFilamentMonitor.o
                0x0000f0cc                RotatingMagnetFilamentMonitor::GetLiveData(FilamentMonitorDataNew2&) const
 .text._ZN29RotatingMagnetFilamentMonitor9ConfigureERK23CanMessageGenericParserRK9StringRef
                0x0000f244      0x3f4 ./src/FilamentMonitors/RotatingMagnetFilamentMonitor.o
                0x0000f244                RotatingMagnetFilamentMonitor::Configure(CanMessageGenericParser const&, StringRef const&)
 .text._ZN29RotatingMagnetFilamentMonitorC2Ejj
                0x0000f638       0xa8 ./src/FilamentMonitors/RotatingMagnetFilamentMonitor.o
                0x0000f638                RotatingMagnetFilamentMonitor::RotatingMagnetFilamentMonitor(unsigned int, unsigned int)
                0x0000f638                RotatingMagnetFilamentMonitor::RotatingMagnetFilamentMonitor(unsigned int, unsigned int)
 .text._ZN29RotatingMagnetFilamentMonitor18HandleIncomingDataEv
                0x0000f6e0      0x298 ./src/FilamentMonitors/RotatingMagnetFilamentMonitor.o
                0x0000f6e0                RotatingMagnetFilamentMonitor::HandleIncomingData()
 .text._ZN29RotatingMagnetFilamentMonitor5ClearEv
                0x0000f978       0x70 ./src/FilamentMonitors/RotatingMagnetFilamentMonitor.o
                0x0000f978                RotatingMagnetFilamentMonitor::Clear()
 .text._ZN29RotatingMagnetFilamentMonitor13CheckFilamentEffb
                0x0000f9e8      0x17c ./src/FilamentMonitors/RotatingMagnetFilamentMonitor.o
                0x0000f9e8                RotatingMagnetFilamentMonitor::CheckFilament(float, float, bool)
 .text._ZN29RotatingMagnetFilamentMonitor5CheckEbbmf
                0x0000fb64      0x164 ./src/FilamentMonitors/RotatingMagnetFilamentMonitor.o
                0x0000fb64                RotatingMagnetFilamentMonitor::Check(bool, bool, unsigned long, float)
 .text._ZNK21SimpleFilamentMonitor11GetLiveDataER23FilamentMonitorDataNew2
                0x0000fcc8       0x14 ./src/FilamentMonitors/SimpleFilamentMonitor.o
                0x0000fcc8                SimpleFilamentMonitor::GetLiveData(FilamentMonitorDataNew2&) const
 .text._ZN21SimpleFilamentMonitor9InterruptEv
                0x0000fcdc        0xc ./src/FilamentMonitors/SimpleFilamentMonitor.o
                0x0000fcdc                SimpleFilamentMonitor::Interrupt()
 .text._ZN21SimpleFilamentMonitor5CheckEbbmf
                0x0000fce8       0x38 ./src/FilamentMonitors/SimpleFilamentMonitor.o
                0x0000fce8                SimpleFilamentMonitor::Check(bool, bool, unsigned long, float)
 .text._ZN21SimpleFilamentMonitor5ClearEv
                0x0000fd20       0x38 ./src/FilamentMonitors/SimpleFilamentMonitor.o
                0x0000fd20                SimpleFilamentMonitor::Clear()
 .text._ZN21SimpleFilamentMonitor11DiagnosticsERK9StringRef
                0x0000fd58       0x3c ./src/FilamentMonitors/SimpleFilamentMonitor.o
                0x0000fd58                SimpleFilamentMonitor::Diagnostics(StringRef const&)
 .text._ZN21SimpleFilamentMonitorD2Ev
                0x0000fd94       0x14 ./src/FilamentMonitors/SimpleFilamentMonitor.o
                0x0000fd94                SimpleFilamentMonitor::~SimpleFilamentMonitor()
                0x0000fd94                SimpleFilamentMonitor::~SimpleFilamentMonitor()
 .text._ZN21SimpleFilamentMonitorD0Ev
                0x0000fda8       0x1c ./src/FilamentMonitors/SimpleFilamentMonitor.o
                0x0000fda8                SimpleFilamentMonitor::~SimpleFilamentMonitor()
 .text._ZN21SimpleFilamentMonitor9ConfigureERK23CanMessageGenericParserRK9StringRef
                0x0000fdc4       0xe0 ./src/FilamentMonitors/SimpleFilamentMonitor.o
                0x0000fdc4                SimpleFilamentMonitor::Configure(CanMessageGenericParser const&, StringRef const&)
 .text._ZN21SimpleFilamentMonitorC2Ejj
                0x0000fea4       0x24 ./src/FilamentMonitors/SimpleFilamentMonitor.o
                0x0000fea4                SimpleFilamentMonitor::SimpleFilamentMonitor(unsigned int, unsigned int)
                0x0000fea4                SimpleFilamentMonitor::SimpleFilamentMonitor(unsigned int, unsigned int)
 .text._ZN3FanC2Ej
                0x0000fec8       0x38 ./src/Fans/Fan.o
                0x0000fec8                Fan::Fan(unsigned int)
                0x0000fec8                Fan::Fan(unsigned int)
 .text._ZN3Fan9ConfigureERK23CanMessageFanParametersRK9StringRef
                0x0000ff00       0xb8 ./src/Fans/Fan.o
                0x0000ff00                Fan::Configure(CanMessageFanParameters const&, StringRef const&)
 .text._ZN3Fan6SetPwmEf
                0x0000ffb8       0x10 ./src/Fans/Fan.o
                0x0000ffb8                Fan::SetPwm(float)
 .text._ZN8LocalFan15SetPwmFrequencyEt
                0x0000ffc8        0x4 ./src/Fans/FansManager.o
                0x0000ffc8                LocalFan::SetPwmFrequency(unsigned short)
 .text._ZN11FansManager9CheckFansEb
                0x0000ffcc       0x4c ./src/Fans/FansManager.o
                0x0000ffcc                FansManager::CheckFans(bool)
 .text._ZN11FansManager16ConfigureFanPortERK17CanMessageGenericRK9StringRef
                0x00010018      0x1e0 ./src/Fans/FansManager.o
                0x00010018                FansManager::ConfigureFanPort(CanMessageGeneric const&, StringRef const&)
 .text._ZN11FansManager12ConfigureFanERK23CanMessageFanParametersRK9StringRef
                0x000101f8       0x68 ./src/Fans/FansManager.o
                0x000101f8                FansManager::ConfigureFan(CanMessageFanParameters const&, StringRef const&)
 .text._ZN11FansManager11SetFanSpeedERK21CanMessageSetFanSpeedRK9StringRef
                0x00010260       0x78 ./src/Fans/FansManager.o
                0x00010260                FansManager::SetFanSpeed(CanMessageSetFanSpeed const&, StringRef const&)
 .text._ZN11FansManager18PopulateFansReportER20CanMessageFansReport
                0x000102d8      0x110 ./src/Fans/FansManager.o
                0x000102d8                FansManager::PopulateFansReport(CanMessageFansReport&)
 .text.startup._GLOBAL__sub_I__ZN11FansManager9CheckFansEb
                0x000103e8       0x10 ./src/Fans/FansManager.o
 .text._ZNK8LocalFan9IsEnabledEv
                0x000103f8       0x10 ./src/Fans/LocalFan.o
                0x000103f8                LocalFan::IsEnabled() const
 .text._ZN8LocalFan20SetTachoPulsesPerRevEf
                0x00010408       0x18 ./src/Fans/LocalFan.o
                0x00010408                LocalFan::SetTachoPulsesPerRev(float)
 .text._ZN8LocalFan22UpdateFanConfigurationERK9StringRef
                0x00010420       0x10 ./src/Fans/LocalFan.o
                0x00010420                LocalFan::UpdateFanConfiguration(StringRef const&)
 .text._ZN8LocalFan5CheckEb
                0x00010430       0x24 ./src/Fans/LocalFan.o
                0x00010430                LocalFan::Check(bool)
 .text._ZN8LocalFanD2Ev
                0x00010454       0x38 ./src/Fans/LocalFan.o
                0x00010454                LocalFan::~LocalFan()
                0x00010454                LocalFan::~LocalFan()
 .text._ZN8LocalFan6GetRPMEv
                0x0001048c       0x38 ./src/Fans/LocalFan.o
                0x0001048c                LocalFan::GetRPM()
 .text._ZNK8LocalFan17ReportPortDetailsERK9StringRef
                0x000104c4       0x74 ./src/Fans/LocalFan.o
                0x000104c4                LocalFan::ReportPortDetails(StringRef const&) const
 .text._Z12FanInterrupt17CallbackParameter
                0x00010538       0x24 ./src/Fans/LocalFan.o
                0x00010538                FanInterrupt(CallbackParameter)
 .text._ZN8LocalFan7RefreshEb
                0x0001055c      0x330 ./src/Fans/LocalFan.o
                0x0001055c                LocalFan::Refresh(bool)
 .text._ZN8LocalFanD0Ev
                0x0001088c       0x40 ./src/Fans/LocalFan.o
                0x0001088c                LocalFan::~LocalFan()
 .text._ZN8LocalFanC2Ej
                0x000108cc       0x30 ./src/Fans/LocalFan.o
                0x000108cc                LocalFan::LocalFan(unsigned int)
                0x000108cc                LocalFan::LocalFan(unsigned int)
 .text._ZN8LocalFan11AssignPortsEPKcRK9StringRef
                0x000108fc       0x84 ./src/Fans/LocalFan.o
                0x000108fc                LocalFan::AssignPorts(char const*, StringRef const&)
 .text._ZL11CheckMinMaxR23CanMessageGenericParserRK9StringRefcfPKc
                0x00010980       0x94 ./src/CommandProcessing/CommandProcessor.o
 .text._ZN6StringILj500EE6printfEPKcz
                0x00010a14       0x24 ./src/CommandProcessing/CommandProcessor.o
                0x00010a14                String<500u>::printf(char const*, ...)
 .text._ZN16CommandProcessor4SpinEv
                0x00010a38      0xa0c ./src/CommandProcessing/CommandProcessor.o
                0x00010a38                CommandProcessor::Spin()
 .text._ZN20CustomCommandHandler11ProcessM655ER17CanMessageGenericRK9StringRef
                0x00011444      0x120 ./src/CommandProcessing/CustomCommandHandler.o
                0x00011444                CustomCommandHandler::ProcessM655(CanMessageGeneric&, StringRef const&)
 .text.CanClockLoop
                0x00011564       0x58 ./src/CAN/CanInterface.o
                0x00011564                CanClockLoop
 .text.CanAsyncSenderLoop
                0x000115bc      0x244 ./src/CAN/CanInterface.o
                0x000115bc                CanAsyncSenderLoop
 .text._ZN12CanInterface4InitEhbb
                0x00011800      0x1d8 ./src/CAN/CanInterface.o
                0x00011800                CanInterface::Init(unsigned char, bool, bool)
 .text._ZN12CanInterface8ShutdownEv
                0x000119d8       0x50 ./src/CAN/CanInterface.o
                0x000119d8                CanInterface::Shutdown()
 .text._ZN12CanInterface13GetCanAddressEv
                0x00011a28        0xc ./src/CAN/CanInterface.o
                0x00011a28                CanInterface::GetCanAddress()
 .text._ZN12CanInterface23GetCurrentMasterAddressEv
                0x00011a34        0xc ./src/CAN/CanInterface.o
                0x00011a34                CanInterface::GetCurrentMasterAddress()
 .text._ZN12CanInterface4SendEP16CanMessageBuffer
                0x00011a40       0x50 ./src/CAN/CanInterface.o
                0x00011a40                CanInterface::Send(CanMessageBuffer*)
 .text._ZN12CanInterface11SendAndFreeEP16CanMessageBuffer
                0x00011a90       0x58 ./src/CAN/CanInterface.o
                0x00011a90                CanInterface::SendAndFree(CanMessageBuffer*)
 .text._ZN12CanInterface10GetCanMoveEm
                0x00011ae8       0x14 ./src/CAN/CanInterface.o
                0x00011ae8                CanInterface::GetCanMove(unsigned long)
 .text._ZN12CanInterface13GetCanCommandEm
                0x00011afc       0x14 ./src/CAN/CanInterface.o
                0x00011afc                CanInterface::GetCanCommand(unsigned long)
 .text._ZN12CanInterface22ProcessReceivedMessageEP16CanMessageBuffer
                0x00011b10      0x304 ./src/CAN/CanInterface.o
                0x00011b10                CanInterface::ProcessReceivedMessage(CanMessageBuffer*)
 .text.CanReceiverLoop
                0x00011e14       0x4c ./src/CAN/CanInterface.o
                0x00011e14                CanReceiverLoop
 .text._ZN12CanInterface11DiagnosticsERK9StringRef
                0x00011e60      0x158 ./src/CAN/CanInterface.o
                0x00011e60                CanInterface::Diagnostics(StringRef const&)
 .text._ZN12CanInterface12SendAnnounceEP16CanMessageBuffer
                0x00011fb8      0x104 ./src/CAN/CanInterface.o
                0x00011fb8                CanInterface::SendAnnounce(CanMessageBuffer*)
 .text._ZN12CanInterface15WakeAsyncSenderEv
                0x000120bc       0x30 ./src/CAN/CanInterface.o
                0x000120bc                CanInterface::WakeAsyncSender()
 .text._ZN12CanInterface22WakeAsyncSenderFromIsrEv
                0x000120ec       0x14 ./src/CAN/CanInterface.o
                0x000120ec                CanInterface::WakeAsyncSenderFromIsr()
 .text._ZN12CanInterface24ChangeAddressAndDataRateERK35CanMessageSetAddressAndNormalTimingRK9StringRef
                0x00012100      0x108 ./src/CAN/CanInterface.o
                0x00012100                CanInterface::ChangeAddressAndDataRate(CanMessageSetAddressAndNormalTiming const&, StringRef const&)
 .text._ZN12CanInterface13GetCanMessageEP16CanMessageBuffer
                0x00012208       0x18 ./src/CAN/CanInterface.o
                0x00012208                CanInterface::GetCanMessage(CanMessageBuffer*)
 .text._ZN12CanInterface19GetTimeStampCounterEv
                0x00012220       0x10 ./src/CAN/CanInterface.o
                0x00012220                CanInterface::GetTimeStampCounter()
 .text._ZN12CanInterface18GetTimeStampPeriodEv
                0x00012230       0x10 ./src/CAN/CanInterface.o
                0x00012230                CanInterface::GetTimeStampPeriod()
 .text._ZN12CanInterface10RaiseEventE9EventTypethPKcSt9__va_list
                0x00012240       0xb0 ./src/CAN/CanInterface.o
                0x00012240                CanInterface::RaiseEvent(EventType, unsigned short, unsigned char, char const*, std::__va_list)
 .text._ZN12CanInterface9DebugPutcEc
                0x000122f0       0x6c ./src/CAN/CanInterface.o
                0x000122f0                CanInterface::DebugPutc(char)
 .text.startup._GLOBAL__sub_I__ZN12CanInterface4InitEhbb
                0x0001235c       0x48 ./src/CAN/CanInterface.o
 .text._ZN15CanMessageQueueC2Ev
                0x000123a4        0x8 ./src/CAN/CanMessageQueue.o
                0x000123a4                CanMessageQueue::CanMessageQueue()
                0x000123a4                CanMessageQueue::CanMessageQueue()
 .text._ZN15CanMessageQueue10AddMessageEP16CanMessageBuffer
                0x000123ac       0x34 ./src/CAN/CanMessageQueue.o
                0x000123ac                CanMessageQueue::AddMessage(CanMessageBuffer*)
 .text._ZN15CanMessageQueue10GetMessageEm
                0x000123e0       0x50 ./src/CAN/CanMessageQueue.o
                0x000123e0                CanMessageQueue::GetMessage(unsigned long)
 .text._ZN21function_ref_noexceptIDoFbcEE11callback_fnIS0_EEbPvc
                0x00012430        0xc ./src/RepRapFirmware.o
                0x00012430                bool function_ref_noexcept<bool (char) noexcept>::callback_fn<bool (char) noexcept>(void*, char)
 .text.debugPrintf
                0x0001243c       0x28 ./src/RepRapFirmware.o
                0x0001243c                debugPrintf
 .text._Z20AppGetPinDescriptionh
                0x00012464       0x18 ./src/RepRapFirmware.o
                0x00012464                AppGetPinDescription(unsigned char)
 .text._user_row_write_exec
                0x0001247c       0xd4 C:\Eclipse\Firmware-3.6\CoreN2G\SAMC21_CAN_RTOS\libCoreN2G.a(./src/SAME5x_C21/SAMC21/hpl/nvmctrl/hpl_nvmctrl.o)
 .text._flash_init
                0x00012550       0x34 C:\Eclipse\Firmware-3.6\CoreN2G\SAMC21_CAN_RTOS\libCoreN2G.a(./src/SAME5x_C21/SAMC21/hpl/nvmctrl/hpl_nvmctrl.o)
                0x00012550                _flash_init
 .text._flash_get_page_size
                0x00012584        0x4 C:\Eclipse\Firmware-3.6\CoreN2G\SAMC21_CAN_RTOS\libCoreN2G.a(./src/SAME5x_C21/SAMC21/hpl/nvmctrl/hpl_nvmctrl.o)
                0x00012584                _flash_get_page_size
 .text._flash_get_total_pages
                0x00012588        0x8 C:\Eclipse\Firmware-3.6\CoreN2G\SAMC21_CAN_RTOS\libCoreN2G.a(./src/SAME5x_C21/SAMC21/hpl/nvmctrl/hpl_nvmctrl.o)
                0x00012588                _flash_get_total_pages
 .text._flash_write
                0x00012590      0x284 C:\Eclipse\Firmware-3.6\CoreN2G\SAMC21_CAN_RTOS\libCoreN2G.a(./src/SAME5x_C21/SAMC21/hpl/nvmctrl/hpl_nvmctrl.o)
                0x00012590                _flash_write
 .text._flash_append
                0x00012814      0x130 C:\Eclipse\Firmware-3.6\CoreN2G\SAMC21_CAN_RTOS\libCoreN2G.a(./src/SAME5x_C21/SAMC21/hpl/nvmctrl/hpl_nvmctrl.o)
                0x00012814                _flash_append
 .text._flash_erase
                0x00012944       0xb8 C:\Eclipse\Firmware-3.6\CoreN2G\SAMC21_CAN_RTOS\libCoreN2G.a(./src/SAME5x_C21/SAMC21/hpl/nvmctrl/hpl_nvmctrl.o)
                0x00012944                _flash_erase
 .text._flash_lock
                0x000129fc       0x38 C:\Eclipse\Firmware-3.6\CoreN2G\SAMC21_CAN_RTOS\libCoreN2G.a(./src/SAME5x_C21/SAMC21/hpl/nvmctrl/hpl_nvmctrl.o)
                0x000129fc                _flash_lock
 .text._flash_unlock
                0x00012a34       0x38 C:\Eclipse\Firmware-3.6\CoreN2G\SAMC21_CAN_RTOS\libCoreN2G.a(./src/SAME5x_C21/SAMC21/hpl/nvmctrl/hpl_nvmctrl.o)
                0x00012a34                _flash_unlock
 .text._flash_is_locked
                0x00012a6c       0x18 C:\Eclipse\Firmware-3.6\CoreN2G\SAMC21_CAN_RTOS\libCoreN2G.a(./src/SAME5x_C21/SAMC21/hpl/nvmctrl/hpl_nvmctrl.o)
                0x00012a6c                _flash_is_locked
 .text.NVMCTRL_Handler
                0x00012a84       0x34 C:\Eclipse\Firmware-3.6\CoreN2G\SAMC21_CAN_RTOS\libCoreN2G.a(./src/SAME5x_C21/SAMC21/hpl/nvmctrl/hpl_nvmctrl.o)
                0x00012a84                NVMCTRL_Handler
 .text._user_area_write
                0x00012ab8       0x44 C:\Eclipse\Firmware-3.6\CoreN2G\SAMC21_CAN_RTOS\libCoreN2G.a(./src/SAME5x_C21/SAMC21/hpl/nvmctrl/hpl_nvmctrl.o)
                0x00012ab8                _user_area_write
 .text.hpl_RwwErase
                0x00012afc       0x40 C:\Eclipse\Firmware-3.6\CoreN2G\SAMC21_CAN_RTOS\libCoreN2G.a(./src/SAME5x_C21/SAMC21/hpl/nvmctrl/hpl_nvmctrl.o)
                0x00012afc                hpl_RwwErase
 .text.hpl_RwwWrite
                0x00012b3c       0xdc C:\Eclipse\Firmware-3.6\CoreN2G\SAMC21_CAN_RTOS\libCoreN2G.a(./src/SAME5x_C21/SAMC21/hpl/nvmctrl/hpl_nvmctrl.o)
                0x00012b3c                hpl_RwwWrite
 .text._div_init
                0x00012c18       0x10 C:\Eclipse\Firmware-3.6\CoreN2G\SAMC21_CAN_RTOS\libCoreN2G.a(./src/SAME5x_C21/SAMC21/hpl/divas/hpl_divas.o)
                0x00012c18                _div_init
 .text.__aeabi_idiv
                0x00012c28       0x30 C:\Eclipse\Firmware-3.6\CoreN2G\SAMC21_CAN_RTOS\libCoreN2G.a(./src/SAME5x_C21/SAMC21/hpl/divas/hpl_divas.o)
                0x00012c28                __aeabi_idiv
 .text.__aeabi_uidiv
                0x00012c58       0x30 C:\Eclipse\Firmware-3.6\CoreN2G\SAMC21_CAN_RTOS\libCoreN2G.a(./src/SAME5x_C21/SAMC21/hpl/divas/hpl_divas.o)
                0x00012c58                __aeabi_uidiv
 .text.__aeabi_idivmod
                0x00012c88       0x38 C:\Eclipse\Firmware-3.6\CoreN2G\SAMC21_CAN_RTOS\libCoreN2G.a(./src/SAME5x_C21/SAMC21/hpl/divas/hpl_divas.o)
                0x00012c88                __aeabi_idivmod
 .text.__aeabi_uidivmod
                0x00012cc0       0x38 C:\Eclipse\Firmware-3.6\CoreN2G\SAMC21_CAN_RTOS\libCoreN2G.a(./src/SAME5x_C21/SAMC21/hpl/divas/hpl_divas.o)
                0x00012cc0                __aeabi_uidivmod
 .text._ZN8AdcClass16ExecuteCallbacksEv
                0x00012cf8       0x8c C:\Eclipse\Firmware-3.6\CoreN2G\SAMC21_CAN_RTOS\libCoreN2G.a(./src/SAME5x_C21/SAMC21/AnalogIn.o)
                0x00012cf8                AdcClass::ExecuteCallbacks()
 .text._ZN10SdAdcClass16ExecuteCallbacksEv
                0x00012d84       0x9c C:\Eclipse\Firmware-3.6\CoreN2G\SAMC21_CAN_RTOS\libCoreN2G.a(./src/SAME5x_C21/SAMC21/AnalogIn.o)
                0x00012d84                SdAdcClass::ExecuteCallbacks()
 .text._ZN7AdcBase19DmaCompleteCallbackE17CallbackParameter17DmaCallbackReason