Archive member included to satisfy reference by file (symbol)

C:\Eclipse\Firmware-3.6\Qfplib-M0-full\SAMC21\libQfplib-M0-full.a(./qfplib-m0-full_gcc.o)
                              ./src/Platform/Tasks.o (__wrap___aeabi_fadd)
C:\Eclipse\Firmware-3.6\CoreN2G\SAMC21_CAN_RTOS\libCoreN2G.a(./src/SAME5x_C21/SAMC21/hpl/nvmctrl/hpl_nvmctrl.o)
                              ./src/Platform/Platform.o (_user_area_write)
C:\Eclipse\Firmware-3.6\CoreN2G\SAMC21_CAN_RTOS\libCoreN2G.a(./src/SAME5x_C21/SAMC21/hpl/divas/hpl_divas.o)
                              ./src/Platform/Tasks.o (__aeabi_idiv)
C:\Eclipse\Firmware-3.6\CoreN2G\SAMC21_CAN_RTOS\libCoreN2G.a(./src/SAME5x_C21/SAMC21/AnalogIn.o)
                              ./src/Hardware/SAME5x_C21/SAMC21/Devices.o (TaskLoop)
C:\Eclipse\Firmware-3.6\CoreN2G\SAMC21_CAN_RTOS\libCoreN2G.a(./src/SAME5x_C21/SAMC21/Startup.o)
                              (Reset_Handler)
C:\Eclipse\Firmware-3.6\CoreN2G\SAMC21_CAN_RTOS\libCoreN2G.a(./src/SAME5x_C21/SAMC21/Vectors.o)
                              ./src/Platform/Platform.o (SystemCoreClock)
C:\Eclipse\Firmware-3.6\CoreN2G\SAMC21_CAN_RTOS\libCoreN2G.a(./src/SAME5x_C21/AnalogOut.o)
                              ./src/Hardware/SAME5x_C21/SAMC21/Devices.o (AnalogOut::Init())
C:\Eclipse\Firmware-3.6\CoreN2G\SAMC21_CAN_RTOS\libCoreN2G.a(./src/SAME5x_C21/DmacManager.o)
                              C:\Eclipse\Firmware-3.6\CoreN2G\SAMC21_CAN_RTOS\libCoreN2G.a(./src/SAME5x_C21/SAMC21/AnalogIn.o) (DmacManager::SetBtctrl(unsigned char, unsigned short))
C:\Eclipse\Firmware-3.6\CoreN2G\SAMC21_CAN_RTOS\libCoreN2G.a(./src/SAME5x_C21/Flash.o)
                              ./src/Platform/Tasks.o (Flash::Init())
C:\Eclipse\Firmware-3.6\CoreN2G\SAMC21_CAN_RTOS\libCoreN2G.a(./src/SAME5x_C21/Interrupts.o)
                              ./src/Hardware/IoPorts.o (AttachPinInterrupt(unsigned char, void (*)(CallbackParameter) noexcept, InterruptMode, CallbackParameter, bool))
C:\Eclipse\Firmware-3.6\CoreN2G\SAMC21_CAN_RTOS\libCoreN2G.a(./src/SAME5x_C21/Serial.o)
                              ./src/Hardware/SAME5x_C21/SharedI2CMaster.o (Serial::EnableSercomClock(unsigned char))
C:\Eclipse\Firmware-3.6\CoreN2G\SAMC21_CAN_RTOS\libCoreN2G.a(./src/CanDevice.o)
                              ./src/CAN/CanInterface.o (CanDevice::Init(unsigned int, unsigned int, CanDevice::Config const&, unsigned long*, CanTiming const&, void (*)(unsigned char, CanId, unsigned short) noexcept))
C:\Eclipse\Firmware-3.6\CoreN2G\SAMC21_CAN_RTOS\libCoreN2G.a(.)
                              ./src/Platform/Platform.o (DelayCycles)
C:\Eclipse\Firmware-3.6\CoreN2G\SAMC21_CAN_RTOS\libCoreN2G.a(./src/UniqueIdBase.o)
                              ./src/Platform/Platform.o (UniqueIdBase::Clear())
C:\Eclipse\Firmware-3.6\CoreN2G\SAMC21_CAN_RTOS\libCoreN2G.a(./src/SAME5x_C21/SAMC21/hal/src/hal_flash.o)
                              C:\Eclipse\Firmware-3.6\CoreN2G\SAMC21_CAN_RTOS\libCoreN2G.a(./src/SAME5x_C21/Flash.o) (flash_init)
C:\Eclipse\Firmware-3.6\CoreN2G\SAMC21_CAN_RTOS\libCoreN2G.a(.)
                              C:\Eclipse\Firmware-3.6\CoreN2G\SAMC21_CAN_RTOS\libCoreN2G.a(./src/CanDevice.o) (__atomic_fetch_or_4)
C:\Eclipse\Firmware-3.6\CANlib\SAMC21_RTOS\libCANlib.a(./src/CanMessageBuffer.o)
                              ./src/CAN/CanInterface.o (CanMessageBuffer::Init(unsigned int))
C:\Eclipse\Firmware-3.6\CANlib\SAMC21_RTOS\libCANlib.a(./src/CanMessageGenericParser.o)
                              ./src/LedStrips/LocalLedStrip.o (CanMessageGenericParser::GetStringParam(char, StringRef const&) const)
C:\Eclipse\Firmware-3.6\CANlib\SAMC21_RTOS\libCANlib.a(./src/CanSettings.o)
                              ./src/CAN/CanInterface.o (CanUserAreaData::SetCanAddress(unsigned char))
C:\Eclipse\Firmware-3.6\RRFLibraries\SAMC21_RTOS\libRRFLibraries.a(./src/RTOSIface/RTOSIface.o)
                              ./src/Platform/Tasks.o (Mutex::Create(char const*))
C:\Eclipse\Firmware-3.6\RRFLibraries\SAMC21_RTOS\libRRFLibraries.a(./src/General/SafeStrtod.o)
                              ./src/Heating/Sensors/AdditionalOutputSensor.o (StrToU32(char const*, char const**))
C:\Eclipse\Firmware-3.6\RRFLibraries\SAMC21_RTOS\libRRFLibraries.a(./src/General/SafeVsnprintf.o)
                              ./src/RepRapFirmware.o (vuprintf(function_ref_noexcept<bool (char) noexcept>, char const*, std::__va_list))
C:\Eclipse\Firmware-3.6\RRFLibraries\SAMC21_RTOS\libRRFLibraries.a(./src/General/StringFunctions.o)
                              ./src/Heating/Heat.o (StringEqualsIgnoreCase(char const*, char const*))
C:\Eclipse\Firmware-3.6\RRFLibraries\SAMC21_RTOS\libRRFLibraries.a(./src/General/StringRef.o)
                              ./src/Hardware/IoPorts.o (StringRef::strlen() const)
C:\Eclipse\Firmware-3.6\RRFLibraries\SAMC21_RTOS\libRRFLibraries.a(./src/General/Strnlen.o)
                              ./src/Platform/Tasks.o (Strnlen(char const*, unsigned int))
[...]
Memory Configuration

Name             Origin             Length             Attributes
rom              0x00004000         0x0003c000         xr
ram              0x20000000         0x00008000         xrw
*default*        0x00000000         0xffffffff

Linker script and memory map

LOAD C:/Program Files (x86)/Arm GNU Toolchain arm-none-eabi/13.2 Rel1/bin/../lib/gcc/arm-none-eabi/13.2.1/thumb/v6-m/nofp/crti.o
LOAD C:/Program Files (x86)/Arm GNU Toolchain arm-none-eabi/13.2 Rel1/bin/../lib/gcc/arm-none-eabi/13.2.1/thumb/v6-m/nofp/crtbegin.o
LOAD C:/Program Files (x86)/Arm GNU Toolchain arm-none-eabi/13.2 Rel1/bin/../lib/gcc/arm-none-eabi/13.2.1/thumb/v6-m/nofp/crt0.o
LOAD ./src/libc/errno.o
LOAD ./src/libc/nano-mallocr.o
LOAD ./src/Platform/Platform.o
LOAD ./src/Platform/Tasks.o
LOAD ./src/Movement/StepperDrivers/DriverMode.o
LOAD ./src/Movement/StepperDrivers/TMC22xx.o
LOAD ./src/Movement/StepperDrivers/TMC51xx.o
LOAD ./src/Movement/AxisShaper.o
LOAD ./src/Movement/DriveMovement.o
LOAD ./src/Movement/ExtruderShaper.o
LOAD ./src/Movement/Move.o
LOAD ./src/Movement/MoveSegment.o
LOAD ./src/Movement/StepTimer.o
LOAD ./src/LedStrips/LedStripBase.o
LOAD ./src/LedStrips/LedStripManager.o
LOAD ./src/LedStrips/LocalLedStrip.o
LOAD ./src/LedStrips/NeoPixelLedStrip.o
LOAD ./src/InputMonitors/InputMonitor.o
LOAD ./src/Heating/Sensors/AdcSensorADS131A02.o
LOAD ./src/Heating/Sensors/AdditionalOutputSensor.o
LOAD ./src/Heating/Sensors/BME280.o
LOAD ./src/Heating/Sensors/CpuTemperatureSensor.o
LOAD ./src/Heating/Sensors/CurrentLoopTemperatureSensor.o
LOAD ./src/Heating/Sensors/DhtSensor.o
LOAD ./src/Heating/Sensors/LinearAnalogSensor.o
LOAD ./src/Heating/Sensors/RemoteSensor.o
LOAD ./src/Heating/Sensors/RtdSensor31865.o
LOAD ./src/Heating/Sensors/SensorWithPort.o
LOAD ./src/Heating/Sensors/SpiTemperatureSensor.o
LOAD ./src/Heating/Sensors/TemperatureSensor.o
LOAD ./src/Heating/Sensors/Thermistor.o
LOAD ./src/Heating/Sensors/ThermocoupleSensor31855.o
LOAD ./src/Heating/Sensors/ThermocoupleSensor31856.o
LOAD ./src/Heating/Sensors/TmcDriverTemperatureSensor.o
LOAD ./src/Heating/FOPDT.o
LOAD ./src/Heating/Heat.o
LOAD ./src/Heating/Heater.o
LOAD ./src/Heating/HeaterMonitor.o
LOAD ./src/Heating/LocalHeater.o
LOAD ./src/Hardware/SAME5x_C21/SAME5x/Devices.o
LOAD ./src/Hardware/SAME5x_C21/SAME5x/EEPROM.o
LOAD ./src/Hardware/SAME5x_C21/SAME5x/Main.o
LOAD ./src/Hardware/SAME5x_C21/SAMC21/Devices.o
LOAD ./src/Hardware/SAME5x_C21/SAMC21/EEPROM.o
LOAD ./src/Hardware/SAME5x_C21/SAMC21/Main.o
LOAD ./src/Hardware/SAME5x_C21/SharedI2CMaster.o
LOAD ./src/Hardware/SAME5x_C21/SharedSpiDevice.o
LOAD ./src/Hardware/RP2040/Devices.o
LOAD ./src/Hardware/RP2040/Main.o
LOAD ./src/Hardware/RP2040/SharedSpiDevice.o
LOAD ./src/Hardware/RP2040/boot2_w25q080_2_padded_checksum.o
LOAD ./src/Hardware/ATEIO/ExtendedAnalog.o
LOAD ./src/Hardware/AS5601.o
LOAD ./src/Hardware/ExceptionHandlers.o
LOAD ./src/Hardware/IoPorts.o
LOAD ./src/Hardware/LDC1612.o
LOAD ./src/Hardware/LISAccelerometer.o
LOAD ./src/Hardware/NonVolatileMemory.o
LOAD ./src/Hardware/SharedI2CClient.o
LOAD ./src/Hardware/SharedSpiClient.o
LOAD ./src/Hardware/SoftwareReset.o
LOAD ./src/Hardware/TCA6408A.o
LOAD ./src/GPIO/GpioPorts.o
LOAD ./src/FilamentMonitors/Duet3DFilamentMonitor.o
LOAD ./src/FilamentMonitors/FilamentMonitor.o
LOAD ./src/FilamentMonitors/LaserFilamentMonitor.o
LOAD ./src/FilamentMonitors/PulsedFilamentMonitor.o
LOAD ./src/FilamentMonitors/RotatingMagnetFilamentMonitor.o
LOAD ./src/FilamentMonitors/SimpleFilamentMonitor.o
LOAD ./src/Fans/Fan.o
LOAD ./src/Fans/FansManager.o
LOAD ./src/Fans/LocalFan.o
LOAD ./src/CommandProcessing/AccelerometerHandler.o
LOAD ./src/CommandProcessing/CommandProcessor.o
LOAD ./src/CommandProcessing/CustomCommandHandler.o
LOAD ./src/CommandProcessing/MFMHandler.o
LOAD ./src/CommandProcessing/ScanningSensorHandler.o
LOAD ./src/ClosedLoop/Encoders/AS5047D.o
LOAD ./src/ClosedLoop/Encoders/AbsoluteRotaryEncoder.o
LOAD ./src/ClosedLoop/Encoders/Encoder.o
LOAD ./src/ClosedLoop/Encoders/LinearCompositeEncoder.o
LOAD ./src/ClosedLoop/Encoders/QuadratureEncoderAttiny.o
LOAD ./src/ClosedLoop/Encoders/QuadratureEncoderPdec.o
LOAD ./src/ClosedLoop/Encoders/RelativeEncoder.o
LOAD ./src/ClosedLoop/Encoders/SpiEncoder.o
LOAD ./src/ClosedLoop/Encoders/TLI5012B.o
LOAD ./src/ClosedLoop/ClosedLoop.o
LOAD ./src/ClosedLoop/SampleBuffer.o
LOAD ./src/ClosedLoop/Tuning.o
LOAD ./src/CAN/CanInterface.o
LOAD ./src/CAN/CanMessageQueue.o
LOAD ./src/RepRapFirmware.o
LOAD ./src/Version.o
LOAD C:\Eclipse\Firmware-3.6\Qfplib-M0-full\SAMC21\libQfplib-M0-full.a
LOAD C:\Eclipse\Firmware-3.6\CoreN2G\SAMC21_CAN_RTOS\libCoreN2G.a
LOAD C:\Eclipse\Firmware-3.6\CANlib\SAMC21_RTOS\libCANlib.a
LOAD C:\Eclipse\Firmware-3.6\RRFLibraries\SAMC21_RTOS\libRRFLibraries.a
LOAD C:\Eclipse\Firmware-3.6\FreeRTOS\SAMC21\libFreeRTOS.a
LOAD C:/Program Files (x86)/Arm GNU Toolchain arm-none-eabi/13.2 Rel1/bin/../lib/gcc/arm-none-eabi/13.2.1/thumb/v6-m/nofp\libstdc++_nano.a
LOAD C:/Program Files (x86)/Arm GNU Toolchain arm-none-eabi/13.2 Rel1/bin/../lib/gcc/arm-none-eabi/13.2.1/thumb/v6-m/nofp\libm.a
START GROUP
LOAD C:/Program Files (x86)/Arm GNU Toolchain arm-none-eabi/13.2 Rel1/bin/../lib/gcc/arm-none-eabi/13.2.1/thumb/v6-m/nofp\libgcc.a
LOAD C:/Program Files (x86)/Arm GNU Toolchain arm-none-eabi/13.2 Rel1/bin/../lib/gcc/arm-none-eabi/13.2.1/thumb/v6-m/nofp\libc_nano.a
END GROUP
START GROUP
LOAD C:/Program Files (x86)/Arm GNU Toolchain arm-none-eabi/13.2 Rel1/bin/../lib/gcc/arm-none-eabi/13.2.1/thumb/v6-m/nofp\libgcc.a
LOAD C:/Program Files (x86)/Arm GNU Toolchain arm-none-eabi/13.2 Rel1/bin/../lib/gcc/arm-none-eabi/13.2.1/thumb/v6-m/nofp\libc_nano.a
END GROUP
LOAD C:/Program Files (x86)/Arm GNU Toolchain arm-none-eabi/13.2 Rel1/bin/../lib/gcc/arm-none-eabi/13.2.1/thumb/v6-m/nofp/crtend.o
LOAD C:/Program Files (x86)/Arm GNU Toolchain arm-none-eabi/13.2 Rel1/bin/../lib/gcc/arm-none-eabi/13.2.1/thumb/v6-m/nofp/crtn.o

.text           0x00004000    0x1863c
                0x00004000                        . = ALIGN (0x4)
                0x00004000                        _sfixed = .
 *(.vectors .vectors.*)
 .vectors       0x00004000       0xbc C:\Eclipse\Firmware-3.6\CoreN2G\SAMC21_CAN_RTOS\libCoreN2G.a(./src/SAME5x_C21/SAMC21/Vectors.o)
                0x00004000                exception_table
 *(.text .text.* .gnu.linkonce.t.*)
 .text.deregister_tm_clones
                0x000040bc       0x20 C:/Program Files (x86)/Arm GNU Toolchain arm-none-eabi/13.2 Rel1/bin/../lib/gcc/arm-none-eabi/13.2.1/thumb/v6-m/nofp/crtbegin.o
 .text.register_tm_clones
                0x000040dc       0x28 C:/Program Files (x86)/Arm GNU Toolchain arm-none-eabi/13.2 Rel1/bin/../lib/gcc/arm-none-eabi/13.2.1/thumb/v6-m/nofp/crtbegin.o
 .text.__do_global_dtors_aux
                0x00004104       0x2c C:/Program Files (x86)/Arm GNU Toolchain arm-none-eabi/13.2 Rel1/bin/../lib/gcc/arm-none-eabi/13.2.1/thumb/v6-m/nofp/crtbegin.o
 .text.frame_dummy
                0x00004130       0x24 C:/Program Files (x86)/Arm GNU Toolchain arm-none-eabi/13.2 Rel1/bin/../lib/gcc/arm-none-eabi/13.2.1/thumb/v6-m/nofp/crtbegin.o
 .text.__errno  0x00004154        0xc ./src/libc/errno.o
                0x00004154                __errno
 .text.malloc   0x00004160      0x14c ./src/libc/nano-mallocr.o
                0x00004160                malloc
 .text.free     0x000042ac       0xc0 ./src/libc/nano-mallocr.o
                0x000042ac                free
 .text._ZN15AveragingFilterILj8EE22CallbackFeedIntoFilterE17CallbackParameterm
                0x0000436c       0x38 ./src/Platform/Platform.o
                0x0000436c                AveragingFilter<8u>::CallbackFeedIntoFilter(CallbackParameter, unsigned long)
 .text._ZN8PlatformL11ShutdownAllEv
                0x000043a4       0x1c ./src/Platform/Platform.o
 .text._ZN8Platform8WriteLedEhb
                0x000043c0       0x1c ./src/Platform/Platform.o
                0x000043c0                Platform::WriteLed(unsigned char, bool)
 .text._ZN8Platform4InitEv
                0x000043dc      0x23c ./src/Platform/Platform.o
                0x000043dc                Platform::Init()
 .text._ZN8Platform11InitMinimalEv
                0x00004618       0xf8 ./src/Platform/Platform.o
                0x00004618                Platform::InitMinimal()
 .text._ZN8Platform11SpinMinimalEv
                0x00004710       0x74 ./src/Platform/Platform.o
                0x00004710                Platform::SpinMinimal()
 .text._ZN8Platform4SpinEv
                0x00004784      0x2c0 ./src/Platform/Platform.o
                0x00004784                Platform::Spin()
 .text._ZN8Platform23GetAveragingFilterIndexERK6IoPort
                0x00004a44       0x14 ./src/Platform/Platform.o
                0x00004a44                Platform::GetAveragingFilterIndex(IoPort const&)
 .text._ZN8Platform20InitThermistorFilterERK6IoPort
                0x00004a58       0x7c ./src/Platform/Platform.o
                0x00004a58                Platform::InitThermistorFilter(IoPort const&)
 .text._ZN8Platform12GetAdcFilterEj
                0x00004ad4       0x10 ./src/Platform/Platform.o
                0x00004ad4                Platform::GetAdcFilter(unsigned int)
 .text._ZN8Platform18GetMcuTemperaturesEv
                0x00004ae4        0x8 ./src/Platform/Platform.o
                0x00004ae4                Platform::GetMcuTemperatures()
 .text._ZN8Platform20KickHeatTaskWatchdogEv
                0x00004aec        0xc ./src/Platform/Platform.o
                0x00004aec                Platform::KickHeatTaskWatchdog()
 .text._ZN8Platform5DebugE6Module
                0x00004af8       0x14 ./src/Platform/Platform.o
                0x00004af8                Platform::Debug(Module)
 .text._ZN8Platform17ProcessRemoteM111ERK17CanMessageGenericRK9StringRef
                0x00004b0c      0x138 ./src/Platform/Platform.o
                0x00004b0c                Platform::ProcessRemoteM111(CanMessageGeneric const&, StringRef const&)
 .text._ZN8Platform11GetUniqueIdEv
                0x00004c44        0x8 ./src/Platform/Platform.o
                0x00004c44                Platform::GetUniqueId()
 .text._ZN8Platform4TickEv
                0x00004c4c       0x10 ./src/Platform/Platform.o
                0x00004c4c                Platform::Tick()
 .text._ZN8Platform19StartFirmwareUpdateEv
                0x00004c5c       0x1c ./src/Platform/Platform.o
                0x00004c5c                Platform::StartFirmwareUpdate()
 .text._ZN8Platform21StartBootloaderUpdateEv
                0x00004c78       0x1c ./src/Platform/Platform.o
                0x00004c78                Platform::StartBootloaderUpdate()
 .text._ZN8Platform10StartResetEv
                0x00004c94       0x1c ./src/Platform/Platform.o
                0x00004c94                Platform::StartReset()
 .text._ZN8Platform13EmergencyStopEv
                0x00004cb0       0x1c ./src/Platform/Platform.o
                0x00004cb0                Platform::EmergencyStop()
 .text._ZN8Platform22OnProcessingCanMessageEv
                0x00004ccc       0x18 ./src/Platform/Platform.o
                0x00004ccc                Platform::OnProcessingCanMessage()
 .text._ZN8Platform16DoDiagnosticTestERK24CanMessageDiagnosticTestRK9StringRef
                0x00004ce4      0x324 ./src/Platform/Platform.o
                0x00004ce4                Platform::DoDiagnosticTest(CanMessageDiagnosticTest const&, StringRef const&)
 .text._ZN8Platform18WasDeliberateErrorEv
                0x00005008        0xc ./src/Platform/Platform.o
                0x00005008                Platform::WasDeliberateError()
 .text._ZN8Platform16GetPowerVoltagesEb
                0x00005014       0x68 ./src/Platform/Platform.o
                0x00005014                Platform::GetPowerVoltages(bool)
 .text._ZN8Platform20GetCurrentVinVoltageEv
                0x0000507c       0x1c ./src/Platform/Platform.o
                0x0000507c                Platform::GetCurrentVinVoltage()
 .text._ZN8Platform29AppendBoardAndFirmwareDetailsERK9StringRef
                0x00005098       0x20 ./src/Platform/Platform.o
                0x00005098                Platform::AppendBoardAndFirmwareDetails(StringRef const&)
 .text._ZN8Platform17AppendDiagnosticsERK9StringRef
                0x000050b8       0xd8 ./src/Platform/Platform.o
                0x000050b8                Platform::AppendDiagnostics(StringRef const&)
 .text.SERCOM1_Handler
                0x00005190       0x10 ./src/Platform/Platform.o
                0x00005190                SERCOM1_Handler
 .text.startup._GLOBAL__sub_I__ZN8Platform8uniqueIdE
                0x000051a0       0x88 ./src/Platform/Platform.o
 .text.MainTask
                0x00005228       0x18 ./src/Platform/Tasks.o
                0x00005228                MainTask
 .text._ZN4TaskILj50EED2Ev
                0x00005240        0xc ./src/Platform/Tasks.o
                0x00005240                Task<50u>::~Task()
                0x00005240                Task<50u>::~Task()
 .text.UpdateBootloaderTask
                0x0000524c      0x43c ./src/Platform/Tasks.o
                0x0000524c                UpdateBootloaderTask
 .text._sbrk    0x00005688       0x24 ./src/Platform/Tasks.o
                0x00005688                _sbrk
 .text.unlikely.abort
                0x000056ac        0x2 ./src/Platform/Tasks.o
                0x000056ac                abort
 *fill*         0x000056ae        0x2 
 .text.__register_exitproc
                0x000056b0        0x4 ./src/Platform/Tasks.o
                0x000056b0                __register_exitproc
 .text.vApplicationGetIdleTaskMemory
                0x000056b4       0x14 ./src/Platform/Tasks.o
                0x000056b4                vApplicationGetIdleTaskMemory
 .text.GetMallocMutex
                0x000056c8       0x1c ./src/Platform/Tasks.o
                0x000056c8                GetMallocMutex
 .text.ReleaseMallocMutex
                0x000056e4       0x18 ./src/Platform/Tasks.o
                0x000056e4                ReleaseMallocMutex
 .text._ZN5Tasks12GetNVMBufferEPKm
                0x000056fc       0x28 ./src/Platform/Tasks.o
                0x000056fc                Tasks::GetNVMBuffer(unsigned long const*)
 .text._Z7AppMainv
                0x00005724      0x1b0 ./src/Platform/Tasks.o
                0x00005724                AppMain()
 .text._ZN5Tasks15GetNeverUsedRamEv
                0x000058d4       0x14 ./src/Platform/Tasks.o
                0x000058d4                Tasks::GetNeverUsedRam()
 .text.TaskGetRunTimeTicks
                0x000058e8       0x28 ./src/Platform/Tasks.o
                0x000058e8                TaskGetRunTimeTicks
 .text.TaskResetRunTimeCounter
                0x00005910       0x48 ./src/Platform/Tasks.o
                0x00005910                TaskResetRunTimeCounter
 .text._ZN5Tasks11DiagnosticsERK9StringRef
                0x00005958      0x2d4 ./src/Platform/Tasks.o
                0x00005958                Tasks::Diagnostics(StringRef const&)
 .text.vApplicationTickHook
                0x00005c2c       0x1c ./src/Platform/Tasks.o
                0x00005c2c                vApplicationTickHook
 .text._ZN5Tasks8DoDivideEmm
                0x00005c48        0x8 ./src/Platform/Tasks.o
                0x00005c48                Tasks::DoDivide(unsigned long, unsigned long)
 .text._ZN5Tasks12DoMemoryLeakEv
                0x00005c50       0x38 ./src/Platform/Tasks.o
                0x00005c50                Tasks::DoMemoryLeak()
 .text._ZN5Tasks12DoMemoryReadEPKm
                0x00005c88        0x4 ./src/Platform/Tasks.o
                0x00005c88                Tasks::DoMemoryRead(unsigned long const*)
 .text._Z18MessageBufferAllocjSt11align_val_t
                0x00005c8c       0x38 ./src/Platform/Tasks.o
                0x00005c8c                MessageBufferAlloc(unsigned int, std::align_val_t)
 .text.startup._GLOBAL__sub_I_sysStackLimit
                0x00005cc4       0x3c ./src/Platform/Tasks.o
 .text._ZN9StepTimer4InitEv
                0x00005d00       0xb0 ./src/Movement/StepTimer.o
                0x00005d00                StepTimer::Init()
 .text._ZN9StepTimer13GetTimerTicksEv
                0x00005db0       0x20 ./src/Movement/StepTimer.o
                0x00005db0                StepTimer::GetTimerTicks()
 .text._ZN9StepTimer35GetTimerTicksWhenInterruptsDisabledEv
                0x00005dd0       0x18 ./src/Movement/StepTimer.o
                0x00005dd0                StepTimer::GetTimerTicksWhenInterruptsDisabled()
 .text._ZN9StepTimer11CheckSyncedEv
                0x00005de8       0x44 ./src/Movement/StepTimer.o
                0x00005de8                StepTimer::CheckSynced()
 .text._ZN9StepTimer22ProcessTimeSyncMessageERK18CanMessageTimeSyncjt
                0x00005e2c      0x22c ./src/Movement/StepTimer.o
                0x00005e2c                StepTimer::ProcessTimeSyncMessage(CanMessageTimeSync const&, unsigned int, unsigned short)
 .text._ZN9StepTimer11DiagnosticsERK9StringRef
                0x00006058       0xbc ./src/Movement/StepTimer.o
                0x00006058                StepTimer::Diagnostics(StringRef const&)
 .text._ZNK12LedStripBase11GetTypeTextEv
                0x00006114       0x24 ./src/LedStrips/LedStripBase.o
                0x00006114                LedStripBase::GetTypeText() const
 .text._ZN15LedStripManager13HandleM950LedERK17CanMessageGenericRK9StringRefRh
                0x00006138      0x140 ./src/LedStrips/LedStripManager.o
                0x00006138                LedStripManager::HandleM950Led(CanMessageGeneric const&, StringRef const&, unsigned char&)
 .text._ZN15LedStripManager19HandleLedSetColoursERK17CanMessageGenericRK9StringRef
                0x00006278       0x94 ./src/LedStrips/LedStripManager.o
                0x00006278                LedStripManager::HandleLedSetColours(CanMessageGeneric const&, StringRef const&)
 .text.startup._GLOBAL__sub_I__ZN15LedStripManager7ledLockE
                0x0000630c       0x18 ./src/LedStrips/LedStripManager.o
 .text._ZNK13LocalLedStrip16MustStopMovementEv
                0x00006324        0x4 ./src/LedStrips/LocalLedStrip.o
                0x00006324                LocalLedStrip::MustStopMovement() const
 .text._ZN13LocalLedStripC2E12LedStripTypem
                0x00006328       0x2c ./src/LedStrips/LocalLedStrip.o
                0x00006328                LocalLedStrip::LocalLedStrip(LedStripType, unsigned long)
                0x00006328                LocalLedStrip::LocalLedStrip(LedStripType, unsigned long)
 .text._ZN13LocalLedStripD2Ev
                0x00006354       0x24 ./src/LedStrips/LocalLedStrip.o
                0x00006354                LocalLedStrip::~LocalLedStrip()
                0x00006354                LocalLedStrip::~LocalLedStrip()
 .text._ZN13LocalLedStrip15CommonConfigureER23CanMessageGenericParserRK9StringRefRbRh
                0x00006378       0xa0 ./src/LedStrips/LocalLedStrip.o
                0x00006378                LocalLedStrip::CommonConfigure(CanMessageGenericParser&, StringRef const&, bool&, unsigned char&)
 .text._ZN13LocalLedStrip19CommonReportDetailsERK9StringRef
                0x00006418       0x54 ./src/LedStrips/LocalLedStrip.o
                0x00006418                LocalLedStrip::CommonReportDetails(StringRef const&)
 .text._ZN13LocalLedStrip9LedParams13GetM150ParamsER23CanMessageGenericParser
                0x0000646c       0x90 ./src/LedStrips/LocalLedStrip.o
                0x0000646c                LocalLedStrip::LedParams::GetM150Params(CanMessageGenericParser&)
 .text._ZN13LocalLedStrip9LedParams15ApplyBrightnessEv
                0x000064fc       0x30 ./src/LedStrips/LocalLedStrip.o
                0x000064fc                LocalLedStrip::LedParams::ApplyBrightness()
 .text._ZNK16NeoPixelLedStrip14GetBytesPerLedEv
                0x0000652c        0x8 ./src/LedStrips/NeoPixelLedStrip.o
                0x0000652c                NeoPixelLedStrip::GetBytesPerLed() const
 .text._ZN16NeoPixelLedStrip9ConfigureER23CanMessageGenericParserRK9StringRefRh
                0x00006534       0x30 ./src/LedStrips/NeoPixelLedStrip.o
                0x00006534                NeoPixelLedStrip::Configure(CanMessageGenericParser&, StringRef const&, unsigned char&)
 .text._ZN16NeoPixelLedStripD2Ev
                0x00006564       0x14 ./src/LedStrips/NeoPixelLedStrip.o
                0x00006564                NeoPixelLedStrip::~NeoPixelLedStrip()
                0x00006564                NeoPixelLedStrip::~NeoPixelLedStrip()
 .text._ZN16NeoPixelLedStripD0Ev
                0x00006578       0x1c ./src/LedStrips/NeoPixelLedStrip.o
                0x00006578                NeoPixelLedStrip::~NeoPixelLedStrip()
 .text._ZN16NeoPixelLedStripC2Eb
                0x00006594       0x34 ./src/LedStrips/NeoPixelLedStrip.o
                0x00006594                NeoPixelLedStrip::NeoPixelLedStrip(bool)
                0x00006594                NeoPixelLedStrip::NeoPixelLedStrip(bool)
 .text._ZN16NeoPixelLedStrip10HandleM150ER23CanMessageGenericParserRK9StringRef
                0x000065c8       0xd4 ./src/LedStrips/NeoPixelLedStrip.o
                0x000065c8                NeoPixelLedStrip::HandleM150(CanMessageGenericParser&, StringRef const&)
 .text._ZN12InputMonitor25CommonAnalogPortInterruptE17CallbackParameterm
                0x0000669c       0x28 ./src/InputMonitors/InputMonitor.o
                0x0000669c                InputMonitor::CommonAnalogPortInterrupt(CallbackParameter, unsigned long)
 .text._ZN12InputMonitor8ActivateEv.part.0
                0x000066c4       0x94 ./src/InputMonitors/InputMonitor.o
 .text._ZN12InputMonitor26CommonDigitalPortInterruptE17CallbackParameter
                0x00006758       0x24 ./src/InputMonitors/InputMonitor.o
                0x00006758                InputMonitor::CommonDigitalPortInterrupt(CallbackParameter)
 .text._ZN12InputMonitor12SetTriggeredEv
                0x0000677c       0x10 ./src/InputMonitors/InputMonitor.o
                0x0000677c                InputMonitor::SetTriggered()
 .text._ZN12InputMonitor15AnalogInterruptEm
                0x0000678c       0x28 ./src/InputMonitors/InputMonitor.o
                0x0000678c                InputMonitor::AnalogInterrupt(unsigned long)
 .text._ZN12InputMonitor4InitEv
                0x000067b4        0x4 ./src/InputMonitors/InputMonitor.o
                0x000067b4                InputMonitor::Init()
 .text._ZN12InputMonitor6DeleteEt
                0x000067b8       0xb4 ./src/InputMonitors/InputMonitor.o
                0x000067b8                InputMonitor::Delete(unsigned short)
 .text._ZN12InputMonitor6CreateERK31CanMessageCreateInputMonitorNewjRK9StringRefRh
                0x0000686c      0x178 ./src/InputMonitors/InputMonitor.o
                0x0000686c                InputMonitor::Create(CanMessageCreateInputMonitorNew const&, unsigned int, StringRef const&, unsigned char&)
 .text._ZN12InputMonitor6ChangeERK31CanMessageChangeInputMonitorNewRK9StringRefRh
                0x000069e4      0x244 ./src/InputMonitors/InputMonitor.o
                0x000069e4                InputMonitor::Change(CanMessageChangeInputMonitorNew const&, StringRef const&, unsigned char&)
 .text._ZN12InputMonitor15AddStateChangesEP25CanMessageInputChangedNew
                0x00006c28       0xf8 ./src/InputMonitors/InputMonitor.o
                0x00006c28                InputMonitor::AddStateChanges(CanMessageInputChangedNew*)
 .text._ZN12InputMonitor10ReadInputsEP16CanMessageBuffer
                0x00006d20      0x128 ./src/InputMonitors/InputMonitor.o
                0x00006d20                InputMonitor::ReadInputs(CanMessageBuffer*)
 .text._ZN12InputMonitor19AddAnalogHandleDataEPhj
                0x00006e48       0x70 ./src/InputMonitors/InputMonitor.o
                0x00006e48                InputMonitor::AddAnalogHandleData(unsigned char*, unsigned int)
 .text.startup._GLOBAL__sub_I__ZN12InputMonitor12monitorsListE
                0x00006eb8       0x10 ./src/InputMonitors/InputMonitor.o
 .text._ZNK17TemperatureSensor23GetNumAdditionalOutputsEv
                0x00006ec8        0x4 ./src/Heating/Sensors/AdditionalOutputSensor.o
                0x00006ec8                TemperatureSensor::GetNumAdditionalOutputs() const
 .text._ZNK17TemperatureSensor28GetTemperatureReadingTimeoutEv
                0x00006ecc        0x8 ./src/Heating/Sensors/AdditionalOutputSensor.o
                0x00006ecc                TemperatureSensor::GetTemperatureReadingTimeout() const
 .text._ZNK17TemperatureSensor16AppendPinDetailsERK9StringRef
                0x00006ed4        0x4 ./src/Heating/Sensors/CpuTemperatureSensor.o
                0x00006ed4                TemperatureSensor::AppendPinDetails(StringRef const&) const
 .text._ZN20CpuTemperatureSensor4PollEv
                0x00006ed8       0x1c ./src/Heating/Sensors/CpuTemperatureSensor.o
                0x00006ed8                CpuTemperatureSensor::Poll()
 .text._ZN20CpuTemperatureSensorD2Ev
                0x00006ef4       0x14 ./src/Heating/Sensors/CpuTemperatureSensor.o
                0x00006ef4                CpuTemperatureSensor::~CpuTemperatureSensor()
                0x00006ef4                CpuTemperatureSensor::~CpuTemperatureSensor()
 .text._ZN20CpuTemperatureSensorD0Ev
                0x00006f08       0x1c ./src/Heating/Sensors/CpuTemperatureSensor.o
                0x00006f08                CpuTemperatureSensor::~CpuTemperatureSensor()
 .text._ZN20CpuTemperatureSensorUljE_4_FUNEj
                0x00006f24       0x24 ./src/Heating/Sensors/CpuTemperatureSensor.o
 .text.startup._GLOBAL__sub_I__ZN20CpuTemperatureSensor14typeDescriptorE
                0x00006f48       0x1c ./src/Heating/Sensors/CpuTemperatureSensor.o
 .text._ZN18LinearAnalogSensor4PollEv
                0x00006f64       0x60 ./src/Heating/Sensors/LinearAnalogSensor.o
                0x00006f64                LinearAnalogSensor::Poll()
 .text._ZN18LinearAnalogSensorD2Ev
                0x00006fc4       0x14 ./src/Heating/Sensors/LinearAnalogSensor.o
                0x00006fc4                LinearAnalogSensor::~LinearAnalogSensor()
                0x00006fc4                LinearAnalogSensor::~LinearAnalogSensor()
 .text._ZN18LinearAnalogSensorD0Ev
                0x00006fd8       0x1c ./src/Heating/Sensors/LinearAnalogSensor.o
                0x00006fd8                LinearAnalogSensor::~LinearAnalogSensor()
 .text._ZN18LinearAnalogSensorUljE_4_FUNEj
                0x00006ff4       0x78 ./src/Heating/Sensors/LinearAnalogSensor.o
 .text._ZN18LinearAnalogSensor9ConfigureERK23CanMessageGenericParserRK9StringRef
                0x0000706c      0x15c ./src/Heating/Sensors/LinearAnalogSensor.o
                0x0000706c                LinearAnalogSensor::Configure(CanMessageGenericParser const&, StringRef const&)
 .text.startup._GLOBAL__sub_I__ZN18LinearAnalogSensor14typeDescriptorE
                0x000071c8       0x1c ./src/Heating/Sensors/LinearAnalogSensor.o
 .text._ZN12RemoteSensor9ConfigureERK23CanMessageGenericParserRK9StringRef
                0x000071e4        0x4 ./src/Heating/Sensors/RemoteSensor.o
                0x000071e4                RemoteSensor::Configure(CanMessageGenericParser const&, StringRef const&)
 .text._ZNK12RemoteSensor15GetBoardAddressEv
                0x000071e8        0x8 ./src/Heating/Sensors/RemoteSensor.o
                0x000071e8                RemoteSensor::GetBoardAddress() const
 .text._ZN12RemoteSensor4PollEv
                0x000071f0        0x4 ./src/Heating/Sensors/RemoteSensor.o
                0x000071f0                RemoteSensor::Poll()
 .text._ZN12RemoteSensorD2Ev
                0x000071f4       0x14 ./src/Heating/Sensors/RemoteSensor.o
                0x000071f4                RemoteSensor::~RemoteSensor()
                0x000071f4                RemoteSensor::~RemoteSensor()
 .text._ZN12RemoteSensorD0Ev
                0x00007208       0x1c ./src/Heating/Sensors/RemoteSensor.o
                0x00007208                RemoteSensor::~RemoteSensor()
 .text._ZN12RemoteSensor23UpdateRemoteTemperatureEhRK15CanSensorReport
                0x00007224       0x30 ./src/Heating/Sensors/RemoteSensor.o
                0x00007224                RemoteSensor::UpdateRemoteTemperature(unsigned char, CanSensorReport const&)
 .text._ZN12RemoteSensorC2Ejh
                0x00007254       0x20 ./src/Heating/Sensors/RemoteSensor.o
                0x00007254                RemoteSensor::RemoteSensor(unsigned int, unsigned char)
                0x00007254                RemoteSensor::RemoteSensor(unsigned int, unsigned char)
 .text._ZNK14SensorWithPort16AppendPinDetailsERK9StringRef
                0x00007274       0x20 ./src/Heating/Sensors/SensorWithPort.o
                0x00007274                SensorWithPort::AppendPinDetails(StringRef const&) const
 .text._ZN14SensorWithPortC2EjPKc
                0x00007294       0x1c ./src/Heating/Sensors/SensorWithPort.o
                0x00007294                SensorWithPort::SensorWithPort(unsigned int, char const*)
                0x00007294                SensorWithPort::SensorWithPort(unsigned int, char const*)
 .text._ZN14SensorWithPortD2Ev
                0x000072b0       0x28 ./src/Heating/Sensors/SensorWithPort.o
                0x000072b0                SensorWithPort::~SensorWithPort()
                0x000072b0                SensorWithPort::~SensorWithPort()
 .text._ZN14SensorWithPort13ConfigurePortERK23CanMessageGenericParserRK9StringRef9PinAccessRb
                0x000072d8       0x6c ./src/Heating/Sensors/SensorWithPort.o
                0x000072d8                SensorWithPort::ConfigurePort(CanMessageGenericParser const&, StringRef const&, PinAccess, bool&)
 .text._ZN17TemperatureSensor19GetAdditionalOutputERfh
                0x00007344       0x10 ./src/Heating/Sensors/TemperatureSensor.o
                0x00007344                TemperatureSensor::GetAdditionalOutput(float&, unsigned char)
 .text._ZN17TemperatureSensor25ConfigureAdditionalOutputERK23CanMessageGenericParserRK9StringRefRbh
                0x00007354        0x4 ./src/Heating/Sensors/TemperatureSensor.o
                0x00007354                TemperatureSensor::ConfigureAdditionalOutput(CanMessageGenericParser const&, StringRef const&, bool&, unsigned char)
 .text._ZN17TemperatureSensor32AppendAdditionalOutputParametersERK9StringRefh
                0x00007358        0x4 ./src/Heating/Sensors/TemperatureSensor.o
                0x00007358                TemperatureSensor::AppendAdditionalOutputParameters(StringRef const&, unsigned char)
 .text._ZN17TemperatureSensor23UpdateRemoteTemperatureEhRK15CanSensorReport
                0x0000735c        0x4 ./src/Heating/Sensors/TemperatureSensor.o
                0x0000735c                TemperatureSensor::UpdateRemoteTemperature(unsigned char, CanSensorReport const&)
 .text._ZNK17TemperatureSensor15GetBoardAddressEv
                0x00007360        0x8 ./src/Heating/Sensors/TemperatureSensor.o
                0x00007360                TemperatureSensor::GetBoardAddress() const
 .text._ZN17TemperatureSensor20SensorTypeDescriptorC2EPKcPDoFPS_jE
                0x00007368       0x14 ./src/Heating/Sensors/TemperatureSensor.o
                0x00007368                TemperatureSensor::SensorTypeDescriptor::SensorTypeDescriptor(char const*, TemperatureSensor* (*)(unsigned int) noexcept)
                0x00007368                TemperatureSensor::SensorTypeDescriptor::SensorTypeDescriptor(char const*, TemperatureSensor* (*)(unsigned int) noexcept)
 .text._ZN17TemperatureSensorC2EjPKc
                0x0000737c       0x20 ./src/Heating/Sensors/TemperatureSensor.o
                0x0000737c                TemperatureSensor::TemperatureSensor(unsigned int, char const*)
                0x0000737c                TemperatureSensor::TemperatureSensor(unsigned int, char const*)
 .text._ZN17TemperatureSensorD2Ev
                0x0000739c        0x4 ./src/Heating/Sensors/TemperatureSensor.o
                0x0000739c                TemperatureSensor::~TemperatureSensor()
                0x0000739c                TemperatureSensor::~TemperatureSensor()
 .text._ZN17TemperatureSensor20GetLatestTemperatureERf
                0x000073a0       0x48 ./src/Heating/Sensors/TemperatureSensor.o
                0x000073a0                TemperatureSensor::GetLatestTemperature(float&)
 .text._ZN17TemperatureSensor25ConfigureCommonParametersERK23CanMessageGenericParserRb
                0x000073e8       0x34 ./src/Heating/Sensors/TemperatureSensor.o
                0x000073e8                TemperatureSensor::ConfigureCommonParameters(CanMessageGenericParser const&, bool&)
 .text._ZNK17TemperatureSensor16CopyBasicDetailsERK9StringRef
                0x0000741c       0xd8 ./src/Heating/Sensors/TemperatureSensor.o
                0x0000741c                TemperatureSensor::CopyBasicDetails(StringRef const&) const
 .text._ZN17TemperatureSensor9ConfigureERK23CanMessageGenericParserRK9StringRef
                0x000074f4       0x4c ./src/Heating/Sensors/TemperatureSensor.o
                0x000074f4                TemperatureSensor::Configure(CanMessageGenericParser const&, StringRef const&)
 .text._ZN17TemperatureSensor9SetResultEf16TemperatureError
                0x00007540       0x38 ./src/Heating/Sensors/TemperatureSensor.o
                0x00007540                TemperatureSensor::SetResult(float, TemperatureError)
 .text._ZN17TemperatureSensor9SetResultE16TemperatureError
                0x00007578       0x20 ./src/Heating/Sensors/TemperatureSensor.o
                0x00007578                TemperatureSensor::SetResult(TemperatureError)
 .text._ZN17TemperatureSensor6CreateEjPKcRK9StringRef
                0x00007598       0x48 ./src/Heating/Sensors/TemperatureSensor.o
                0x00007598                TemperatureSensor::Create(unsigned int, char const*, StringRef const&)
 .text._ZN17TemperatureSensor19GetPT100TemperatureERft
                0x000075e0       0xb0 ./src/Heating/Sensors/TemperatureSensor.o
                0x000075e0                TemperatureSensor::GetPT100Temperature(float&, unsigned short)
 .text._ZN10ThermistorD2Ev
                0x00007690       0x14 ./src/Heating/Sensors/Thermistor.o
                0x00007690                Thermistor::~Thermistor()
                0x00007690                Thermistor::~Thermistor()
 .text._ZN10ThermistorD0Ev
                0x000076a4       0x1c ./src/Heating/Sensors/Thermistor.o
                0x000076a4                Thermistor::~Thermistor()
 .text._ZN10ThermistorUljE0_4_FUNEj
                0x000076c0       0x64 ./src/Heating/Sensors/Thermistor.o
 .text._ZN10ThermistorUljE_4_FUNEj
                0x00007724       0x64 ./src/Heating/Sensors/Thermistor.o
 .text._ZN10Thermistor4PollEv
                0x00007788      0x1a4 ./src/Heating/Sensors/Thermistor.o
                0x00007788                Thermistor::Poll()
 .text._ZN10Thermistor9ConfigureERK23CanMessageGenericParserRK9StringRef
                0x0000792c      0x21c ./src/Heating/Sensors/Thermistor.o
                0x0000792c                Thermistor::Configure(CanMessageGenericParser const&, StringRef const&)
 .text.startup._GLOBAL__sub_I__ZN10Thermistor20thermistorDescriptorE
                0x00007b48       0x30 ./src/Heating/Sensors/Thermistor.o
 .text._ZN5FopDt16CalcPidConstantsEf.part.0
                0x00007b78       0xf8 ./src/Heating/FOPDT.o
 .text._ZN5FopDtC2Ev
                0x00007c70       0x58 ./src/Heating/FOPDT.o
                0x00007c70                FopDt::FopDt()
                0x00007c70                FopDt::FopDt()
 .text._ZN5FopDt13SetParametersERK27CanMessageHeaterModelNewNewRK9StringRef
                0x00007cc8      0x230 ./src/Heating/FOPDT.o
                0x00007cc8                FopDt::SetParameters(CanMessageHeaterModelNewNew const&, StringRef const&)
 .text._ZN5FopDt16CalcPidConstantsEf
                0x00007ef8       0x10 ./src/Heating/FOPDT.o
                0x00007ef8                FopDt::CalcPidConstants(float)
 .text._ZNK5FopDt20CorrectPwmForVoltageEff
                0x00007f08       0x6c ./src/Heating/FOPDT.o
                0x00007f08                FopDt::CorrectPwmForVoltage(float, float) const
 .text._ZNK5FopDt22GetPwmCorrectionForFanEff
                0x00007f74       0x28 ./src/Heating/FOPDT.o
                0x00007f74                FopDt::GetPwmCorrectionForFan(float, float) const
 .text._ZNK5FopDt17GetNetHeatingRateEfff
                0x00007f9c       0x7c ./src/Heating/FOPDT.o
                0x00007f9c                FopDt::GetNetHeatingRate(float, float, float) const
 .text._ZNK5FopDt19EstimateRequiredPwmEff
                0x00008018       0x68 ./src/Heating/FOPDT.o
                0x00008018                FopDt::EstimateRequiredPwm(float, float) const
 .text._ZNK11LocalHeater7GetModeEv
                0x00008080        0x8 ./src/Heating/Heat.o
                0x00008080                LocalHeater::GetMode() const
 .text._ZN4HeatL17SendHeatersStatusER16CanMessageBuffer
                0x00008088      0x134 ./src/Heating/Heat.o
 .text._ZN4Heat8TaskLoopEPv
                0x000081bc      0x41c ./src/Heating/Heat.o
                0x000081bc                Heat::TaskLoop(void*)
 .text._ZN4Heat4InitEv
                0x000085d8       0x68 ./src/Heating/Heat.o
                0x000085d8                Heat::Init()
 .text._ZN4Heat14ProcessM307NewERK27CanMessageHeaterModelNewNewRK9StringRef
                0x00008640       0x60 ./src/Heating/Heat.o
                0x00008640                Heat::ProcessM307New(CanMessageHeaterModelNewNew const&, StringRef const&)
 .text._ZN4Heat11ProcessM308ERK17CanMessageGenericRK9StringRef
                0x000086a0      0x248 ./src/Heating/Heat.o
                0x000086a0                Heat::ProcessM308(CanMessageGeneric const&, StringRef const&)
 .text._ZN4Heat17SetFaultDetectionERK43CanMessageSetHeaterFaultDetectionParametersRK9StringRef
                0x000088e8       0x6c ./src/Heating/Heat.o
                0x000088e8                Heat::SetFaultDetection(CanMessageSetHeaterFaultDetectionParameters const&, StringRef const&)
 .text._ZN4Heat17SetHeaterMonitorsERK27CanMessageSetHeaterMonitorsRK9StringRef
                0x00008954       0x6c ./src/Heating/Heat.o
                0x00008954                Heat::SetHeaterMonitors(CanMessageSetHeaterMonitors const&, StringRef const&)
 .text._ZN4Heat20GetSensorTemperatureEiR16TemperatureError
                0x000089c0       0x58 ./src/Heating/Heat.o
                0x000089c0                Heat::GetSensorTemperature(int, TemperatureError&)
 .text._ZN4Heat26ProcessRemoteSensorsReportEhRK28CanMessageSensorTemperatures
                0x00008a18      0x13c ./src/Heating/Heat.o
                0x00008a18                Heat::ProcessRemoteSensorsReport(unsigned char, CanMessageSensorTemperatures const&)
 .text._ZN4Heat12SwitchOffAllEv
                0x00008b54       0x34 ./src/Heating/Heat.o
                0x00008b54                Heat::SwitchOffAll()
 .text._ZN4Heat14SetTemperatureERK30CanMessageSetHeaterTemperatureRK9StringRef
                0x00008b88       0x60 ./src/Heating/Heat.o
                0x00008b88                Heat::SetTemperature(CanMessageSetHeaterTemperature const&, StringRef const&)
 .text._ZN4Heat13TuningCommandERK29CanMessageHeaterTuningCommandRK9StringRef
                0x00008be8       0x94 ./src/Heating/Heat.o
                0x00008be8                Heat::TuningCommand(CanMessageHeaterTuningCommand const&, StringRef const&)
 .text._ZN4Heat11FeedForwardERK30CanMessageHeaterFeedForwardNewRK9StringRef
                0x00008c7c       0x60 ./src/Heating/Heat.o
                0x00008c7c                Heat::FeedForward(CanMessageHeaterFeedForwardNew const&, StringRef const&)
 .text._ZN4Heat10FindSensorEi
                0x00008cdc       0x3c ./src/Heating/Heat.o
                0x00008cdc                Heat::FindSensor(int)
 .text._ZN4Heat19FindSensorAtOrAboveEj
                0x00008d18       0x3c ./src/Heating/Heat.o
                0x00008d18                Heat::FindSensorAtOrAbove(unsigned int)
 .text._ZN4Heat11DiagnosticsERK9StringRef
                0x00008d54       0x64 ./src/Heating/Heat.o
                0x00008d54                Heat::Diagnostics(StringRef const&)
 .text.startup._GLOBAL__sub_I__ZN4Heat15IsHeaterEnabledEj
                0x00008db8       0x18 ./src/Heating/Heat.o
 .text._ZN4Heat15ConfigureHeaterERK17CanMessageGenericRK9StringRef
                0x00008dd0      0x164 ./src/Heating/Heat.o
                0x00008dd0                Heat::ConfigureHeater(CanMessageGeneric const&, StringRef const&)
 .text._ZN6Heater11ResetHeaterEv
                0x00008f34        0xc ./src/Heating/Heater.o
                0x00008f34                Heater::ResetHeater()
 .text._ZN6Heater9SwitchOffEv
                0x00008f40        0x8 ./src/Heating/Heater.o
                0x00008f40                Heater::SwitchOff()
 .text._ZN6HeaterC2Ej
                0x00008f48       0x5c ./src/Heating/Heater.o
                0x00008f48                Heater::Heater(unsigned int)
                0x00008f48                Heater::Heater(unsigned int)
 .text._ZN6HeaterD2Ev
                0x00008fa4        0x4 ./src/Heating/Heater.o
                0x00008fa4                Heater::~Heater()
                0x00008fa4                Heater::~Heater()
 .text._ZN6Heater27SetFaultDetectionParametersERK43CanMessageSetHeaterFaultDetectionParametersRK9StringRef
                0x00008fa8       0x4c ./src/Heating/Heater.o
                0x00008fa8                Heater::SetFaultDetectionParameters(CanMessageSetHeaterFaultDetectionParameters const&, StringRef const&)
 .text._ZN6Heater17SetHeaterMonitorsERK27CanMessageSetHeaterMonitorsRK9StringRef
                0x00008ff4       0x88 ./src/Heating/Heater.o
                0x00008ff4                Heater::SetHeaterMonitors(CanMessageSetHeaterMonitors const&, StringRef const&)
 .text._ZNK6Heater26GetHighestTemperatureLimitEv
                0x0000907c       0x98 ./src/Heating/Heater.o
                0x0000907c                Heater::GetHighestTemperatureLimit() const
 .text._ZN6Heater8SetModelEjRK27CanMessageHeaterModelNewNewRK9StringRef
                0x00009114       0x50 ./src/Heating/Heater.o
                0x00009114                Heater::SetModel(unsigned int, CanMessageHeaterModelNewNew const&, StringRef const&)
 .text._ZN6Heater14SetTemperatureERK30CanMessageSetHeaterTemperatureRK9StringRef
                0x00009164      0x158 ./src/Heating/Heater.o
                0x00009164                Heater::SetTemperature(CanMessageSetHeaterTemperature const&, StringRef const&)
 .text._ZN13HeaterMonitorC2Ev
                0x000092bc        0x8 ./src/Heating/HeaterMonitor.o
                0x000092bc                HeaterMonitor::HeaterMonitor()
                0x000092bc                HeaterMonitor::HeaterMonitor()
 .text._ZN13HeaterMonitor5CheckEm
                0x000092c4       0x6c ./src/Heating/HeaterMonitor.o
                0x000092c4                HeaterMonitor::Check(unsigned long)
 .text._ZNK11LocalHeater14GetTemperatureEv
                0x00009330        0x8 ./src/Heating/LocalHeater.o
                0x00009330                LocalHeater::GetTemperature() const
 .text._ZNK11LocalHeater14GetAccumulatorEv
                0x00009338        0x8 ./src/Heating/LocalHeater.o
                0x00009338                LocalHeater::GetAccumulator() const
 .text._ZN11LocalHeater15SetPwmFrequencyEtRK9StringRef
                0x00009340        0x8 ./src/Heating/LocalHeater.o
                0x00009340                LocalHeater::SetPwmFrequency(unsigned short, StringRef const&)
 .text._ZN11LocalHeater11UpdateModelERK9StringRef
                0x00009348        0x4 ./src/Heating/LocalHeater.o
                0x00009348                LocalHeater::UpdateModel(StringRef const&)
 .text._ZNK11LocalHeater13GetAveragePWMEv
                0x0000934c        0x8 ./src/Heating/LocalHeater.o
                0x0000934c                LocalHeater::GetAveragePWM() const
 .text._ZN11LocalHeater22ConfigurePortAndSensorEPKctjRK9StringRef
                0x00009354       0x74 ./src/Heating/LocalHeater.o
                0x00009354                LocalHeater::ConfigurePortAndSensor(char const*, unsigned short, unsigned int, StringRef const&)
 .text._ZNK11LocalHeater13ReportDetailsERK9StringRef
                0x000093c8       0x50 ./src/Heating/LocalHeater.o
                0x000093c8                LocalHeater::ReportDetails(StringRef const&) const
 .text._ZN11LocalHeater16ApplyFeedForwardERK30CanMessageHeaterFeedForwardNewRK9StringRef
                0x00009418       0xb8 ./src/Heating/LocalHeater.o
                0x00009418                LocalHeater::ApplyFeedForward(CanMessageHeaterFeedForwardNew const&, StringRef const&)
 .text._ZN11LocalHeater7SuspendEb
                0x000094d0       0x44 ./src/Heating/LocalHeater.o
                0x000094d0                LocalHeater::Suspend(bool)
 .text._ZN11LocalHeater8SwitchOnERK9StringRef
                0x00009514       0xf4 ./src/Heating/LocalHeater.o
                0x00009514                LocalHeater::SwitchOn(StringRef const&)
 .text._ZN11LocalHeater18GetTuningCycleDataER28CanMessageHeaterTuningReport
                0x00009608       0xc0 ./src/Heating/LocalHeater.o
                0x00009608                LocalHeater::GetTuningCycleData(CanMessageHeaterTuningReport&)
 .text._ZN11LocalHeater16RaiseHeaterFaultE15HeaterFaultTypePKcz
                0x000096c8       0x48 ./src/Heating/LocalHeater.o
                0x000096c8                LocalHeater::RaiseHeaterFault(HeaterFaultType, char const*, ...)
 .text._ZN11LocalHeater11ResetHeaterEv
                0x00009710       0x38 ./src/Heating/LocalHeater.o
                0x00009710                LocalHeater::ResetHeater()
 .text._ZN11LocalHeaterC2Ej
                0x00009748       0x68 ./src/Heating/LocalHeater.o
                0x00009748                LocalHeater::LocalHeater(unsigned int)
                0x00009748                LocalHeater::LocalHeater(unsigned int)
 .text._ZN11LocalHeater9SwitchOffEv
                0x000097b0       0x34 ./src/Heating/LocalHeater.o
                0x000097b0                LocalHeater::SwitchOff()
 .text._ZN11LocalHeaterD2Ev
                0x000097e4       0x54 ./src/Heating/LocalHeater.o
                0x000097e4                LocalHeater::~LocalHeater()
                0x000097e4                LocalHeater::~LocalHeater()
 .text._ZN11LocalHeaterD0Ev
                0x00009838       0x5c ./src/Heating/LocalHeater.o
                0x00009838                LocalHeater::~LocalHeater()
 .text._ZN11LocalHeater10ResetFaultEv
                0x00009894       0x54 ./src/Heating/LocalHeater.o
                0x00009894                LocalHeater::ResetFault()
 .text._ZN11LocalHeater13TuningCommandERK29CanMessageHeaterTuningCommandRK9StringRef
                0x000098e8      0x128 ./src/Heating/LocalHeater.o
                0x000098e8                LocalHeater::TuningCommand(CanMessageHeaterTuningCommand const&, StringRef const&)
 .text._ZN11LocalHeater12DoTuningStepEv
                0x00009a10      0x2c0 ./src/Heating/LocalHeater.o
                0x00009a10                LocalHeater::DoTuningStep()
 .text._ZN11LocalHeater4SpinEv
                0x00009cd0      0x7e4 ./src/Heating/LocalHeater.o
                0x00009cd0                LocalHeater::Spin()
 .text._ZN4TaskILj170EED2Ev
                0x0000a4b4        0xc ./src/Hardware/SAME5x_C21/SAMC21/Devices.o
                0x0000a4b4                Task<170u>::~Task()
                0x0000a4b4                Task<170u>::~Task()
 .text._Z10DeviceInitv
                0x0000a4c0       0x44 ./src/Hardware/SAME5x_C21/SAMC21/Devices.o
                0x0000a4c0                DeviceInit()
 .text.startup._GLOBAL__sub_I__Z10DeviceInitv
                0x0000a504       0x20 ./src/Hardware/SAME5x_C21/SAMC21/Devices.o
 .text._Z7AppInitv
                0x0000a524        0x4 ./src/Hardware/SAME5x_C21/SAMC21/Main.o
                0x0000a524                AppInit()
 .text._Z19AppGetXoscFrequencyv
                0x0000a528        0x4 ./src/Hardware/SAME5x_C21/SAMC21/Main.o
                0x0000a528                AppGetXoscFrequency()
 .text._ZN15SharedI2CMasterC2Eh
                0x0000a52c      0x12c ./src/Hardware/SAME5x_C21/SharedI2CMaster.o
                0x0000a52c                SharedI2CMaster::SharedI2CMaster(unsigned char)
                0x0000a52c                SharedI2CMaster::SharedI2CMaster(unsigned char)
 .text._ZN15SharedI2CMaster4TakeEm
                0x0000a658       0x18 ./src/Hardware/SAME5x_C21/SharedI2CMaster.o
                0x0000a658                SharedI2CMaster::Take(unsigned long)
 .text._ZN15SharedI2CMaster7ReleaseEv
                0x0000a670       0x20 ./src/Hardware/SAME5x_C21/SharedI2CMaster.o
                0x0000a670                SharedI2CMaster::Release()
 .text._ZN15SharedI2CMaster11DiagnosticsERK9StringRef
                0x0000a690       0x2c ./src/Hardware/SAME5x_C21/SharedI2CMaster.o
                0x0000a690                SharedI2CMaster::Diagnostics(StringRef const&)
 .text._ZN15SharedI2CMaster16InternalTransferEtPKhPhjj
                0x0000a6bc       0xc4 ./src/Hardware/SAME5x_C21/SharedI2CMaster.o
                0x0000a6bc                SharedI2CMaster::InternalTransfer(unsigned short, unsigned char const*, unsigned char*, unsigned int, unsigned int)
 .text._ZN15SharedI2CMaster8TransferEtPKhPhjj
                0x0000a780       0x8c ./src/Hardware/SAME5x_C21/SharedI2CMaster.o
                0x0000a780                SharedI2CMaster::Transfer(unsigned short, unsigned char const*, unsigned char*, unsigned int, unsigned int)
 .text._ZN15SharedI2CMaster9InterruptEv
                0x0000a80c      0x1c4 ./src/Hardware/SAME5x_C21/SharedI2CMaster.o
                0x0000a80c                SharedI2CMaster::Interrupt()
 .text._Z13SoftwareReset19SoftwareResetReasonPKm
                0x0000a9d0       0x50 ./src/Hardware/ExceptionHandlers.o
                0x0000a9d0                SoftwareReset(SoftwareResetReason, unsigned long const*)
 .text._Z18OutOfMemoryHandlerv
                0x0000aa20        0xc ./src/Hardware/ExceptionHandlers.o
                0x0000aa20                OutOfMemoryHandler()
 .text.hardFaultDispatcher
                0x0000aa2c        0xc ./src/Hardware/ExceptionHandlers.o
                0x0000aa2c                hardFaultDispatcher
 .text.HardFault_Handler
                0x0000aa38       0x18 ./src/Hardware/ExceptionHandlers.o
                0x0000aa38                HardFault_Handler
 .text.wdtFaultDispatcher
                0x0000aa50        0xc ./src/Hardware/ExceptionHandlers.o
                0x0000aa50                wdtFaultDispatcher
 .text.WDT_Handler
                0x0000aa5c       0x18 ./src/Hardware/ExceptionHandlers.o
                0x0000aa5c                WDT_Handler
 .text.stackOverflowDispatcher
                0x0000aa74        0xc ./src/Hardware/ExceptionHandlers.o
                0x0000aa74                stackOverflowDispatcher
 .text.vApplicationStackOverflowHook
                0x0000aa80        0xc ./src/Hardware/ExceptionHandlers.o
                0x0000aa80                vApplicationStackOverflowHook
 .text.assertCalledDispatcher
                0x0000aa8c        0xc ./src/Hardware/ExceptionHandlers.o
                0x0000aa8c                assertCalledDispatcher
 .text.vAssertCalled
                0x0000aa98        0xc ./src/Hardware/ExceptionHandlers.o
                0x0000aa98                vAssertCalled
 .text._ZNK6IoPort13AppendPinNameERK9StringRefb.constprop.0
                0x0000aaa4      0x108 ./src/Hardware/IoPorts.o
 .text._ZN6IoPort4InitEv
                0x0000abac       0x20 ./src/Hardware/IoPorts.o
                0x0000abac                IoPort::Init()
 .text._ZN6IoPortC2Ev
                0x0000abcc       0x10 ./src/Hardware/IoPorts.o
                0x0000abcc                IoPort::IoPort()
                0x0000abcc                IoPort::IoPort()
 .text._ZN6IoPort7ReleaseEv
                0x0000abdc       0x58 ./src/Hardware/IoPorts.o
                0x0000abdc                IoPort::Release()
 .text._ZNK6IoPort15AttachInterruptEPDoFv17CallbackParameterE13InterruptModeS0_
                0x0000ac34       0x28 ./src/Hardware/IoPorts.o
                0x0000ac34                IoPort::AttachInterrupt(void (*)(CallbackParameter) noexcept, InterruptMode, CallbackParameter) const
 .text._ZNK6IoPort15DetachInterruptEv
                0x0000ac5c       0x18 ./src/Hardware/IoPorts.o
                0x0000ac5c                IoPort::DetachInterrupt() const
 .text._ZN6IoPort17SetAnalogCallbackEPDoFv17CallbackParametermES0_m
                0x0000ac74       0x30 ./src/Hardware/IoPorts.o
                0x0000ac74                IoPort::SetAnalogCallback(void (*)(CallbackParameter, unsigned long) noexcept, CallbackParameter, unsigned long)
 .text._ZN6IoPort19ClearAnalogCallbackEv
                0x0000aca4       0x24 ./src/Hardware/IoPorts.o
                0x0000aca4                IoPort::ClearAnalogCallback()
 .text._ZN6IoPort7SetModeE9PinAccess
                0x0000acc8       0xc4 ./src/Hardware/IoPorts.o
                0x0000acc8                IoPort::SetMode(PinAccess)
 .text._ZNK6IoPort11ReadDigitalEv
                0x0000ad8c       0x24 ./src/Hardware/IoPorts.o
                0x0000ad8c                IoPort::ReadDigital() const
 .text._ZNK6IoPort10ReadAnalogEv
                0x0000adb0       0x48 ./src/Hardware/IoPorts.o
                0x0000adb0                IoPort::ReadAnalog() const
 .text._ZNK6IoPort18AppendBasicDetailsERK9StringRef
                0x0000adf8       0x60 ./src/Hardware/IoPorts.o
                0x0000adf8                IoPort::AppendBasicDetails(StringRef const&) const
 .text._ZNK6IoPort13AppendPinNameERK9StringRefb
                0x0000ae58      0x118 ./src/Hardware/IoPorts.o
                0x0000ae58                IoPort::AppendPinName(StringRef const&, bool) const
 .text._ZN6IoPort13LookupPinNameEPKcRhRbS3_
                0x0000af70       0xe0 ./src/Hardware/IoPorts.o
                0x0000af70                IoPort::LookupPinName(char const*, unsigned char&, bool&, bool&)
 .text._ZN6IoPort8AllocateEPKcRK9StringRef9PinUsedBy9PinAccess
                0x0000b050      0x164 ./src/Hardware/IoPorts.o
                0x0000b050                IoPort::Allocate(char const*, StringRef const&, PinUsedBy, PinAccess)
 .text._ZN6IoPort11AssignPortsEPKcRK9StringRef9PinUsedByjPKPS_PK9PinAccess
                0x0000b1b4      0x14c ./src/Hardware/IoPorts.o
                0x0000b1b4                IoPort::AssignPorts(char const*, StringRef const&, PinUsedBy, unsigned int, IoPort* const*, PinAccess const*)
 .text._ZN6IoPort13PinToAdcInputEhb
                0x0000b300       0x24 ./src/Hardware/IoPorts.o
                0x0000b300                IoPort::PinToAdcInput(unsigned char, bool)
 .text._ZN7PwmPortC2Ev
                0x0000b324       0x14 ./src/Hardware/IoPorts.o
                0x0000b324                PwmPort::PwmPort()
                0x0000b324                PwmPort::PwmPort()
 .text._ZNK7PwmPort15AppendFrequencyERK9StringRef
                0x0000b338       0x1c ./src/Hardware/IoPorts.o
                0x0000b338                PwmPort::AppendFrequency(StringRef const&) const
 .text._ZNK7PwmPort17AppendFullDetailsERK9StringRef
                0x0000b354       0x78 ./src/Hardware/IoPorts.o
                0x0000b354                PwmPort::AppendFullDetails(StringRef const&) const
 .text._ZNK7PwmPort11WriteAnalogEf
                0x0000b3cc       0x28 ./src/Hardware/IoPorts.o
                0x0000b3cc                PwmPort::WriteAnalog(float) const
 .text._ZN7LDC1612C2ER15SharedI2CMastert
                0x0000b3f4       0x14 ./src/Hardware/LDC1612.o
                0x0000b3f4                LDC1612::LDC1612(SharedI2CMaster&, unsigned short)
                0x0000b3f4                LDC1612::LDC1612(SharedI2CMaster&, unsigned short)
 .text._ZN7LDC161212CheckPresentEv
                0x0000b408       0x80 ./src/Hardware/LDC1612.o
                0x0000b408                LDC1612::CheckPresent()
 .text._ZN7LDC161216GetChannelResultEhRm
                0x0000b488       0x88 ./src/Hardware/LDC1612.o
                0x0000b488                LDC1612::GetChannelResult(unsigned char, unsigned long&)
 .text._ZN7LDC161215SetDriveCurrentEht
                0x0000b510       0x3c ./src/Hardware/LDC1612.o
                0x0000b510                LDC1612::SetDriveCurrent(unsigned char, unsigned short)
 .text._ZN7LDC161214IsChannelReadyEh
                0x0000b54c       0x40 ./src/Hardware/LDC1612.o
                0x0000b54c                LDC1612::IsChannelReady(unsigned char)
 .text._ZN7LDC161211Write16bitsENS_11LDCRegisterEt
                0x0000b58c       0x28 ./src/Hardware/LDC1612.o
                0x0000b58c                LDC1612::Write16bits(LDC1612::LDCRegister, unsigned short)
 .text._ZN7LDC161223SetDefaultConfigurationEhb
                0x0000b5b4      0x18c ./src/Hardware/LDC1612.o
                0x0000b5b4                LDC1612::SetDefaultConfiguration(unsigned char, bool)
 .text._ZN7LDC161221CalibrateDriveCurrentEh
                0x0000b740      0x1d0 ./src/Hardware/LDC1612.o
                0x0000b740                LDC1612::CalibrateDriveCurrent(unsigned char)
 .text._Z13Int1Interrupt17CallbackParameter
                0x0000b910       0x24 ./src/Hardware/LISAccelerometer.o
                0x0000b910                Int1Interrupt(CallbackParameter)
 .text._ZN16LISAccelerometerC2ER15SharedI2CMasterh
                0x0000b934       0x18 ./src/Hardware/LISAccelerometer.o
                0x0000b934                LISAccelerometer::LISAccelerometer(SharedI2CMaster&, unsigned char)
                0x0000b934                LISAccelerometer::LISAccelerometer(SharedI2CMaster&, unsigned char)
 .text._ZN16LISAccelerometer12CheckPresentEv
                0x0000b94c       0x8c ./src/Hardware/LISAccelerometer.o
                0x0000b94c                LISAccelerometer::CheckPresent()
 .text._ZNK16LISAccelerometer11GetTypeNameEv
                0x0000b9d8       0x24 ./src/Hardware/LISAccelerometer.o
                0x0000b9d8                LISAccelerometer::GetTypeName() const
 .text._ZN16LISAccelerometer10ReadStatusEv
                0x0000b9fc       0x34 ./src/Hardware/LISAccelerometer.o
                0x0000b9fc                LISAccelerometer::ReadStatus()
 .text._ZN16LISAccelerometer9ConfigureERtRh
                0x0000ba30      0x24c ./src/Hardware/LISAccelerometer.o
                0x0000ba30                LISAccelerometer::Configure(unsigned short&, unsigned char&)
 .text._ZN16LISAccelerometer15StartCollectingEh
                0x0000bc7c      0x164 ./src/Hardware/LISAccelerometer.o
                0x0000bc7c                LISAccelerometer::StartCollecting(unsigned char)
 .text._ZN16LISAccelerometer11CollectDataEPPKtRtRb
                0x0000bde0      0x11c ./src/Hardware/LISAccelerometer.o
                0x0000bde0                LISAccelerometer::CollectData(unsigned short const**, unsigned short&, bool&)
 .text._ZN16LISAccelerometer14StopCollectingEv
                0x0000befc       0x28 ./src/Hardware/LISAccelerometer.o
                0x0000befc                LISAccelerometer::StopCollecting()
 .text._ZN17NonVolatileMemoryC2E7NvmPage
                0x0000bf24       0x14 ./src/Hardware/NonVolatileMemory.o
                0x0000bf24                NonVolatileMemory::NonVolatileMemory(NvmPage)
                0x0000bf24                NonVolatileMemory::NonVolatileMemory(NvmPage)
 .text._ZN17NonVolatileMemory13EnsureWrittenEv
                0x0000bf38       0x50 ./src/Hardware/NonVolatileMemory.o
                0x0000bf38                NonVolatileMemory::EnsureWritten()
 .text._ZN17NonVolatileMemory23GetLastWrittenResetDataERj
                0x0000bf88       0xa0 ./src/Hardware/NonVolatileMemory.o
                0x0000bf88                NonVolatileMemory::GetLastWrittenResetData(unsigned int&)
 .text._ZN17NonVolatileMemory21AllocateResetDataSlotEv
                0x0000c028       0xc0 ./src/Hardware/NonVolatileMemory.o
                0x0000c028                NonVolatileMemory::AllocateResetDataSlot()
 .text._ZN15SharedI2CClientC2ER15SharedI2CMastert
                0x0000c0e8        0x8 ./src/Hardware/SharedI2CClient.o
                0x0000c0e8                SharedI2CClient::SharedI2CClient(SharedI2CMaster&, unsigned short)
                0x0000c0e8                SharedI2CClient::SharedI2CClient(SharedI2CMaster&, unsigned short)
 .text._ZN15SharedI2CClient8TransferEPKhPhjjmb
                0x0000c0f0       0x58 ./src/Hardware/SharedI2CClient.o
                0x0000c0f0                SharedI2CClient::Transfer(unsigned char const*, unsigned char*, unsigned int, unsigned int, unsigned long, bool)
 .text._ZNK17SoftwareResetData8IsVacantEv
                0x0000c148       0x1c ./src/Hardware/SoftwareReset.o
                0x0000c148                SoftwareResetData::IsVacant() const
 .text._ZN17SoftwareResetData5ClearEv
                0x0000c164        0xc ./src/Hardware/SoftwareReset.o
                0x0000c164                SoftwareResetData::Clear()
 .text._ZN17SoftwareResetData8PopulateEtPKm
                0x0000c170       0xe8 ./src/Hardware/SoftwareReset.o
                0x0000c170                SoftwareResetData::Populate(unsigned short, unsigned long const*)
 .text._ZNK17SoftwareResetData10PrintPart1EjRK9StringRef
                0x0000c258       0xf8 ./src/Hardware/SoftwareReset.o
                0x0000c258                SoftwareResetData::PrintPart1(unsigned int, StringRef const&) const
 .text._ZNK17SoftwareResetData10PrintPart2ERK9StringRef
                0x0000c350       0x38 ./src/Hardware/SoftwareReset.o
                0x0000c350                SoftwareResetData::PrintPart2(StringRef const&) const
 .text.__tcf_0  0x0000c388       0x1c ./src/GPIO/GpioPorts.o
 .text._ZN9GpioPorts14HandleM950GpioERK17CanMessageGenericRK9StringRef
                0x0000c3a4      0x138 ./src/GPIO/GpioPorts.o
                0x0000c3a4                GpioPorts::HandleM950Gpio(CanMessageGeneric const&, StringRef const&)
 .text._ZN9GpioPorts15HandleGpioWriteERK19CanMessageWriteGpioRK9StringRef
                0x0000c4dc       0x40 ./src/GPIO/GpioPorts.o
                0x0000c4dc                GpioPorts::HandleGpioWrite(CanMessageWriteGpio const&, StringRef const&)
 .text.startup._GLOBAL__sub_I__ZN9GpioPorts14HandleM950GpioERK17CanMessageGenericRK9StringRef
                0x0000c51c       0x2c ./src/GPIO/GpioPorts.o
 .text._ZN3FanC2Ej
                0x0000c548       0x38 ./src/Fans/Fan.o
                0x0000c548                Fan::Fan(unsigned int)
                0x0000c548                Fan::Fan(unsigned int)
 .text._ZN3Fan9ConfigureERK23CanMessageFanParametersRK9StringRef
                0x0000c580       0xb8 ./src/Fans/Fan.o
                0x0000c580                Fan::Configure(CanMessageFanParameters const&, StringRef const&)
 .text._ZN3Fan6SetPwmEf
                0x0000c638       0x10 ./src/Fans/Fan.o
                0x0000c638                Fan::SetPwm(float)
 .text._ZN8LocalFan15SetPwmFrequencyEt
                0x0000c648        0x4 ./src/Fans/FansManager.o
                0x0000c648                LocalFan::SetPwmFrequency(unsigned short)
 .text._ZN11FansManager9CheckFansEb
                0x0000c64c       0x4c ./src/Fans/FansManager.o
                0x0000c64c                FansManager::CheckFans(bool)
 .text._ZN11FansManager16ConfigureFanPortERK17CanMessageGenericRK9StringRef
                0x0000c698      0x1e0 ./src/Fans/FansManager.o
                0x0000c698                FansManager::ConfigureFanPort(CanMessageGeneric const&, StringRef const&)
 .text._ZN11FansManager12ConfigureFanERK23CanMessageFanParametersRK9StringRef
                0x0000c878       0x68 ./src/Fans/FansManager.o
                0x0000c878                FansManager::ConfigureFan(CanMessageFanParameters const&, StringRef const&)
 .text._ZN11FansManager11SetFanSpeedERK21CanMessageSetFanSpeedRK9StringRef
                0x0000c8e0       0x78 ./src/Fans/FansManager.o
                0x0000c8e0                FansManager::SetFanSpeed(CanMessageSetFanSpeed const&, StringRef const&)
 .text._ZN11FansManager18PopulateFansReportER20CanMessageFansReport
                0x0000c958      0x110 ./src/Fans/FansManager.o
                0x0000c958                FansManager::PopulateFansReport(CanMessageFansReport&)
 .text.startup._GLOBAL__sub_I__ZN11FansManager9CheckFansEb
                0x0000ca68       0x10 ./src/Fans/FansManager.o
 .text._ZNK8LocalFan9IsEnabledEv
                0x0000ca78       0x10 ./src/Fans/LocalFan.o
                0x0000ca78                LocalFan::IsEnabled() const
 .text._ZN8LocalFan20SetTachoPulsesPerRevEf
                0x0000ca88       0x18 ./src/Fans/LocalFan.o
                0x0000ca88                LocalFan::SetTachoPulsesPerRev(float)
 .text._ZN8LocalFan22UpdateFanConfigurationERK9StringRef
                0x0000caa0       0x10 ./src/Fans/LocalFan.o
                0x0000caa0                LocalFan::UpdateFanConfiguration(StringRef const&)
 .text._ZN8LocalFan5CheckEb
                0x0000cab0       0x24 ./src/Fans/LocalFan.o
                0x0000cab0                LocalFan::Check(bool)
 .text._ZN8LocalFanD2Ev
                0x0000cad4       0x38 ./src/Fans/LocalFan.o
                0x0000cad4                LocalFan::~LocalFan()
                0x0000cad4                LocalFan::~LocalFan()
 .text._ZN8LocalFan6GetRPMEv
                0x0000cb0c       0x38 ./src/Fans/LocalFan.o
                0x0000cb0c                LocalFan::GetRPM()
 .text._ZNK8LocalFan17ReportPortDetailsERK9StringRef
                0x0000cb44       0x74 ./src/Fans/LocalFan.o
                0x0000cb44                LocalFan::ReportPortDetails(StringRef const&) const
 .text._Z12FanInterrupt17CallbackParameter
                0x0000cbb8       0x24 ./src/Fans/LocalFan.o
                0x0000cbb8                FanInterrupt(CallbackParameter)
 .text._ZN8LocalFan7RefreshEb
                0x0000cbdc      0x330 ./src/Fans/LocalFan.o
                0x0000cbdc                LocalFan::Refresh(bool)
 .text._ZN8LocalFanD0Ev
                0x0000cf0c       0x40 ./src/Fans/LocalFan.o
                0x0000cf0c                LocalFan::~LocalFan()
 .text._ZN8LocalFanC2Ej
                0x0000cf4c       0x30 ./src/Fans/LocalFan.o
                0x0000cf4c                LocalFan::LocalFan(unsigned int)
                0x0000cf4c                LocalFan::LocalFan(unsigned int)
 .text._ZN8LocalFan11AssignPortsEPKcRK9StringRef
                0x0000cf7c       0x84 ./src/Fans/LocalFan.o
                0x0000cf7c                LocalFan::AssignPorts(char const*, StringRef const&)
 .text._Z21AccelerometerTaskCodePv
                0x0000d000      0x5d8 ./src/CommandProcessing/AccelerometerHandler.o
                0x0000d000                AccelerometerTaskCode(void*)
 .text._ZL20TranslateOrientationh.part.0
                0x0000d5d8       0x9c ./src/CommandProcessing/AccelerometerHandler.o
 .text._ZN20AccelerometerHandler4InitER15SharedI2CMaster
                0x0000d674       0xa8 ./src/CommandProcessing/AccelerometerHandler.o
                0x0000d674                AccelerometerHandler::Init(SharedI2CMaster&)
 .text._ZN20AccelerometerHandler9IsPresentEv
                0x0000d71c        0xc ./src/CommandProcessing/AccelerometerHandler.o
                0x0000d71c                AccelerometerHandler::IsPresent()
 .text._ZN20AccelerometerHandler20ProcessConfigRequestERK17CanMessageGenericRK9StringRef
                0x0000d728      0x158 ./src/CommandProcessing/AccelerometerHandler.o
                0x0000d728                AccelerometerHandler::ProcessConfigRequest(CanMessageGeneric const&, StringRef const&)
 .text._ZN20AccelerometerHandler19ProcessStartRequestERK28CanMessageStartAccelerometerRK9StringRef
                0x0000d880      0x11c ./src/CommandProcessing/AccelerometerHandler.o
                0x0000d880                AccelerometerHandler::ProcessStartRequest(CanMessageStartAccelerometer const&, StringRef const&)
 .text._ZN20AccelerometerHandler11DiagnosticsERK9StringRef
                0x0000d99c       0x74 ./src/CommandProcessing/AccelerometerHandler.o
                0x0000d99c                AccelerometerHandler::Diagnostics(StringRef const&)
 .text._ZL11CheckMinMaxR23CanMessageGenericParserRK9StringRefcfPKc
                0x0000da10       0x94 ./src/CommandProcessing/CommandProcessor.o
 .text._ZN6StringILj500EE6printfEPKcz
                0x0000daa4       0x24 ./src/CommandProcessing/CommandProcessor.o
                0x0000daa4                String<500u>::printf(char const*, ...)
 .text._ZN16CommandProcessor4SpinEv
                0x0000dac8      0x780 ./src/CommandProcessing/CommandProcessor.o
                0x0000dac8                CommandProcessor::Spin()
 .text._ZN20CustomCommandHandler11ProcessM655ER17CanMessageGenericRK9StringRef
                0x0000e248      0x120 ./src/CommandProcessing/CustomCommandHandler.o
                0x0000e248                CustomCommandHandler::ProcessM655(CanMessageGeneric&, StringRef const&)
 .text._ZL16Ldc1612Interrupt17CallbackParameter
                0x0000e368       0x1c ./src/CommandProcessing/ScanningSensorHandler.o
 .text._ZL11LdcTaskLoopPv
                0x0000e384      0x2bc ./src/CommandProcessing/ScanningSensorHandler.o
 .text._ZN21ScanningSensorHandler8ActivateER12InputMonitor
                0x0000e640       0x68 ./src/CommandProcessing/ScanningSensorHandler.o
                0x0000e640                ScanningSensorHandler::Activate(InputMonitor&)
 .text._ZN21ScanningSensorHandler10DeactivateEv
                0x0000e6a8        0xc ./src/CommandProcessing/ScanningSensorHandler.o
                0x0000e6a8                ScanningSensorHandler::Deactivate()
 .text._ZN21ScanningSensorHandler4InitER15SharedI2CMaster
                0x0000e6b4       0x70 ./src/CommandProcessing/ScanningSensorHandler.o
                0x0000e6b4                ScanningSensorHandler::Init(SharedI2CMaster&)
 .text._ZN21ScanningSensorHandler10GetReadingEv
                0x0000e724       0x30 ./src/CommandProcessing/ScanningSensorHandler.o
                0x0000e724                ScanningSensorHandler::GetReading()
 .text._ZN21ScanningSensorHandler21SetOrCalibrateCurrentEmRK9StringRefRh
                0x0000e754      0x108 ./src/CommandProcessing/ScanningSensorHandler.o
                0x0000e754                ScanningSensorHandler::SetOrCalibrateCurrent(unsigned long, StringRef const&, unsigned char&)
 .text._ZN21ScanningSensorHandler15SelectTouchModeEmRK9StringRefRh
                0x0000e85c       0x8c ./src/CommandProcessing/ScanningSensorHandler.o
                0x0000e85c                ScanningSensorHandler::SelectTouchMode(unsigned long, StringRef const&, unsigned char&)
 .text._ZN21ScanningSensorHandler14ClearTouchModeEv
                0x0000e8e8        0xc ./src/CommandProcessing/ScanningSensorHandler.o
                0x0000e8e8                ScanningSensorHandler::ClearTouchMode()
 .text._ZN21ScanningSensorHandler12GetFrequencyEv
                0x0000e8f4       0x28 ./src/CommandProcessing/ScanningSensorHandler.o
                0x0000e8f4                ScanningSensorHandler::GetFrequency()
 .text._ZN21ScanningSensorHandler17AppendDiagnosticsERK9StringRef
                0x0000e91c      0x11c ./src/CommandProcessing/ScanningSensorHandler.o
                0x0000e91c                ScanningSensorHandler::AppendDiagnostics(StringRef const&)
 .text.CanClockLoop
                0x0000ea38       0x58 ./src/CAN/CanInterface.o
                0x0000ea38                CanClockLoop
 .text.CanAsyncSenderLoop
                0x0000ea90      0x244 ./src/CAN/CanInterface.o
                0x0000ea90                CanAsyncSenderLoop
 .text._ZN12CanInterface4InitEhbb
                0x0000ecd4      0x1c0 ./src/CAN/CanInterface.o
                0x0000ecd4                CanInterface::Init(unsigned char, bool, bool)
 .text._ZN12CanInterface8ShutdownEv
                0x0000ee94       0x50 ./src/CAN/CanInterface.o
                0x0000ee94                CanInterface::Shutdown()
 .text._ZN12CanInterface13GetCanAddressEv
                0x0000eee4        0xc ./src/CAN/CanInterface.o
                0x0000eee4                CanInterface::GetCanAddress()
 .text._ZN12CanInterface23GetCurrentMasterAddressEv
                0x0000eef0        0xc ./src/CAN/CanInterface.o
                0x0000eef0                CanInterface::GetCurrentMasterAddress()
 .text._ZN12CanInterface4SendEP16CanMessageBuffer
                0x0000eefc       0x50 ./src/CAN/CanInterface.o
                0x0000eefc                CanInterface::Send(CanMessageBuffer*)
 .text._ZN12CanInterface11SendAndFreeEP16CanMessageBuffer
                0x0000ef4c       0x58 ./src/CAN/CanInterface.o
                0x0000ef4c                CanInterface::SendAndFree(CanMessageBuffer*)
 .text._ZN12CanInterface13GetCanCommandEm
                0x0000efa4       0x14 ./src/CAN/CanInterface.o
                0x0000efa4                CanInterface::GetCanCommand(unsigned long)
 .text._ZN12CanInterface22ProcessReceivedMessageEP16CanMessageBuffer
                0x0000efb8       0xc0 ./src/CAN/CanInterface.o
                0x0000efb8                CanInterface::ProcessReceivedMessage(CanMessageBuffer*)
 .text.CanReceiverLoop
                0x0000f078       0x4c ./src/CAN/CanInterface.o
                0x0000f078                CanReceiverLoop
 .text._ZN12CanInterface11DiagnosticsERK9StringRef
                0x0000f0c4       0xc8 ./src/CAN/CanInterface.o
                0x0000f0c4                CanInterface::Diagnostics(StringRef const&)
 .text._ZN12CanInterface12SendAnnounceEP16CanMessageBuffer
                0x0000f18c      0x104 ./src/CAN/CanInterface.o
                0x0000f18c                CanInterface::SendAnnounce(CanMessageBuffer*)
 .text._ZN12CanInterface15WakeAsyncSenderEv
                0x0000f290       0x30 ./src/CAN/CanInterface.o
                0x0000f290                CanInterface::WakeAsyncSender()
 .text._ZN12CanInterface22WakeAsyncSenderFromIsrEv
                0x0000f2c0       0x14 ./src/CAN/CanInterface.o
                0x0000f2c0                CanInterface::WakeAsyncSenderFromIsr()
 .text._ZN12CanInterface24ChangeAddressAndDataRateERK35CanMessageSetAddressAndNormalTimingRK9StringRef
                0x0000f2d4      0x108 ./src/CAN/CanInterface.o
                0x0000f2d4                CanInterface::ChangeAddressAndDataRate(CanMessageSetAddressAndNormalTiming const&, StringRef const&)
 .text._ZN12CanInterface13GetCanMessageEP16CanMessageBuffer
                0x0000f3dc       0x18 ./src/CAN/CanInterface.o
                0x0000f3dc                CanInterface::GetCanMessage(CanMessageBuffer*)
 .text._ZN12CanInterface19GetTimeStampCounterEv
                0x0000f3f4       0x10 ./src/CAN/CanInterface.o
                0x0000f3f4                CanInterface::GetTimeStampCounter()
 .text._ZN12CanInterface18GetTimeStampPeriodEv
                0x0000f404       0x10 ./src/CAN/CanInterface.o
                0x0000f404                CanInterface::GetTimeStampPeriod()
 .text._ZN12CanInterface10RaiseEventE9EventTypethPKcSt9__va_list
                0x0000f414       0xb0 ./src/CAN/CanInterface.o
                0x0000f414                CanInterface::RaiseEvent(EventType, unsigned short, unsigned char, char const*, std::__va_list)
 .text._ZN12CanInterface9DebugPutcEc
                0x0000f4c4       0x6c ./src/CAN/CanInterface.o
                0x0000f4c4                CanInterface::DebugPutc(char)
 .text.startup._GLOBAL__sub_I__ZN12CanInterface4InitEhbb
                0x0000f530       0x48 ./src/CAN/CanInterface.o
 .text._ZN15CanMessageQueueC2Ev
                0x0000f578        0x8 ./src/CAN/CanMessageQueue.o
                0x0000f578                CanMessageQueue::CanMessageQueue()
                0x0000f578                CanMessageQueue::CanMessageQueue()
 .text._ZN15CanMessageQueue10AddMessageEP16CanMessageBuffer
                0x0000f580       0x34 ./src/CAN/CanMessageQueue.o
                0x0000f580                CanMessageQueue::AddMessage(CanMessageBuffer*)
 .text._ZN15CanMessageQueue10GetMessageEm
                0x0000f5b4       0x50 ./src/CAN/CanMessageQueue.o
                0x0000f5b4                CanMessageQueue::GetMessage(unsigned long)
 .text._ZN21function_ref_noexceptIDoFbcEE11callback_fnIS0_EEbPvc
                0x0000f604        0xc ./src/RepRapFirmware.o
                0x0000f604                bool function_ref_noexcept<bool (char) noexcept>::callback_fn<bool (char) noexcept>(void*, char)
 .text.debugPrintf
                0x0000f610       0x28 ./src/RepRapFirmware.o
                0x0000f610                debugPrintf
 .text._Z20AppGetPinDescriptionh
                0x0000f638       0x18 ./src/RepRapFirmware.o
                0x0000f638                AppGetPinDescription(unsigned char)
 .text._user_row_write_exec
                0x0000f650       0xd4 C:\Eclipse\Firmware-3.6\CoreN2G\SAMC21_CAN_RTOS\libCoreN2G.a(./src/SAME5x_C21/SAMC21/hpl/nvmctrl/hpl_nvmctrl.o)
 .text._flash_init
                0x0000f724       0x34 C:\Eclipse\Firmware-3.6\CoreN2G\SAMC21_CAN_RTOS\libCoreN2G.a(./src/SAME5x_C21/SAMC21/hpl/nvmctrl/hpl_nvmctrl.o)
                0x0000f724                _flash_init
 .text._flash_get_page_size
                0x0000f758        0x4 C:\Eclipse\Firmware-3.6\CoreN2G\SAMC21_CAN_RTOS\libCoreN2G.a(./src/SAME5x_C21/SAMC21/hpl/nvmctrl/hpl_nvmctrl.o)
                0x0000f758                _flash_get_page_size
 .text._flash_get_total_pages
                0x0000f75c        0x8 C:\Eclipse\Firmware-3.6\CoreN2G\SAMC21_CAN_RTOS\libCoreN2G.a(./src/SAME5x_C21/SAMC21/hpl/nvmctrl/hpl_nvmctrl.o)
                0x0000f75c                _flash_get_total_pages
 .text._flash_write
                0x0000f764      0x284 C:\Eclipse\Firmware-3.6\CoreN2G\SAMC21_CAN_RTOS\libCoreN2G.a(./src/SAME5x_C21/SAMC21/hpl/nvmctrl/hpl_nvmctrl.o)
                0x0000f764                _flash_write
 .text._flash_append
                0x0000f9e8      0x130 C:\Eclipse\Firmware-3.6\CoreN2G\SAMC21_CAN_RTOS\libCoreN2G.a(./src/SAME5x_C21/SAMC21/hpl/nvmctrl/hpl_nvmctrl.o)
                0x0000f9e8                _flash_append
 .text._flash_erase
                0x0000fb18       0xb8 C:\Eclipse\Firmware-3.6\CoreN2G\SAMC21_CAN_RTOS\libCoreN2G.a(./src/SAME5x_C21/SAMC21/hpl/nvmctrl/hpl_nvmctrl.o)
                0x0000fb18                _flash_erase
 .text._flash_lock
                0x0000fbd0       0x38 C:\Eclipse\Firmware-3.6\CoreN2G\SAMC21_CAN_RTOS\libCoreN2G.a(./src/SAME5x_C21/SAMC21/hpl/nvmctrl/hpl_nvmctrl.o)
                0x0000fbd0                _flash_lock
 .text._flash_unlock
                0x0000fc08       0x38 C:\Eclipse\Firmware-3.6\CoreN2G\SAMC21_CAN_RTOS\libCoreN2G.a(./src/SAME5x_C21/SAMC21/hpl/nvmctrl/hpl_nvmctrl.o)
                0x0000fc08                _flash_unlock
 .text._flash_is_locked
                0x0000fc40       0x18 C:\Eclipse\Firmware-3.6\CoreN2G\SAMC21_CAN_RTOS\libCoreN2G.a(./src/SAME5x_C21/SAMC21/hpl/nvmctrl/hpl_nvmctrl.o)
                0x0000fc40                _flash_is_locked
 .text.NVMCTRL_Handler
                0x0000fc58       0x34 C:\Eclipse\Firmware-3.6\CoreN2G\SAMC21_CAN_RTOS\libCoreN2G.a(./src/SAME5x_C21/SAMC21/hpl/nvmctrl/hpl_nvmctrl.o)
                0x0000fc58                NVMCTRL_Handler
 .text._user_area_write
                0x0000fc8c       0x44 C:\Eclipse\Firmware-3.6\CoreN2G\SAMC21_CAN_RTOS\libCoreN2G.a(./src/SAME5x_C21/SAMC21/hpl/nvmctrl/hpl_nvmctrl.o)
                0x0000fc8c                _user_area_write
 .text.hpl_RwwErase
                0x0000fcd0       0x40 C:\Eclipse\Firmware-3.6\CoreN2G\SAMC21_CAN_RTOS\libCoreN2G.a(./src/SAME5x_C21/SAMC21/hpl/nvmctrl/hpl_nvmctrl.o)
                0x0000fcd0                hpl_RwwErase
 .text.hpl_RwwWrite
                0x0000fd10       0xdc C:\Eclipse\Firmware-3.6\CoreN2G\SAMC21_CAN_RTOS\libCoreN2G.a(./src/SAME5x_C21/SAMC21/hpl/nvmctrl/hpl_nvmctrl.o)
                0x0000fd10                hpl_RwwWrite
 .text._div_init
                0x0000fdec       0x10 C:\Eclipse\Firmware-3.6\CoreN2G\SAMC21_CAN_RTOS\libCoreN2G.a(./src/SAME5x_C21/SAMC21/hpl/divas/hpl_divas.o)
                0x0000fdec                _div_init
 .text.__aeabi_idiv
                0x0000fdfc       0x30 C:\Eclipse\Firmware-3.6\CoreN2G\SAMC21_CAN_RTOS\libCoreN2G.a(./src/SAME5x_C21/SAMC21/hpl/divas/hpl_divas.o)
                0x0000fdfc                __aeabi_idiv
 .text.__aeabi_uidiv
                0x0000fe2c       0x30 C:\Eclipse\Firmware-3.6\CoreN2G\SAMC21_CAN_RTOS\libCoreN2G.a(./src/SAME5x_C21/SAMC21/hpl/divas/hpl_divas.o)
                0x0000fe2c                __aeabi_uidiv
 .text.__aeabi_idivmod
                0x0000fe5c       0x38 C:\Eclipse\Firmware-3.6\CoreN2G\SAMC21_CAN_RTOS\libCoreN2G.a(./src/SAME5x_C21/SAMC21/hpl/divas/hpl_divas.o)
                0x0000fe5c                __aeabi_idivmod
 .text.__aeabi_uidivmod
                0x0000fe94       0x38 C:\Eclipse\Firmware-3.6\CoreN2G\SAMC21_CAN_RTOS\libCoreN2G.a(./src/SAME5x_C21/SAMC21/hpl/divas/hpl_divas.o)
                0x0000fe94                __aeabi_uidivmod
 .text._ZN8AdcClass16ExecuteCallbacksEv
                0x0000fecc       0x8c C:\Eclipse\Firmware-3.6\CoreN2G\SAMC21_CAN_RTOS\libCoreN2G.a(./src/SAME5x_C21/SAMC21/AnalogIn.o)
                0x0000fecc                AdcClass::ExecuteCallbacks()
 .text._ZN10SdAdcClass16ExecuteCallbacksEv
                0x0000ff58       0x9c C:\Eclipse\Firmware-3.6\CoreN2G\SAMC21_CAN_RTOS\libCoreN2G.a(./src/SAME5x_C21/SAMC21/AnalogIn.o)
                0x0000ff58                SdAdcClass::ExecuteCallbacks()
 .text._ZN7AdcBase19DmaCompleteCallbackE17CallbackParameter17DmaCallbackReason
                0x0000fff4       0x30 C:\Eclipse\Firmware-3.6\CoreN2G\SAMC21_CAN_RTOS\libCoreN2G.a(./src/SAME5x_C21/SAMC21/AnalogIn.o)
                0x0000fff4                AdcBase::DmaCompleteCallback(CallbackParameter, DmaCallbackReason)
 .text._ZN8AdcClass6ReInitEv
                0x00010024      0x154 C:\Eclipse\Firmware-3.6\CoreN2G\SAMC21_CAN_RTOS\libCoreN2G.a(./src/SAME5x_C21/SAMC21/AnalogIn.o)
                0x00010024                AdcClass::ReInit()
 .text._ZN8AdcClass21InternalEnableChannelEjPDoFv17CallbackParametermES0_m
                0x00010178       0x80 C:\Eclipse\Firmware-3.6\CoreN2G\SAMC21_CAN_RTOS\libCoreN2G.a(./src/SAME5x_C21/SAMC21/AnalogIn.o)
                0x00010178                AdcClass::InternalEnableChannel(unsigned int, void (*)(CallbackParameter, unsigned long) noexcept, CallbackParameter, unsigned long)
 .text._ZN8AdcClass15StartConversionEv
                0x000101f8       0x94 C:\Eclipse\Firmware-3.6\CoreN2G\SAMC21_CAN_RTOS\libCoreN2G.a(./src/SAME5x_C21/SAMC21/AnalogIn.o)
                0x000101f8                AdcClass::StartConversion()
 .text._ZN10SdAdcClass6ReInitEv
                0x0001028c       0xfc C:\Eclipse\Firmware-3.6\CoreN2G\SAMC21_CAN_RTOS\libCoreN2G.a(./src/SAME5x_C21/SAMC21/AnalogIn.o)
                0x0001028c                SdAdcClass::ReInit()
 .text._ZN10SdAdcClass15StartConversionEv
                0x00010388       0x90 C:\Eclipse\Firmware-3.6\CoreN2G\SAMC21_CAN_RTOS\libCoreN2G.a(./src/SAME5x_C21/SAMC21/AnalogIn.o)
                0x00010388                SdAdcClass::StartConversion()
 .text._ZN10SdAdcClass21InternalEnableChannelEjPDoFv17CallbackParametermES0_m
                0x00010418       0x80 C:\Eclipse\Firmware-3.6\CoreN2G\SAMC21_CAN_RTOS\libCoreN2G.a(./src/SAME5x_C21/SAMC21/AnalogIn.o)
                0x00010418                SdAdcClass::InternalEnableChannel(unsigned int, void (*)(CallbackParameter, unsigned long) noexcept, CallbackParameter, unsigned long)
 .text.TaskLoop
                0x00010498       0xf4 C:\Eclipse\Firmware-3.6\CoreN2G\SAMC21_CAN_RTOS\libCoreN2G.a(./src/SAME5x_C21/SAMC21/AnalogIn.o)
                0x00010498                TaskLoop
 .text._ZN8AnalogIn4InitEhhb
                0x0001058c      0x16c C:\Eclipse\Firmware-3.6\CoreN2G\SAMC21_CAN_RTOS\libCoreN2G.a(./src/SAME5x_C21/SAMC21/AnalogIn.o)
                0x0001058c                AnalogIn::Init(unsigned char, unsigned char, bool)
 .text._ZN8AnalogIn13EnableChannelE8AdcInputPDoFv17CallbackParametermES1_m
                0x000106f8       0x3c C:\Eclipse\Firmware-3.6\CoreN2G\SAMC21_CAN_RTOS\libCoreN2G.a(./src/SAME5x_C21/SAMC21/AnalogIn.o)
                0x000106f8                AnalogIn::EnableChannel(AdcInput, void (*)(CallbackParameter, unsigned long) noexcept, CallbackParameter, unsigned long)
 .text._ZN8AnalogIn11SetCallbackE8AdcInputPDoFv17CallbackParametermES1_m
                0x00010734       0x48 C:\Eclipse\Firmware-3.6\CoreN2G\SAMC21_CAN_RTOS\libCoreN2G.a(./src/SAME5x_C21/SAMC21/AnalogIn.o)
                0x00010734                AnalogIn::SetCallback(AdcInput, void (*)(CallbackParameter, unsigned long) noexcept, CallbackParameter, unsigned long)
 .text._ZN8AnalogIn16IsChannelEnabledE8AdcInput
                0x0001077c       0x24 C:\Eclipse\Firmware-3.6\CoreN2G\SAMC21_CAN_RTOS\libCoreN2G.a(./src/SAME5x_C21/SAMC21/AnalogIn.o)
                0x0001077c                AnalogIn::IsChannelEnabled(AdcInput)
 .text._ZN8AnalogIn14DisableChannelE8AdcInput
                0x000107a0        0x4 C:\Eclipse\Firmware-3.6\CoreN2G\SAMC21_CAN_RTOS\libCoreN2G.a(./src/SAME5x_C21/SAMC21/AnalogIn.o)
                0x000107a0                AnalogIn::DisableChannel(AdcInput)
 .text._ZN8AnalogIn11ReadChannelE8AdcInput
                0x000107a4       0x24 C:\Eclipse\Firmware-3.6\CoreN2G\SAMC21_CAN_RTOS\libCoreN2G.a(./src/SAME5x_C21/SAMC21/AnalogIn.o)
                0x000107a4                AnalogIn::ReadChannel(AdcInput)
 .text._ZN8AnalogIn23EnableTemperatureSensorEPDoFv17CallbackParametermES0_m
                0x000107c8       0x9c C:\Eclipse\Firmware-3.6\CoreN2G\SAMC21_CAN_RTOS\libCoreN2G.a(./src/SAME5x_C21/SAMC21/AnalogIn.o)
                0x000107c8                AnalogIn::EnableTemperatureSensor(void (*)(CallbackParameter, unsigned long) noexcept, CallbackParameter, unsigned long)
 .text.startup._GLOBAL__sub_I__ZN7AdcBaseC2Ehh13DmaTrigSource
                0x00010864        0xc C:\Eclipse\Firmware-3.6\CoreN2G\SAMC21_CAN_RTOS\libCoreN2G.a(./src/SAME5x_C21/SAMC21/AnalogIn.o)
 .text.hri_oscctrl_write_DPLLPRESC_reg.constprop.0
                0x00010870       0x18 C:\Eclipse\Firmware-3.6\CoreN2G\SAMC21_CAN_RTOS\libCoreN2G.a(./src/SAME5x_C21/SAMC21/Startup.o)
 .text.hri_oscctrl_write_DPLLRATIO_reg.constprop.0
                0x00010888       0x18 C:\Eclipse\Firmware-3.6\CoreN2G\SAMC21_CAN_RTOS\libCoreN2G.a(./src/SAME5x_C21/SAMC21/Startup.o)
 .text.hri_oscctrl_write_DPLLCTRLA_reg.constprop.0
                0x000108a0       0x18 C:\Eclipse\Firmware-3.6\CoreN2G\SAMC21_CAN_RTOS\libCoreN2G.a(./src/SAME5x_C21/SAMC21/Startup.o)
 .text._ZL10InitClocksv
                0x000108b8      0x230 C:\Eclipse\Firmware-3.6\CoreN2G\SAMC21_CAN_RTOS\libCoreN2G.a(./src/SAME5x_C21/SAMC21/Startup.o)
 .text.Reset_Handler
                0x00010ae8       0xa0 C:\Eclipse\Firmware-3.6\CoreN2G\SAMC21_CAN_RTOS\libCoreN2G.a(./src/SAME5x_C21/SAMC21/Startup.o)
                0x00010ae8                Reset_Handler
 .text.Dummy_Handler
                0x00010b88        0x4 C:\Eclipse\Firmware-3.6\CoreN2G\SAMC21_CAN_RTOS\libCoreN2G.a(./src/SAME5x_C21/SAMC21/Vectors.o)
                0x00010b88                SVCall_Handler
                0x00010b88                AC_Handler
                0x00010b88                NonMaskableInt_Handler
                0x00010b88                TCC1_Handler
                0x00010b88                SERCOM2_Handler
                0x00010b88                TCC0_Handler
                0x00010b88                RTC_Handler
                0x00010b88                ADC1_Handler
                0x00010b88                TC4_Handler
                0x00010b88                TC1_Handler
                0x00010b88                TC3_Handler
                0x00010b88                SDADC_Handler
                0x00010b88                Dummy_Handler
                0x00010b88                SERCOM5_Handler
                0x00010b88                ADC0_Handler
                0x00010b88                TSENS_Handler
                0x00010b88                TCC2_Handler
                0x00010b88                EVSYS_Handler
                0x00010b88                SERCOM3_Handler
                0x00010b88                SERCOM4_Handler
                0x00010b88                SYSTEM_Handler
                0x00010b88                SERCOM0_Handler
                0x00010b88                DAC_Handler
                0x00010b88                PTC_Handler
                0x00010b88                FREQM_Handler
                0x00010b88                TC0_Handler
 .text._ZN9AnalogOutL14AnalogWriteTccEhjj15GpioPinFunctionftb.part.0
                0x00010b8c      0x268 C:\Eclipse\Firmware-3.6\CoreN2G\SAMC21_CAN_RTOS\libCoreN2G.a(./src/SAME5x_C21/AnalogOut.o)
 .text._ZN9AnalogOut4InitEv
                0x00010df4        0x4 C:\Eclipse\Firmware-3.6\CoreN2G\SAMC21_CAN_RTOS\libCoreN2G.a(./src/SAME5x_C21/AnalogOut.o)
                0x00010df4                AnalogOut::Init()
 .text._ZN9AnalogOut5WriteEhft
                0x00010df8      0x29c C:\Eclipse\Firmware-3.6\CoreN2G\SAMC21_CAN_RTOS\libCoreN2G.a(./src/SAME5x_C21/AnalogOut.o)
                0x00010df8                AnalogOut::Write(unsigned char, float, unsigned short)
 .text._ZN11DmacManager4InitEv
                0x00011094       0x88 C:\Eclipse\Firmware-3.6\CoreN2G\SAMC21_CAN_RTOS\libCoreN2G.a(./src/SAME5x_C21/DmacManager.o)
                0x00011094                DmacManager::Init()
 .text._ZN11DmacManager9SetBtctrlEht
                0x0001111c        0xc C:\Eclipse\Firmware-3.6\CoreN2G\SAMC21_CAN_RTOS\libCoreN2G.a(./src/SAME5x_C21/DmacManager.o)
                0x0001111c                DmacManager::SetBtctrl(unsigned char, unsigned short)
 .text._ZN11DmacManager21SetDestinationAddressEhPVv
                0x00011128       0x10 C:\Eclipse\Firmware-3.6\CoreN2G\SAMC21_CAN_RTOS\libCoreN2G.a(./src/SAME5x_C21/DmacManager.o)
                0x00011128                DmacManager::SetDestinationAddress(unsigned char, void volatile*)
 .text._ZN11DmacManager16SetSourceAddressEhPVKv
                0x00011138       0x10 C:\Eclipse\Firmware-3.6\CoreN2G\SAMC21_CAN_RTOS\libCoreN2G.a(./src/SAME5x_C21/DmacManager.o)
                0x00011138                DmacManager::SetSourceAddress(unsigned char, void const volatile*)
 .text._ZN11DmacManager13SetDataLengthEhm
                0x00011148       0x40 C:\Eclipse\Firmware-3.6\CoreN2G\SAMC21_CAN_RTOS\libCoreN2G.a(./src/SAME5x_C21/DmacManager.o)
                0x00011148                DmacManager::SetDataLength(unsigned char, unsigned long)
 .text._ZN11DmacManager16SetTriggerSourceEh13DmaTrigSource
                0x00011188       0x28 C:\Eclipse\Firmware-3.6\CoreN2G\SAMC21_CAN_RTOS\libCoreN2G.a(./src/SAME5x_C21/DmacManager.o)
                0x00011188                DmacManager::SetTriggerSource(unsigned char, DmaTrigSource)
 .text._ZN11DmacManager13EnableChannelEhh
                0x000111b0       0x50 C:\Eclipse\Firmware-3.6\CoreN2G\SAMC21_CAN_RTOS\libCoreN2G.a(./src/SAME5x_C21/DmacManager.o)
                0x000111b0                DmacManager::EnableChannel(unsigned char, unsigned char)
 .text._ZN11DmacManager14DisableChannelEh
                0x00011200       0x44 C:\Eclipse\Firmware-3.6\CoreN2G\SAMC21_CAN_RTOS\libCoreN2G.a(./src/SAME5x_C21/DmacManager.o)
                0x00011200                DmacManager::DisableChannel(unsigned char)
 .text._ZN11DmacManager20SetInterruptCallbackEhPDoFv17CallbackParameter17DmaCallbackReasonES0_
                0x00011244       0x20 C:\Eclipse\Firmware-3.6\CoreN2G\SAMC21_CAN_RTOS\libCoreN2G.a(./src/SAME5x_C21/DmacManager.o)
                0x00011244                DmacManager::SetInterruptCallback(unsigned char, void (*)(CallbackParameter, DmaCallbackReason) noexcept, CallbackParameter)
 .text._ZN11DmacManager24EnableCompletedInterruptEh
                0x00011264       0x24 C:\Eclipse\Firmware-3.6\CoreN2G\SAMC21_CAN_RTOS\libCoreN2G.a(./src/SAME5x_C21/DmacManager.o)
                0x00011264                DmacManager::EnableCompletedInterrupt(unsigned char)
 .text.DMAC_Handler
                0x00011288       0x74 C:\Eclipse\Firmware-3.6\CoreN2G\SAMC21_CAN_RTOS\libCoreN2G.a(./src/SAME5x_C21/DmacManager.o)
                0x00011288                DMAC_Handler
 .text.startup._GLOBAL__sub_I__ZN11DmacManager4InitEv
                0x000112fc       0x14 C:\Eclipse\Firmware-3.6\CoreN2G\SAMC21_CAN_RTOS\libCoreN2G.a(./src/SAME5x_C21/DmacManager.o)
 .text._ZN5Flash4InitEv
                0x00011310       0x30 C:\Eclipse\Firmware-3.6\CoreN2G\SAMC21_CAN_RTOS\libCoreN2G.a(./src/SAME5x_C21/Flash.o)
                0x00011310                Flash::Init()
 .text._ZN5Flash6UnlockEmm
                0x00011340       0x48 C:\Eclipse\Firmware-3.6\CoreN2G\SAMC21_CAN_RTOS\libCoreN2G.a(./src/SAME5x_C21/Flash.o)
                0x00011340                Flash::Unlock(unsigned long, unsigned long)
 .text._ZN5Flash5EraseEmm
                0x00011388       0x24 C:\Eclipse\Firmware-3.6\CoreN2G\SAMC21_CAN_RTOS\libCoreN2G.a(./src/SAME5x_C21/Flash.o)
                0x00011388                Flash::Erase(unsigned long, unsigned long)
 .text._ZN5Flash4LockEmm
                0x000113ac       0x48 C:\Eclipse\Firmware-3.6\CoreN2G\SAMC21_CAN_RTOS\libCoreN2G.a(./src/SAME5x_C21/Flash.o)
                0x000113ac                Flash::Lock(unsigned long, unsigned long)
 .text._ZN5Flash5WriteEmmPKm
                0x000113f4       0x24 C:\Eclipse\Firmware-3.6\CoreN2G\SAMC21_CAN_RTOS\libCoreN2G.a(./src/SAME5x_C21/Flash.o)
                0x000113f4                Flash::Write(unsigned long, unsigned long, unsigned long const*)
 .text._ZN5Flash8RwwEraseEmm
                0x00011418        0x8 C:\Eclipse\Firmware-3.6\CoreN2G\SAMC21_CAN_RTOS\libCoreN2G.a(./src/SAME5x_C21/Flash.o)
                0x00011418                Flash::RwwErase(unsigned long, unsigned long)
 .text._ZN5Flash8RwwWriteEmmPKh
                0x00011420        0x8 C:\Eclipse\Firmware-3.6\CoreN2G\SAMC21_CAN_RTOS\libCoreN2G.a(./src/SAME5x_C21/Flash.o)
                0x00011420                Flash::RwwWrite(unsigned long, unsigned long, unsigned char const*)
 .text._Z16InitialiseExintsv