Archive member included to satisfy reference by file (symbol)

C:\Eclipse\Firmware-3.6\CoreN2G\SAME5x_CAN_RTOS\libCoreN2G.a(./src/SAME5x_C21/SAME5x/hpl/nvmctrl/hpl_nvmctrl.o)
                              ./src/Platform/Platform.o (_user_area_write)
C:\Eclipse\Firmware-3.6\CoreN2G\SAME5x_CAN_RTOS\libCoreN2G.a(./src/SAME5x_C21/SAME5x/AnalogIn.o)
                              ./src/Hardware/SAME5x_C21/SAME5x/Devices.o (TaskLoop)
C:\Eclipse\Firmware-3.6\CoreN2G\SAME5x_CAN_RTOS\libCoreN2G.a(./src/SAME5x_C21/SAME5x/Startup.o)
                              (Reset_Handler)
C:\Eclipse\Firmware-3.6\CoreN2G\SAME5x_CAN_RTOS\libCoreN2G.a(./src/SAME5x_C21/SAME5x/Vectors.o)
                              ./src/Platform/Platform.o (SystemCoreClock)
C:\Eclipse\Firmware-3.6\CoreN2G\SAME5x_CAN_RTOS\libCoreN2G.a(./src/SAME5x_C21/AnalogOut.o)
                              ./src/Hardware/SAME5x_C21/SAME5x/Devices.o (AnalogOut::Init())
C:\Eclipse\Firmware-3.6\CoreN2G\SAME5x_CAN_RTOS\libCoreN2G.a(./src/SAME5x_C21/DmacManager.o)
                              ./src/Movement/StepperDrivers/TMC22xx.o (DmacManager::SetBtctrl(unsigned char, unsigned short))
C:\Eclipse\Firmware-3.6\CoreN2G\SAME5x_CAN_RTOS\libCoreN2G.a(./src/SAME5x_C21/Flash.o)
                              ./src/Platform/Tasks.o (Flash::Init())
C:\Eclipse\Firmware-3.6\CoreN2G\SAME5x_CAN_RTOS\libCoreN2G.a(./src/SAME5x_C21/Interrupts.o)
                              ./src/Movement/StepperDrivers/TMC22xx.o (AttachPinInterrupt(unsigned char, void (*)(CallbackParameter) noexcept, InterruptMode, CallbackParameter, bool))
C:\Eclipse\Firmware-3.6\CoreN2G\SAME5x_CAN_RTOS\libCoreN2G.a(./src/SAME5x_C21/Serial.o)
                              ./src/Hardware/SAME5x_C21/SharedI2CMaster.o (Serial::EnableSercomClock(unsigned char, bool))
C:\Eclipse\Firmware-3.6\CoreN2G\SAME5x_CAN_RTOS\libCoreN2G.a(.)
                              ./src/Platform/Tasks.o (Cache::Init())
C:\Eclipse\Firmware-3.6\CoreN2G\SAME5x_CAN_RTOS\libCoreN2G.a(./src/CanDevice.o)
                              ./src/CAN/CanInterface.o (CanDevice::Init(unsigned int, unsigned int, CanDevice::Config const&, unsigned long*, CanTiming const&, void (*)(unsigned char, CanId, unsigned short) noexcept))
C:\Eclipse\Firmware-3.6\CoreN2G\SAME5x_CAN_RTOS\libCoreN2G.a(.)
                              ./src/Platform/Platform.o (DelayCycles)
C:\Eclipse\Firmware-3.6\CoreN2G\SAME5x_CAN_RTOS\libCoreN2G.a(./src/UniqueIdBase.o)
                              ./src/Platform/Platform.o (UniqueIdBase::Clear())
C:\Eclipse\Firmware-3.6\CoreN2G\SAME5x_CAN_RTOS\libCoreN2G.a(./src/SAME5x_C21/SAME5x/hal/src/hal_flash.o)
                              C:\Eclipse\Firmware-3.6\CoreN2G\SAME5x_CAN_RTOS\libCoreN2G.a(./src/SAME5x_C21/Flash.o) (flash_init)
C:\Eclipse\Firmware-3.6\CANlib\SAME51_RTOS\libCANlib.a(./src/CanMessageBuffer.o)
                              ./src/CAN/CanInterface.o (CanMessageBuffer::Init(unsigned int))
C:\Eclipse\Firmware-3.6\CANlib\SAME51_RTOS\libCANlib.a(./src/CanMessageGenericParser.o)
                              ./src/Movement/Move.o (CanMessageGenericParser::GetStringParam(char, StringRef const&) const)
C:\Eclipse\Firmware-3.6\CANlib\SAME51_RTOS\libCANlib.a(./src/CanSettings.o)
                              ./src/CAN/CanInterface.o (CanUserAreaData::SetCanAddress(unsigned char))
C:\Eclipse\Firmware-3.6\CANlib\SAME51_RTOS\libCANlib.a(./src/RRF3Common.o)
                              ./src/CommandProcessing/CommandProcessor.o (StandardDriverStatus::AppendText(StringRef const&, unsigned int) const)
C:\Eclipse\Firmware-3.6\RRFLibraries\SAME51_RTOS\libRRFLibraries.a(./src/RTOSIface/RTOSIface.o)
                              ./src/Platform/Tasks.o (Mutex::Create(char const*))
C:\Eclipse\Firmware-3.6\RRFLibraries\SAME51_RTOS\libRRFLibraries.a(./src/General/SafeStrtod.o)
                              ./src/Heating/Sensors/AdditionalOutputSensor.o (StrToU32(char const*, char const**))
C:\Eclipse\Firmware-3.6\RRFLibraries\SAME51_RTOS\libRRFLibraries.a(./src/General/SafeVsnprintf.o)
                              ./src/RepRapFirmware.o (vuprintf(function_ref_noexcept<bool (char) noexcept>, char const*, std::__va_list))
C:\Eclipse\Firmware-3.6\RRFLibraries\SAME51_RTOS\libRRFLibraries.a(./src/General/StringFunctions.o)
                              ./src/Heating/Heat.o (StringEqualsIgnoreCase(char const*, char const*))
C:\Eclipse\Firmware-3.6\RRFLibraries\SAME51_RTOS\libRRFLibraries.a(./src/General/StringRef.o)
                              ./src/Hardware/IoPorts.o (StringRef::strlen() const)
C:\Eclipse\Firmware-3.6\RRFLibraries\SAME51_RTOS\libRRFLibraries.a(./src/General/Strnlen.o)
                              ./src/Platform/Tasks.o (Strnlen(char const*, unsigned int))
C:\Eclipse\Firmware-3.6\RRFLibraries\SAME51_RTOS\libRRFLibraries.a(./src/General/NumericConverter.o)
[...]
Memory Configuration

Name             Origin             Length             Attributes
rom              0x00010000         0x00070000         xr
ram              0x20000000         0x00030000         xrw
bkupram          0x47000000         0x00002000         xrw
qspi             0x04000000         0x01000000         xrw
*default*        0x00000000         0xffffffff

Linker script and memory map

LOAD C:/Program Files (x86)/Arm GNU Toolchain arm-none-eabi/13.2 Rel1/bin/../lib/gcc/arm-none-eabi/13.2.1/thumb/v7e-m+fp/hard/crti.o
LOAD C:/Program Files (x86)/Arm GNU Toolchain arm-none-eabi/13.2 Rel1/bin/../lib/gcc/arm-none-eabi/13.2.1/thumb/v7e-m+fp/hard/crtbegin.o
LOAD C:/Program Files (x86)/Arm GNU Toolchain arm-none-eabi/13.2 Rel1/bin/../lib/gcc/arm-none-eabi/13.2.1/thumb/v7e-m+fp/hard/crt0.o
LOAD ./src/libc/errno.o
LOAD ./src/libc/nano-mallocr.o
LOAD ./src/Platform/Platform.o
LOAD ./src/Platform/Tasks.o
LOAD ./src/Movement/StepperDrivers/DriverMode.o
LOAD ./src/Movement/StepperDrivers/TMC22xx.o
LOAD ./src/Movement/StepperDrivers/TMC51xx.o
LOAD ./src/Movement/AxisShaper.o
LOAD ./src/Movement/DriveMovement.o
LOAD ./src/Movement/ExtruderShaper.o
LOAD ./src/Movement/Move.o
LOAD ./src/Movement/MoveSegment.o
LOAD ./src/Movement/StepTimer.o
LOAD ./src/LedStrips/LedStripBase.o
LOAD ./src/LedStrips/LedStripManager.o
LOAD ./src/LedStrips/LocalLedStrip.o
LOAD ./src/LedStrips/NeoPixelLedStrip.o
LOAD ./src/InputMonitors/InputMonitor.o
LOAD ./src/Heating/Sensors/AdcSensorADS131A02.o
LOAD ./src/Heating/Sensors/AdditionalOutputSensor.o
LOAD ./src/Heating/Sensors/BME280.o
LOAD ./src/Heating/Sensors/CpuTemperatureSensor.o
LOAD ./src/Heating/Sensors/CurrentLoopTemperatureSensor.o
LOAD ./src/Heating/Sensors/DhtSensor.o
LOAD ./src/Heating/Sensors/LinearAnalogSensor.o
LOAD ./src/Heating/Sensors/RemoteSensor.o
LOAD ./src/Heating/Sensors/RtdSensor31865.o
LOAD ./src/Heating/Sensors/SensorWithPort.o
LOAD ./src/Heating/Sensors/SpiTemperatureSensor.o
LOAD ./src/Heating/Sensors/TemperatureSensor.o
LOAD ./src/Heating/Sensors/Thermistor.o
LOAD ./src/Heating/Sensors/ThermocoupleSensor31855.o
LOAD ./src/Heating/Sensors/ThermocoupleSensor31856.o
LOAD ./src/Heating/Sensors/TmcDriverTemperatureSensor.o
LOAD ./src/Heating/FOPDT.o
LOAD ./src/Heating/Heat.o
LOAD ./src/Heating/Heater.o
LOAD ./src/Heating/HeaterMonitor.o
LOAD ./src/Heating/LocalHeater.o
LOAD ./src/Hardware/SAME5x_C21/SAME5x/Devices.o
LOAD ./src/Hardware/SAME5x_C21/SAME5x/EEPROM.o
LOAD ./src/Hardware/SAME5x_C21/SAME5x/Main.o
LOAD ./src/Hardware/SAME5x_C21/SAMC21/Devices.o
LOAD ./src/Hardware/SAME5x_C21/SAMC21/EEPROM.o
LOAD ./src/Hardware/SAME5x_C21/SAMC21/Main.o
LOAD ./src/Hardware/SAME5x_C21/SharedI2CMaster.o
LOAD ./src/Hardware/SAME5x_C21/SharedSpiDevice.o
LOAD ./src/Hardware/RP2040/Devices.o
LOAD ./src/Hardware/RP2040/Main.o
LOAD ./src/Hardware/RP2040/SharedSpiDevice.o
LOAD ./src/Hardware/RP2040/boot2_w25q080_2_padded_checksum.o
LOAD ./src/Hardware/ATEIO/ExtendedAnalog.o
LOAD ./src/Hardware/AS5601.o
LOAD ./src/Hardware/ExceptionHandlers.o
LOAD ./src/Hardware/IoPorts.o
LOAD ./src/Hardware/LDC1612.o
LOAD ./src/Hardware/LISAccelerometer.o
LOAD ./src/Hardware/NonVolatileMemory.o
LOAD ./src/Hardware/SharedI2CClient.o
LOAD ./src/Hardware/SharedSpiClient.o
LOAD ./src/Hardware/SoftwareReset.o
LOAD ./src/Hardware/TCA6408A.o
LOAD ./src/GPIO/GpioPorts.o
LOAD ./src/FilamentMonitors/Duet3DFilamentMonitor.o
LOAD ./src/FilamentMonitors/FilamentMonitor.o
LOAD ./src/FilamentMonitors/LaserFilamentMonitor.o
LOAD ./src/FilamentMonitors/PulsedFilamentMonitor.o
LOAD ./src/FilamentMonitors/RotatingMagnetFilamentMonitor.o
LOAD ./src/FilamentMonitors/SimpleFilamentMonitor.o
LOAD ./src/Fans/Fan.o
LOAD ./src/Fans/FansManager.o
LOAD ./src/Fans/LocalFan.o
LOAD ./src/CommandProcessing/AccelerometerHandler.o
LOAD ./src/CommandProcessing/CommandProcessor.o
LOAD ./src/CommandProcessing/CustomCommandHandler.o
LOAD ./src/CommandProcessing/MFMHandler.o
LOAD ./src/CommandProcessing/ScanningSensorHandler.o
LOAD ./src/ClosedLoop/Encoders/AS5047D.o
LOAD ./src/ClosedLoop/Encoders/AbsoluteRotaryEncoder.o
LOAD ./src/ClosedLoop/Encoders/Encoder.o
LOAD ./src/ClosedLoop/Encoders/LinearCompositeEncoder.o
LOAD ./src/ClosedLoop/Encoders/QuadratureEncoderAttiny.o
LOAD ./src/ClosedLoop/Encoders/QuadratureEncoderPdec.o
LOAD ./src/ClosedLoop/Encoders/RelativeEncoder.o
LOAD ./src/ClosedLoop/Encoders/SpiEncoder.o
LOAD ./src/ClosedLoop/Encoders/TLI5012B.o
LOAD ./src/ClosedLoop/ClosedLoop.o
LOAD ./src/ClosedLoop/SampleBuffer.o
LOAD ./src/ClosedLoop/Tuning.o
LOAD ./src/CAN/CanInterface.o
LOAD ./src/CAN/CanMessageQueue.o
LOAD ./src/RepRapFirmware.o
LOAD ./src/Version.o
LOAD C:\Eclipse\Firmware-3.6\CoreN2G\SAME5x_CAN_RTOS\libCoreN2G.a
LOAD C:\Eclipse\Firmware-3.6\CANlib\SAME51_RTOS\libCANlib.a
LOAD C:\Eclipse\Firmware-3.6\RRFLibraries\SAME51_RTOS\libRRFLibraries.a
LOAD C:\Eclipse\Firmware-3.6\FreeRTOS\SAME51\libFreeRTOS.a
LOAD C:/Program Files (x86)/Arm GNU Toolchain arm-none-eabi/13.2 Rel1/bin/../lib/gcc/arm-none-eabi/13.2.1/thumb/v7e-m+fp/hard\libstdc++_nano.a
LOAD C:/Program Files (x86)/Arm GNU Toolchain arm-none-eabi/13.2 Rel1/bin/../lib/gcc/arm-none-eabi/13.2.1/thumb/v7e-m+fp/hard\libm.a
START GROUP
LOAD C:/Program Files (x86)/Arm GNU Toolchain arm-none-eabi/13.2 Rel1/bin/../lib/gcc/arm-none-eabi/13.2.1/thumb/v7e-m+fp/hard\libgcc.a
LOAD C:/Program Files (x86)/Arm GNU Toolchain arm-none-eabi/13.2 Rel1/bin/../lib/gcc/arm-none-eabi/13.2.1/thumb/v7e-m+fp/hard\libc_nano.a
END GROUP
START GROUP
LOAD C:/Program Files (x86)/Arm GNU Toolchain arm-none-eabi/13.2 Rel1/bin/../lib/gcc/arm-none-eabi/13.2.1/thumb/v7e-m+fp/hard\libgcc.a
LOAD C:/Program Files (x86)/Arm GNU Toolchain arm-none-eabi/13.2 Rel1/bin/../lib/gcc/arm-none-eabi/13.2.1/thumb/v7e-m+fp/hard\libc_nano.a
END GROUP
LOAD C:/Program Files (x86)/Arm GNU Toolchain arm-none-eabi/13.2 Rel1/bin/../lib/gcc/arm-none-eabi/13.2.1/thumb/v7e-m+fp/hard/crtend.o
LOAD C:/Program Files (x86)/Arm GNU Toolchain arm-none-eabi/13.2 Rel1/bin/../lib/gcc/arm-none-eabi/13.2.1/thumb/v7e-m+fp/hard/crtn.o

.text           0x00010000    0x1fb94
                0x00010000                        . = ALIGN (0x4)
                0x00010000                        _sfixed = .
 *(.vectors .vectors.*)
 .vectors       0x00010000      0x264 C:\Eclipse\Firmware-3.6\CoreN2G\SAME5x_CAN_RTOS\libCoreN2G.a(./src/SAME5x_C21/SAME5x/Vectors.o)
                0x00010000                exception_table
 *(.text .text.* .gnu.linkonce.t.*)
 .text.deregister_tm_clones
                0x00010264       0x1c C:/Program Files (x86)/Arm GNU Toolchain arm-none-eabi/13.2 Rel1/bin/../lib/gcc/arm-none-eabi/13.2.1/thumb/v7e-m+fp/hard/crtbegin.o
 .text.register_tm_clones
                0x00010280       0x24 C:/Program Files (x86)/Arm GNU Toolchain arm-none-eabi/13.2 Rel1/bin/../lib/gcc/arm-none-eabi/13.2.1/thumb/v7e-m+fp/hard/crtbegin.o
 .text.__do_global_dtors_aux
                0x000102a4       0x28 C:/Program Files (x86)/Arm GNU Toolchain arm-none-eabi/13.2 Rel1/bin/../lib/gcc/arm-none-eabi/13.2.1/thumb/v7e-m+fp/hard/crtbegin.o
 .text.frame_dummy
                0x000102cc       0x24 C:/Program Files (x86)/Arm GNU Toolchain arm-none-eabi/13.2 Rel1/bin/../lib/gcc/arm-none-eabi/13.2.1/thumb/v7e-m+fp/hard/crtbegin.o
 .text.__errno  0x000102f0        0x8 ./src/libc/errno.o
                0x000102f0                __errno
 .text.malloc   0x000102f8      0x12c ./src/libc/nano-mallocr.o
                0x000102f8                malloc
 .text.free     0x00010424       0xc0 ./src/libc/nano-mallocr.o
                0x00010424                free
 .text._ZN15AveragingFilterILj64EE22CallbackFeedIntoFilterE17CallbackParameterm
                0x000104e4       0x48 ./src/Platform/Platform.o
                0x000104e4                AveragingFilter<64u>::CallbackFeedIntoFilter(CallbackParameter, unsigned long)
 .text._ZN15AveragingFilterILj8EE22CallbackFeedIntoFilterE17CallbackParameterm
                0x0001052c       0x40 ./src/Platform/Platform.o
                0x0001052c                AveragingFilter<8u>::CallbackFeedIntoFilter(CallbackParameter, unsigned long)
 .text.startup._ZNV15AveragingFilterILj8EE4InitEt.constprop.0
                0x0001056c       0x28 ./src/Platform/Platform.o
 .text._ZN8PlatformL11ShutdownAllEv
                0x00010594       0x34 ./src/Platform/Platform.o
 .text._ZN8Platform8WriteLedEhb
                0x000105c8       0x18 ./src/Platform/Platform.o
                0x000105c8                Platform::WriteLed(unsigned char, bool)
 .text._ZN8Platform4InitEv
                0x000105e0      0x3a8 ./src/Platform/Platform.o
                0x000105e0                Platform::Init()
 .text._ZN8Platform11InitMinimalEv
                0x00010988      0x104 ./src/Platform/Platform.o
                0x00010988                Platform::InitMinimal()
 .text._ZN8Platform11SpinMinimalEv
                0x00010a8c       0x78 ./src/Platform/Platform.o
                0x00010a8c                Platform::SpinMinimal()
 .text._ZN8Platform4SpinEv
                0x00010b04      0x334 ./src/Platform/Platform.o
                0x00010b04                Platform::Spin()
 .text._ZN8Platform23GetAveragingFilterIndexERK6IoPort
                0x00010e38       0x20 ./src/Platform/Platform.o
                0x00010e38                Platform::GetAveragingFilterIndex(IoPort const&)
 .text._ZN8Platform20InitThermistorFilterERK6IoPort
                0x00010e58       0x94 ./src/Platform/Platform.o
                0x00010e58                Platform::InitThermistorFilter(IoPort const&)
 .text._ZN8Platform12GetAdcFilterEj
                0x00010eec       0x10 ./src/Platform/Platform.o
                0x00010eec                Platform::GetAdcFilter(unsigned int)
 .text._ZN8Platform13GetVssaFilterEj
                0x00010efc        0x8 ./src/Platform/Platform.o
                0x00010efc                Platform::GetVssaFilter(unsigned int)
 .text._ZN8Platform13GetVrefFilterEj
                0x00010f04        0x8 ./src/Platform/Platform.o
                0x00010f04                Platform::GetVrefFilter(unsigned int)
 .text._ZN8Platform18GetMcuTemperaturesEv
                0x00010f0c        0x8 ./src/Platform/Platform.o
                0x00010f0c                Platform::GetMcuTemperatures()
 .text._ZN8Platform20KickHeatTaskWatchdogEv
                0x00010f14        0xc ./src/Platform/Platform.o
                0x00010f14                Platform::KickHeatTaskWatchdog()
 .text._ZN8Platform5DebugE6Module
                0x00010f20       0x14 ./src/Platform/Platform.o
                0x00010f20                Platform::Debug(Module)
 .text._ZN8Platform17ProcessRemoteM111ERK17CanMessageGenericRK9StringRef
                0x00010f34      0x12c ./src/Platform/Platform.o
                0x00010f34                Platform::ProcessRemoteM111(CanMessageGeneric const&, StringRef const&)
 .text._ZN8Platform11GetUniqueIdEv
                0x00011060        0x8 ./src/Platform/Platform.o
                0x00011060                Platform::GetUniqueId()
 .text._ZN8Platform4TickEv
                0x00011068       0x10 ./src/Platform/Platform.o
                0x00011068                Platform::Tick()
 .text._ZN8Platform19StartFirmwareUpdateEv
                0x00011078       0x1c ./src/Platform/Platform.o
                0x00011078                Platform::StartFirmwareUpdate()
 .text._ZN8Platform21StartBootloaderUpdateEv
                0x00011094       0x1c ./src/Platform/Platform.o
                0x00011094                Platform::StartBootloaderUpdate()
 .text._ZN8Platform10StartResetEv
                0x000110b0       0x1c ./src/Platform/Platform.o
                0x000110b0                Platform::StartReset()
 .text._ZN8Platform13EmergencyStopEv
                0x000110cc       0x1c ./src/Platform/Platform.o
                0x000110cc                Platform::EmergencyStop()
 .text._ZN8Platform22OnProcessingCanMessageEv
                0x000110e8       0x1c ./src/Platform/Platform.o
                0x000110e8                Platform::OnProcessingCanMessage()
 .text._ZN8Platform16DoDiagnosticTestERK24CanMessageDiagnosticTestRK9StringRef
                0x00011104      0x2c8 ./src/Platform/Platform.o
                0x00011104                Platform::DoDiagnosticTest(CanMessageDiagnosticTest const&, StringRef const&)
 .text._ZN8Platform18WasDeliberateErrorEv
                0x000113cc        0xc ./src/Platform/Platform.o
                0x000113cc                Platform::WasDeliberateError()
 .text._ZN8Platform16GetPowerVoltagesEb
                0x000113d8       0x60 ./src/Platform/Platform.o
                0x000113d8                Platform::GetPowerVoltages(bool)
 .text._ZN8Platform20GetCurrentVinVoltageEv
                0x00011438       0x20 ./src/Platform/Platform.o
                0x00011438                Platform::GetCurrentVinVoltage()
 .text._ZN8Platform29AppendBoardAndFirmwareDetailsERK9StringRef
                0x00011458       0x1c ./src/Platform/Platform.o
                0x00011458                Platform::AppendBoardAndFirmwareDetails(StringRef const&)
 .text._ZN8Platform17AppendDiagnosticsERK9StringRef
                0x00011474       0x80 ./src/Platform/Platform.o
                0x00011474                Platform::AppendDiagnostics(StringRef const&)
 .text.SERCOM2_0_Handler
                0x000114f4        0xc ./src/Platform/Platform.o
                0x000114f4                SERCOM2_0_Handler
 .text.SERCOM2_1_Handler
                0x00011500        0xc ./src/Platform/Platform.o
                0x00011500                SERCOM2_1_Handler
 .text.SERCOM2_3_Handler
                0x0001150c        0xc ./src/Platform/Platform.o
                0x0001150c                SERCOM2_3_Handler
 .text.startup._GLOBAL__sub_I__ZN8Platform8uniqueIdE
                0x00011518       0x60 ./src/Platform/Platform.o
 .text.MainTask
                0x00011578       0x38 ./src/Platform/Tasks.o
                0x00011578                MainTask
 .text._ZN4TaskILj50EED2Ev
                0x000115b0        0xc ./src/Platform/Tasks.o
                0x000115b0                Task<50u>::~Task()
                0x000115b0                Task<50u>::~Task()
 .text.UpdateBootloaderTask
                0x000115bc      0x3ec ./src/Platform/Tasks.o
                0x000115bc                UpdateBootloaderTask
 .text._sbrk    0x000119a8       0x24 ./src/Platform/Tasks.o
                0x000119a8                _sbrk
 .text.unlikely.abort
                0x000119cc        0x2 ./src/Platform/Tasks.o
                0x000119cc                abort
 *fill*         0x000119ce        0x2 
 .text.__register_exitproc
                0x000119d0        0x4 ./src/Platform/Tasks.o
                0x000119d0                __register_exitproc
 .text.vApplicationGetIdleTaskMemory
                0x000119d4       0x1c ./src/Platform/Tasks.o
                0x000119d4                vApplicationGetIdleTaskMemory
 .text.GetMallocMutex
                0x000119f0       0x20 ./src/Platform/Tasks.o
                0x000119f0                GetMallocMutex
 .text.ReleaseMallocMutex
                0x00011a10       0x1c ./src/Platform/Tasks.o
                0x00011a10                ReleaseMallocMutex
 .text._ZN5Tasks12GetNVMBufferEPKm
                0x00011a2c       0x24 ./src/Platform/Tasks.o
                0x00011a2c                Tasks::GetNVMBuffer(unsigned long const*)
 .text._Z7AppMainv
                0x00011a50      0x1a0 ./src/Platform/Tasks.o
                0x00011a50                AppMain()
 .text._ZN5Tasks15GetNeverUsedRamEv
                0x00011bf0       0x14 ./src/Platform/Tasks.o
                0x00011bf0                Tasks::GetNeverUsedRam()
 .text.TaskGetRunTimeTicks
                0x00011c04       0x24 ./src/Platform/Tasks.o
                0x00011c04                TaskGetRunTimeTicks
 .text.TaskResetRunTimeCounter
                0x00011c28       0x38 ./src/Platform/Tasks.o
                0x00011c28                TaskResetRunTimeCounter
 .text._ZN5Tasks11DiagnosticsERK9StringRef
                0x00011c60      0x2c4 ./src/Platform/Tasks.o
                0x00011c60                Tasks::Diagnostics(StringRef const&)
 .text._ZN5Tasks14AllocPermanentEjSt11align_val_t
                0x00011f24       0x38 ./src/Platform/Tasks.o
                0x00011f24                Tasks::AllocPermanent(unsigned int, std::align_val_t)
 .text.vApplicationTickHook
                0x00011f5c       0x1c ./src/Platform/Tasks.o
                0x00011f5c                vApplicationTickHook
 .text._ZN5Tasks8DoDivideEmm
                0x00011f78        0x8 ./src/Platform/Tasks.o
                0x00011f78                Tasks::DoDivide(unsigned long, unsigned long)
 .text._ZN5Tasks12DoMemoryLeakEv
                0x00011f80       0x34 ./src/Platform/Tasks.o
                0x00011f80                Tasks::DoMemoryLeak()
 .text._ZN5Tasks12DoMemoryReadEPKm
                0x00011fb4        0x4 ./src/Platform/Tasks.o
                0x00011fb4                Tasks::DoMemoryRead(unsigned long const*)
 .text._Z18MessageBufferAllocjSt11align_val_t
                0x00011fb8       0x38 ./src/Platform/Tasks.o
                0x00011fb8                MessageBufferAlloc(unsigned int, std::align_val_t)
 .text.startup._GLOBAL__sub_I_sysStackLimit
                0x00011ff0       0x4c ./src/Platform/Tasks.o
 .text._Z19TranslateDriverModej
                0x0001203c       0x14 ./src/Movement/StepperDrivers/DriverMode.o
                0x0001203c                TranslateDriverMode(unsigned int)
 .text._ZL21DiagPinInterruptEntry17CallbackParameter
                0x00012050       0x5c ./src/Movement/StepperDrivers/TMC22xx.o
 .text._Z24TransferCompleteCallback17CallbackParameter17DmaCallbackReason
                0x000120ac       0x18 ./src/Movement/StepperDrivers/TMC22xx.o
                0x000120ac                TransferCompleteCallback(CallbackParameter, DmaCallbackReason)
 .text._ZN14TmcDriverState4InitEhh
                0x000120c4      0x208 ./src/Movement/StepperDrivers/TMC22xx.o
                0x000120c4                TmcDriverState::Init(unsigned char, unsigned char)
 .text._ZN14TmcDriverState12TransferDoneEv
                0x000122cc      0x234 ./src/Movement/StepperDrivers/TMC22xx.o
                0x000122cc                TmcDriverState::TransferDone()
 .text._ZN14TmcDriverState13StartTransferEv
                0x00012500      0x214 ./src/Movement/StepperDrivers/TMC22xx.o
                0x00012500                TmcDriverState::StartTransfer()
 .text._Z13DoTransactionj.constprop.0
                0x00012714       0xd0 ./src/Movement/StepperDrivers/TMC22xx.o
 .text.TmcLoop  0x000127e4       0x78 ./src/Movement/StepperDrivers/TMC22xx.o
                0x000127e4                TmcLoop
 .text._ZN12SmartDrivers4InitEv
                0x0001285c       0x9c ./src/Movement/StepperDrivers/TMC22xx.o
                0x0001285c                SmartDrivers::Init()
 .text._ZN12SmartDrivers10SetCurrentEjf
                0x000128f8       0xec ./src/Movement/StepperDrivers/TMC22xx.o
                0x000128f8                SmartDrivers::SetCurrent(unsigned int, float)
 .text._ZN12SmartDrivers11EnableDriveEjb
                0x000129e4       0x44 ./src/Movement/StepperDrivers/TMC22xx.o
                0x000129e4                SmartDrivers::EnableDrive(unsigned int, bool)
 .text._ZN12SmartDrivers16SetMicrosteppingEjjb
                0x00012a28       0x84 ./src/Movement/StepperDrivers/TMC22xx.o
                0x00012a28                SmartDrivers::SetMicrostepping(unsigned int, unsigned int, bool)
 .text._ZN12SmartDrivers16GetMicrosteppingEjRb
                0x00012aac       0x20 ./src/Movement/StepperDrivers/TMC22xx.o
                0x00012aac                SmartDrivers::GetMicrostepping(unsigned int, bool&)
 .text._ZN12SmartDrivers13SetDriverModeEjj
                0x00012acc       0x6c ./src/Movement/StepperDrivers/TMC22xx.o
                0x00012acc                SmartDrivers::SetDriverMode(unsigned int, unsigned int)
 .text._ZN12SmartDrivers13GetDriverModeEj
                0x00012b38       0x1c ./src/Movement/StepperDrivers/TMC22xx.o
                0x00012b38                SmartDrivers::GetDriverMode(unsigned int)
 .text._ZN12SmartDrivers4SpinEb
                0x00012b54       0x60 ./src/Movement/StepperDrivers/TMC22xx.o
                0x00012b54                SmartDrivers::Spin(bool)
 .text._ZN12SmartDrivers17SetStallThresholdEji
                0x00012bb4       0x2c ./src/Movement/StepperDrivers/TMC22xx.o
                0x00012bb4                SmartDrivers::SetStallThreshold(unsigned int, int)
 .text._ZN12SmartDrivers14SetStallFilterEjb
                0x00012be0        0x4 ./src/Movement/StepperDrivers/TMC22xx.o
                0x00012be0                SmartDrivers::SetStallFilter(unsigned int, bool)
 .text._ZN12SmartDrivers29SetStallMinimumStepsPerSecondEjj
                0x00012be4       0x34 ./src/Movement/StepperDrivers/TMC22xx.o
                0x00012be4                SmartDrivers::SetStallMinimumStepsPerSecond(unsigned int, unsigned int)
 .text._ZN12SmartDrivers17AppendStallConfigEjRK9StringRef
                0x00012c18       0x40 ./src/Movement/StepperDrivers/TMC22xx.o
                0x00012c18                SmartDrivers::AppendStallConfig(unsigned int, StringRef const&)
 .text._ZN12SmartDrivers18AppendDriverStatusEjRK9StringRef
                0x00012c58       0xd0 ./src/Movement/StepperDrivers/TMC22xx.o
                0x00012c58                SmartDrivers::AppendDriverStatus(unsigned int, StringRef const&)
 .text._ZN12SmartDrivers27SetStandstillCurrentPercentEjf
                0x00012d28       0xc0 ./src/Movement/StepperDrivers/TMC22xx.o
                0x00012d28                SmartDrivers::SetStandstillCurrentPercent(unsigned int, float)
 .text._ZN12SmartDrivers11SetRegisterEj19SmartDriverRegisterm
                0x00012de8      0x1d0 ./src/Movement/StepperDrivers/TMC22xx.o
                0x00012de8                SmartDrivers::SetRegister(unsigned int, SmartDriverRegister, unsigned long)
 .text._ZN12SmartDrivers11GetRegisterEj19SmartDriverRegister
                0x00012fb8       0xa8 ./src/Movement/StepperDrivers/TMC22xx.o
                0x00012fb8                SmartDrivers::GetRegister(unsigned int, SmartDriverRegister)
 .text._ZN12SmartDrivers14GetAnyRegisterEjRK9StringRefh
                0x00013060       0x54 ./src/Movement/StepperDrivers/TMC22xx.o
                0x00013060                SmartDrivers::GetAnyRegister(unsigned int, StringRef const&, unsigned char)
 .text._ZN12SmartDrivers14SetAnyRegisterEjRK9StringRefhm
                0x000130b4      0x10c ./src/Movement/StepperDrivers/TMC22xx.o
                0x000130b4                SmartDrivers::SetAnyRegister(unsigned int, StringRef const&, unsigned char, unsigned long)
 .text._ZN12SmartDrivers9GetStatusEjbb
                0x000131c0       0x9c ./src/Movement/StepperDrivers/TMC22xx.o
                0x000131c0                SmartDrivers::GetStatus(unsigned int, bool, bool)
 .text._ZN12SmartDrivers24SetStallEndstopReportingEtfRK9StringRef
                0x0001325c       0xd4 ./src/Movement/StepperDrivers/TMC22xx.o
                0x0001325c                SmartDrivers::SetStallEndstopReporting(unsigned short, float, StringRef const&)
 .text._ZN12SmartDrivers26GetDriverMinClockFrequencyEv
                0x00013330        0x8 ./src/Movement/StepperDrivers/TMC22xx.o
                0x00013330                SmartDrivers::GetDriverMinClockFrequency()
 .text._ZN12SmartDrivers26GetDriverMaxClockFrequencyEv
                0x00013338        0x8 ./src/Movement/StepperDrivers/TMC22xx.o
                0x00013338                SmartDrivers::GetDriverMaxClockFrequency()
 .text._ZN10AxisShaperC2Ev
                0x00013340       0x18 ./src/Movement/AxisShaper.o
                0x00013340                AxisShaper::AxisShaper()
                0x00013340                AxisShaper::AxisShaper()
 .text._ZN10AxisShaper18EutSetInputShapingERK28CanMessageSetInputShapingNewjRK9StringRef
                0x00013358       0x5c ./src/Movement/AxisShaper.o
                0x00013358                AxisShaper::EutSetInputShaping(CanMessageSetInputShapingNew const&, unsigned int, StringRef const&)
 .text._ZN9StepTimer21GetMovementTimerTicksEv
                0x000133b4       0x1c ./src/Movement/DriveMovement.o
                0x000133b4                StepTimer::GetMovementTimerTicks()
 .text._ZN13DriveMovement4InitEj
                0x000133d0       0x38 ./src/Movement/DriveMovement.o
                0x000133d0                DriveMovement::Init(unsigned int)
 .text._ZN13DriveMovement12LogStepErrorEhfPK11MoveSegment
                0x00013408       0x50 ./src/Movement/DriveMovement.o
                0x00013408                DriveMovement::LogStepError(unsigned char, float, MoveSegment const*)
 .text._ZN13DriveMovement10NewSegmentEm
                0x00013458      0x280 ./src/Movement/DriveMovement.o
                0x00013458                DriveMovement::NewSegment(unsigned long)
 .text._ZN13DriveMovement20CalcNextStepTimeFullEm
                0x000136d8      0x430 ./src/Movement/DriveMovement.o
                0x000136d8                DriveMovement::CalcNextStepTimeFull(unsigned long)
 .text._ZN13DriveMovement20ScheduleFirstSegmentEv
                0x00013b08       0x34 ./src/Movement/DriveMovement.o
                0x00013b08                DriveMovement::ScheduleFirstSegment()
 .text._ZN13DriveMovement20StopDriverFromRemoteEv
                0x00013b3c       0x14 ./src/Movement/DriveMovement.o
                0x00013b3c                DriveMovement::StopDriverFromRemote()
 .text._ZN4MoveC2Ev
                0x00013b50       0x60 ./src/Movement/Move.o
                0x00013b50                Move::Move()
                0x00013b50                Move::Move()
 .text._ZN4Move4InitEv
                0x00013bb0       0xa0 ./src/Movement/Move.o
                0x00013bb0                Move::Init()
 .text._ZN4Move4SpinEb
                0x00013c50      0x160 ./src/Movement/Move.o
                0x00013c50                Move::Spin(bool)
 .text._ZN4Move12LogStepErrorEh
                0x00013db0       0x1c ./src/Movement/Move.o
                0x00013db0                Move::LogStepError(unsigned char)
 .text._ZN4Move17AppendDiagnosticsERK9StringRef
                0x00013dcc       0xe4 ./src/Movement/Move.o
                0x00013dcc                Move::AppendDiagnostics(StringRef const&)
 .text._ZNK4Move21GetLastMoveStepsTakenEj
                0x00013eb0       0x10 ./src/Movement/Move.o
                0x00013eb0                Move::GetLastMoveStepsTaken(unsigned int) const
 .text._ZN4Move11StopDriversEt
                0x00013ec0       0x3c ./src/Movement/Move.o
                0x00013ec0                Move::StopDrivers(unsigned short)
 .text._ZN4Move10AddSegmentEP11MoveSegmentmmff13MovementFlagsf
                0x00013efc      0x2e4 ./src/Movement/Move.o
                0x00013efc                Move::AddSegment(MoveSegment*, unsigned long, unsigned long, float, float, MovementFlags, float)
 .text._ZN4Move23GetAccumulatedExtrusionEjRb
                0x000141e0       0x44 ./src/Movement/Move.o
                0x000141e0                Move::GetAccumulatedExtrusion(unsigned int, bool&)
 .text._ZNK4Move21ExtruderPrintingSinceEj
                0x00014224        0xc ./src/Movement/Move.o
                0x00014224                Move::ExtruderPrintingSince(unsigned int) const
 .text._ZN4Move9InterruptEv
                0x00014230      0x190 ./src/Movement/Move.o
                0x00014230                Move::Interrupt()
 .text._ZN4Move18SetDriveStepsPerMmEjf
                0x000143c0        0x8 ./src/Movement/Move.o
                0x000143c0                Move::SetDriveStepsPerMm(unsigned int, float)
 .text._ZN4Move11EnableDriveEj
                0x000143c8       0x78 ./src/Movement/Move.o
                0x000143c8                Move::EnableDrive(unsigned int)
 .text._ZN4Move17AddLinearSegmentsEjmRK10PrepParamsf13MovementFlagsb
                0x00014440      0x660 ./src/Movement/Move.o
                0x00014440                Move::AddLinearSegments(unsigned int, unsigned long, PrepParams const&, float, MovementFlags, bool)
 .text._ZN4Move7AddMoveERK30CanMessageMovementLinearShaped
                0x00014aa0      0x148 ./src/Movement/Move.o
                0x00014aa0                Move::AddMove(CanMessageMovementLinearShaped const&)
 .text._ZN4Move8TaskLoopEv
                0x00014be8       0x68 ./src/Movement/Move.o
                0x00014be8                Move::TaskLoop()
 .text.MoveLoop
                0x00014c50        0x8 ./src/Movement/Move.o
                0x00014c50                MoveLoop
 .text._ZN4Move12DisableDriveEj
                0x00014c58       0x60 ./src/Movement/Move.o
                0x00014c58                Move::DisableDrive(unsigned int)
 .text._ZN4Move13SetDriverIdleEjt
                0x00014cb8       0x48 ./src/Movement/Move.o
                0x00014cb8                Move::SetDriverIdle(unsigned int, unsigned short)
 .text._ZN4Move16DisableAllDrivesEv
                0x00014d00        0x8 ./src/Movement/Move.o
                0x00014d00                Move::DisableAllDrives()
 .text._ZN4Move24GetTmcDriversTemperatureEv
                0x00014d08       0x30 ./src/Movement/Move.o
                0x00014d08                Move::GetTmcDriversTemperature()
 .text._ZN4Move22SetOrResetEventOnStallE6BitmapItEb
                0x00014d38       0x1c ./src/Movement/Move.o
                0x00014d38                Move::SetOrResetEventOnStall(Bitmap<unsigned short>, bool)
 .text._ZN4Move19GetEventOnStallTextEj
                0x00014d54       0x1c ./src/Movement/Move.o
                0x00014d54                Move::GetEventOnStallText(unsigned int)
 .text._ZN4Move11ProcessM569ERK17CanMessageGenericRK9StringRef
                0x00014d70      0x42c ./src/Movement/Move.o
                0x00014d70                Move::ProcessM569(CanMessageGeneric const&, StringRef const&)
 .text._ZN4Move17ProcessM569Point7ERK17CanMessageGenericRK9StringRef
                0x0001519c      0x148 ./src/Movement/Move.o
                0x0001519c                Move::ProcessM569Point7(CanMessageGeneric const&, StringRef const&)
 .text._ZN4Move16SetMotorCurrentsERK31CanMessageMultipleDrivesRequestIfEjRK9StringRef
                0x000152e4       0xb0 ./src/Movement/Move.o
                0x000152e4                Move::SetMotorCurrents(CanMessageMultipleDrivesRequest<float> const&, unsigned int, StringRef const&)
 .text._ZN4Move26SetStandstillCurrentFactorERK31CanMessageMultipleDrivesRequestIfEjRK9StringRef
                0x00015394       0xa0 ./src/Movement/Move.o
                0x00015394                Move::SetStandstillCurrentFactor(CanMessageMultipleDrivesRequest<float> const&, unsigned int, StringRef const&)
 .text._ZNK4Move15GetDriverStatusEjbb
                0x00015434        0xc ./src/Movement/Move.o
                0x00015434                Move::GetDriverStatus(unsigned int, bool, bool) const
 .text._ZN4Move17SendDriversStatusER16CanMessageBuffer
                0x00015440       0x60 ./src/Movement/Move.o
                0x00015440                Move::SendDriversStatus(CanMessageBuffer&)
 .text._ZN4Move16SetMicrosteppingEjjb
                0x000154a0        0xc ./src/Movement/Move.o
                0x000154a0                Move::SetMicrostepping(unsigned int, unsigned int, bool)
 .text._ZN4Move24SetStallEndstopReportingERK28CanMessageEnableStallEndstopRK9StringRef
                0x000154ac       0x10 ./src/Movement/Move.o
                0x000154ac                Move::SetStallEndstopReporting(CanMessageEnableStallEndstop const&, StringRef const&)
 .text._ZN11MoveSegment8AllocateEPS_
                0x000154bc       0x40 ./src/Movement/MoveSegment.o
                0x000154bc                MoveSegment::Allocate(MoveSegment*)
 .text._ZN11MoveSegment10ReleaseAllEPS_
                0x000154fc       0x2c ./src/Movement/MoveSegment.o
                0x000154fc                MoveSegment::ReleaseAll(MoveSegment*)
 .text._ZNK11MoveSegment10DebugPrintEv
                0x00015528       0x74 ./src/Movement/MoveSegment.o
                0x00015528                MoveSegment::DebugPrint() const
 .text._ZN11MoveSegment14DebugPrintListEPKS_
                0x0001559c       0x90 ./src/Movement/MoveSegment.o
                0x0001559c                MoveSegment::DebugPrintList(MoveSegment const*)
 .text._ZN9StepTimer4InitEv
                0x0001562c       0x9c ./src/Movement/StepTimer.o
                0x0001562c                StepTimer::Init()
 .text._ZN9StepTimer13GetTimerTicksEv
                0x000156c8       0x28 ./src/Movement/StepTimer.o
                0x000156c8                StepTimer::GetTimerTicks()
 .text._ZN9StepTimer35GetTimerTicksWhenInterruptsDisabledEv
                0x000156f0       0x1c ./src/Movement/StepTimer.o
                0x000156f0                StepTimer::GetTimerTicksWhenInterruptsDisabled()
 .text._ZN9StepTimer11CheckSyncedEv
                0x0001570c       0x44 ./src/Movement/StepTimer.o
                0x0001570c                StepTimer::CheckSynced()
 .text._ZN9StepTimer8IsSyncedEv
                0x00015750       0x14 ./src/Movement/StepTimer.o
                0x00015750                StepTimer::IsSynced()
 .text._ZN9StepTimer22ProcessTimeSyncMessageERK18CanMessageTimeSyncjt
                0x00015764      0x1dc ./src/Movement/StepTimer.o
                0x00015764                StepTimer::ProcessTimeSyncMessage(CanMessageTimeSync const&, unsigned int, unsigned short)
 .text._ZN9StepTimer31ScheduleMovementCallbackFromIsrEm
                0x00015940       0x4c ./src/Movement/StepTimer.o
                0x00015940                StepTimer::ScheduleMovementCallbackFromIsr(unsigned long)
 .text.TC0_Handler
                0x0001598c       0x94 ./src/Movement/StepTimer.o
                0x0001598c                TC0_Handler
 .text._ZN9StepTimer11DiagnosticsERK9StringRef
                0x00015a20       0xe8 ./src/Movement/StepTimer.o
                0x00015a20                StepTimer::Diagnostics(StringRef const&)
 .text._ZNK12LedStripBase11GetTypeTextEv
                0x00015b08       0x24 ./src/LedStrips/LedStripBase.o
                0x00015b08                LedStripBase::GetTypeText() const
 .text._ZN15LedStripManager13HandleM950LedERK17CanMessageGenericRK9StringRefRh
                0x00015b2c      0x130 ./src/LedStrips/LedStripManager.o
                0x00015b2c                LedStripManager::HandleM950Led(CanMessageGeneric const&, StringRef const&, unsigned char&)
 .text._ZN15LedStripManager19HandleLedSetColoursERK17CanMessageGenericRK9StringRef
                0x00015c5c       0x94 ./src/LedStrips/LedStripManager.o
                0x00015c5c                LedStripManager::HandleLedSetColours(CanMessageGeneric const&, StringRef const&)
 .text.startup._GLOBAL__sub_I__ZN15LedStripManager7ledLockE
                0x00015cf0       0x18 ./src/LedStrips/LedStripManager.o
 .text._ZNK13LocalLedStrip16MustStopMovementEv
                0x00015d08        0x4 ./src/LedStrips/LocalLedStrip.o
                0x00015d08                LocalLedStrip::MustStopMovement() const
 .text._ZN13LocalLedStripC2E12LedStripTypem
                0x00015d0c       0x2c ./src/LedStrips/LocalLedStrip.o
                0x00015d0c                LocalLedStrip::LocalLedStrip(LedStripType, unsigned long)
                0x00015d0c                LocalLedStrip::LocalLedStrip(LedStripType, unsigned long)
 .text._ZN13LocalLedStripD2Ev
                0x00015d38       0x20 ./src/LedStrips/LocalLedStrip.o
                0x00015d38                LocalLedStrip::~LocalLedStrip()
                0x00015d38                LocalLedStrip::~LocalLedStrip()
 .text._ZN13LocalLedStrip15CommonConfigureER23CanMessageGenericParserRK9StringRefRbRh
                0x00015d58       0xa4 ./src/LedStrips/LocalLedStrip.o
                0x00015d58                LocalLedStrip::CommonConfigure(CanMessageGenericParser&, StringRef const&, bool&, unsigned char&)
 .text._ZN13LocalLedStrip19CommonReportDetailsERK9StringRef
                0x00015dfc       0x54 ./src/LedStrips/LocalLedStrip.o
                0x00015dfc                LocalLedStrip::CommonReportDetails(StringRef const&)
 .text._ZN13LocalLedStrip9LedParams13GetM150ParamsER23CanMessageGenericParser
                0x00015e50       0x9c ./src/LedStrips/LocalLedStrip.o
                0x00015e50                LocalLedStrip::LedParams::GetM150Params(CanMessageGenericParser&)
 .text._ZN13LocalLedStrip9LedParams15ApplyBrightnessEv
                0x00015eec       0x40 ./src/LedStrips/LocalLedStrip.o
                0x00015eec                LocalLedStrip::LedParams::ApplyBrightness()
 .text._ZNK16NeoPixelLedStrip14GetBytesPerLedEv
                0x00015f2c        0x8 ./src/LedStrips/NeoPixelLedStrip.o
                0x00015f2c                NeoPixelLedStrip::GetBytesPerLed() const
 .text._ZN16NeoPixelLedStrip9ConfigureER23CanMessageGenericParserRK9StringRefRh
                0x00015f34       0x2c ./src/LedStrips/NeoPixelLedStrip.o
                0x00015f34                NeoPixelLedStrip::Configure(CanMessageGenericParser&, StringRef const&, unsigned char&)
 .text._ZN16NeoPixelLedStripD2Ev
                0x00015f60       0x14 ./src/LedStrips/NeoPixelLedStrip.o
                0x00015f60                NeoPixelLedStrip::~NeoPixelLedStrip()
                0x00015f60                NeoPixelLedStrip::~NeoPixelLedStrip()
 .text._ZN16NeoPixelLedStripD0Ev
                0x00015f74       0x1c ./src/LedStrips/NeoPixelLedStrip.o
                0x00015f74                NeoPixelLedStrip::~NeoPixelLedStrip()
 .text._ZN16NeoPixelLedStrip10HandleM150ER23CanMessageGenericParserRK9StringRef
                0x00015f90      0x17c ./src/LedStrips/NeoPixelLedStrip.o
                0x00015f90                NeoPixelLedStrip::HandleM150(CanMessageGenericParser&, StringRef const&)
 .text._ZN16NeoPixelLedStripC2Eb
                0x0001610c       0x38 ./src/LedStrips/NeoPixelLedStrip.o
                0x0001610c                NeoPixelLedStrip::NeoPixelLedStrip(bool)
                0x0001610c                NeoPixelLedStrip::NeoPixelLedStrip(bool)
 .text._ZN12InputMonitor25CommonAnalogPortInterruptE17CallbackParameterm
                0x00016144       0x20 ./src/InputMonitors/InputMonitor.o
                0x00016144                InputMonitor::CommonAnalogPortInterrupt(CallbackParameter, unsigned long)
 .text._ZN12InputMonitor8ActivateEv.part.0
                0x00016164       0xb8 ./src/InputMonitors/InputMonitor.o
 .text._ZN12InputMonitor26CommonDigitalPortInterruptE17CallbackParameter
                0x0001621c       0x34 ./src/InputMonitors/InputMonitor.o
                0x0001621c                InputMonitor::CommonDigitalPortInterrupt(CallbackParameter)
 .text._ZN12InputMonitor12SetTriggeredEv
                0x00016250        0xc ./src/InputMonitors/InputMonitor.o
                0x00016250                InputMonitor::SetTriggered()
 .text._ZN12InputMonitor15AnalogInterruptEm
                0x0001625c       0x20 ./src/InputMonitors/InputMonitor.o
                0x0001625c                InputMonitor::AnalogInterrupt(unsigned long)
 .text._ZN12InputMonitor11UpdateStateEb
                0x0001627c       0x18 ./src/InputMonitors/InputMonitor.o
                0x0001627c                InputMonitor::UpdateState(bool)
 .text._ZN12InputMonitor4InitEv
                0x00016294        0x4 ./src/InputMonitors/InputMonitor.o
                0x00016294                InputMonitor::Init()
 .text._ZN12InputMonitor6DeleteEt
                0x00016298       0xc0 ./src/InputMonitors/InputMonitor.o
                0x00016298                InputMonitor::Delete(unsigned short)
 .text._ZN12InputMonitor6CreateERK31CanMessageCreateInputMonitorNewjRK9StringRefRh
                0x00016358      0x12c ./src/InputMonitors/InputMonitor.o
                0x00016358                InputMonitor::Create(CanMessageCreateInputMonitorNew const&, unsigned int, StringRef const&, unsigned char&)
 .text._ZN12InputMonitor6ChangeERK31CanMessageChangeInputMonitorNewRK9StringRefRh
                0x00016484      0x1dc ./src/InputMonitors/InputMonitor.o
                0x00016484                InputMonitor::Change(CanMessageChangeInputMonitorNew const&, StringRef const&, unsigned char&)
 .text._ZN12InputMonitor15AddStateChangesEP25CanMessageInputChangedNew
                0x00016660       0xd8 ./src/InputMonitors/InputMonitor.o
                0x00016660                InputMonitor::AddStateChanges(CanMessageInputChangedNew*)
 .text._ZN12InputMonitor10ReadInputsEP16CanMessageBuffer
                0x00016738       0xfc ./src/InputMonitors/InputMonitor.o
                0x00016738                InputMonitor::ReadInputs(CanMessageBuffer*)
 .text._ZN12InputMonitor19AddAnalogHandleDataEPhj
                0x00016834       0x5c ./src/InputMonitors/InputMonitor.o
                0x00016834                InputMonitor::AddAnalogHandleData(unsigned char*, unsigned int)
 .text.startup._GLOBAL__sub_I__ZN12InputMonitor12monitorsListE
                0x00016890       0x10 ./src/InputMonitors/InputMonitor.o
 .text._ZNK17TemperatureSensor23GetNumAdditionalOutputsEv
                0x000168a0        0x4 ./src/Heating/Sensors/AdditionalOutputSensor.o
                0x000168a0                TemperatureSensor::GetNumAdditionalOutputs() const
 .text._ZNK17TemperatureSensor28GetTemperatureReadingTimeoutEv
                0x000168a4        0x8 ./src/Heating/Sensors/AdditionalOutputSensor.o
                0x000168a4                TemperatureSensor::GetTemperatureReadingTimeout() const
 .text._ZNK17TemperatureSensor16AppendPinDetailsERK9StringRef
                0x000168ac        0x4 ./src/Heating/Sensors/CpuTemperatureSensor.o
                0x000168ac                TemperatureSensor::AppendPinDetails(StringRef const&) const
 .text._ZN20CpuTemperatureSensor4PollEv
                0x000168b0       0x20 ./src/Heating/Sensors/CpuTemperatureSensor.o
                0x000168b0                CpuTemperatureSensor::Poll()
 .text._ZN20CpuTemperatureSensorD2Ev
                0x000168d0       0x14 ./src/Heating/Sensors/CpuTemperatureSensor.o
                0x000168d0                CpuTemperatureSensor::~CpuTemperatureSensor()
                0x000168d0                CpuTemperatureSensor::~CpuTemperatureSensor()
 .text._ZN20CpuTemperatureSensorD0Ev
                0x000168e4       0x1c ./src/Heating/Sensors/CpuTemperatureSensor.o
                0x000168e4                CpuTemperatureSensor::~CpuTemperatureSensor()
 .text._ZN20CpuTemperatureSensorUljE_4_FUNEj
                0x00016900       0x24 ./src/Heating/Sensors/CpuTemperatureSensor.o
 .text.startup._GLOBAL__sub_I__ZN20CpuTemperatureSensor14typeDescriptorE
                0x00016924       0x18 ./src/Heating/Sensors/CpuTemperatureSensor.o
 .text._ZN18LinearAnalogSensor4PollEv
                0x0001693c       0x70 ./src/Heating/Sensors/LinearAnalogSensor.o
                0x0001693c                LinearAnalogSensor::Poll()
 .text._ZN18LinearAnalogSensorD2Ev
                0x000169ac       0x14 ./src/Heating/Sensors/LinearAnalogSensor.o
                0x000169ac                LinearAnalogSensor::~LinearAnalogSensor()
                0x000169ac                LinearAnalogSensor::~LinearAnalogSensor()
 .text._ZN18LinearAnalogSensorD0Ev
                0x000169c0       0x1c ./src/Heating/Sensors/LinearAnalogSensor.o
                0x000169c0                LinearAnalogSensor::~LinearAnalogSensor()
 .text._ZN18LinearAnalogSensorUljE_4_FUNEj
                0x000169dc       0x98 ./src/Heating/Sensors/LinearAnalogSensor.o
 .text._ZN18LinearAnalogSensor9ConfigureERK23CanMessageGenericParserRK9StringRef
                0x00016a74      0x17c ./src/Heating/Sensors/LinearAnalogSensor.o
                0x00016a74                LinearAnalogSensor::Configure(CanMessageGenericParser const&, StringRef const&)
 .text.startup._GLOBAL__sub_I__ZN18LinearAnalogSensor14typeDescriptorE
                0x00016bf0       0x18 ./src/Heating/Sensors/LinearAnalogSensor.o
 .text._ZN12RemoteSensor9ConfigureERK23CanMessageGenericParserRK9StringRef
                0x00016c08        0x4 ./src/Heating/Sensors/RemoteSensor.o
                0x00016c08                RemoteSensor::Configure(CanMessageGenericParser const&, StringRef const&)
 .text._ZNK12RemoteSensor15GetBoardAddressEv
                0x00016c0c        0x8 ./src/Heating/Sensors/RemoteSensor.o
                0x00016c0c                RemoteSensor::GetBoardAddress() const
 .text._ZN12RemoteSensor4PollEv
                0x00016c14        0x4 ./src/Heating/Sensors/RemoteSensor.o
                0x00016c14                RemoteSensor::Poll()
 .text._ZN12RemoteSensorD2Ev
                0x00016c18       0x14 ./src/Heating/Sensors/RemoteSensor.o
                0x00016c18                RemoteSensor::~RemoteSensor()
                0x00016c18                RemoteSensor::~RemoteSensor()
 .text._ZN12RemoteSensorD0Ev
                0x00016c2c       0x1c ./src/Heating/Sensors/RemoteSensor.o
                0x00016c2c                RemoteSensor::~RemoteSensor()
 .text._ZN12RemoteSensor23UpdateRemoteTemperatureEhRK15CanSensorReport
                0x00016c48       0x28 ./src/Heating/Sensors/RemoteSensor.o
                0x00016c48                RemoteSensor::UpdateRemoteTemperature(unsigned char, CanSensorReport const&)
 .text._ZN12RemoteSensorC2Ejh
                0x00016c70       0x20 ./src/Heating/Sensors/RemoteSensor.o
                0x00016c70                RemoteSensor::RemoteSensor(unsigned int, unsigned char)
                0x00016c70                RemoteSensor::RemoteSensor(unsigned int, unsigned char)
 .text._ZNK14SensorWithPort16AppendPinDetailsERK9StringRef
                0x00016c90       0x24 ./src/Heating/Sensors/SensorWithPort.o
                0x00016c90                SensorWithPort::AppendPinDetails(StringRef const&) const
 .text._ZN14SensorWithPortC2EjPKc
                0x00016cb4       0x1c ./src/Heating/Sensors/SensorWithPort.o
                0x00016cb4                SensorWithPort::SensorWithPort(unsigned int, char const*)
                0x00016cb4                SensorWithPort::SensorWithPort(unsigned int, char const*)
 .text._ZN14SensorWithPortD2Ev
                0x00016cd0       0x28 ./src/Heating/Sensors/SensorWithPort.o
                0x00016cd0                SensorWithPort::~SensorWithPort()
                0x00016cd0                SensorWithPort::~SensorWithPort()
 .text._ZN14SensorWithPort13ConfigurePortERK23CanMessageGenericParserRK9StringRef9PinAccessRb
                0x00016cf8       0x6c ./src/Heating/Sensors/SensorWithPort.o
                0x00016cf8                SensorWithPort::ConfigurePort(CanMessageGenericParser const&, StringRef const&, PinAccess, bool&)
 .text._ZN17TemperatureSensor19GetAdditionalOutputERfh
                0x00016d64       0x10 ./src/Heating/Sensors/TemperatureSensor.o
                0x00016d64                TemperatureSensor::GetAdditionalOutput(float&, unsigned char)
 .text._ZN17TemperatureSensor25ConfigureAdditionalOutputERK23CanMessageGenericParserRK9StringRefRbh
                0x00016d74        0x4 ./src/Heating/Sensors/TemperatureSensor.o
                0x00016d74                TemperatureSensor::ConfigureAdditionalOutput(CanMessageGenericParser const&, StringRef const&, bool&, unsigned char)
 .text._ZN17TemperatureSensor32AppendAdditionalOutputParametersERK9StringRefh
                0x00016d78        0x4 ./src/Heating/Sensors/TemperatureSensor.o
                0x00016d78                TemperatureSensor::AppendAdditionalOutputParameters(StringRef const&, unsigned char)
 .text._ZN17TemperatureSensor23UpdateRemoteTemperatureEhRK15CanSensorReport
                0x00016d7c        0x4 ./src/Heating/Sensors/TemperatureSensor.o
                0x00016d7c                TemperatureSensor::UpdateRemoteTemperature(unsigned char, CanSensorReport const&)
 .text._ZNK17TemperatureSensor15GetBoardAddressEv
                0x00016d80        0x4 ./src/Heating/Sensors/TemperatureSensor.o
                0x00016d80                TemperatureSensor::GetBoardAddress() const
 .text._ZN17TemperatureSensor20SensorTypeDescriptorC2EPKcPDoFPS_jE
                0x00016d84       0x18 ./src/Heating/Sensors/TemperatureSensor.o
                0x00016d84                TemperatureSensor::SensorTypeDescriptor::SensorTypeDescriptor(char const*, TemperatureSensor* (*)(unsigned int) noexcept)
                0x00016d84                TemperatureSensor::SensorTypeDescriptor::SensorTypeDescriptor(char const*, TemperatureSensor* (*)(unsigned int) noexcept)
 .text._ZN17TemperatureSensorC2EjPKc
                0x00016d9c       0x24 ./src/Heating/Sensors/TemperatureSensor.o
                0x00016d9c                TemperatureSensor::TemperatureSensor(unsigned int, char const*)
                0x00016d9c                TemperatureSensor::TemperatureSensor(unsigned int, char const*)
 .text._ZN17TemperatureSensorD2Ev
                0x00016dc0        0x4 ./src/Heating/Sensors/TemperatureSensor.o
                0x00016dc0                TemperatureSensor::~TemperatureSensor()
                0x00016dc0                TemperatureSensor::~TemperatureSensor()
 .text._ZN17TemperatureSensor20GetLatestTemperatureERf
                0x00016dc4       0x4c ./src/Heating/Sensors/TemperatureSensor.o
                0x00016dc4                TemperatureSensor::GetLatestTemperature(float&)
 .text._ZN17TemperatureSensor25ConfigureCommonParametersERK23CanMessageGenericParserRb
                0x00016e10       0x30 ./src/Heating/Sensors/TemperatureSensor.o
                0x00016e10                TemperatureSensor::ConfigureCommonParameters(CanMessageGenericParser const&, bool&)
 .text._ZNK17TemperatureSensor16CopyBasicDetailsERK9StringRef
                0x00016e40       0xd8 ./src/Heating/Sensors/TemperatureSensor.o
                0x00016e40                TemperatureSensor::CopyBasicDetails(StringRef const&) const
 .text._ZN17TemperatureSensor9ConfigureERK23CanMessageGenericParserRK9StringRef
                0x00016f18       0x4c ./src/Heating/Sensors/TemperatureSensor.o
                0x00016f18                TemperatureSensor::Configure(CanMessageGenericParser const&, StringRef const&)
 .text._ZN17TemperatureSensor9SetResultEf16TemperatureError
                0x00016f64       0x34 ./src/Heating/Sensors/TemperatureSensor.o
                0x00016f64                TemperatureSensor::SetResult(float, TemperatureError)
 .text._ZN17TemperatureSensor9SetResultE16TemperatureError
                0x00016f98       0x20 ./src/Heating/Sensors/TemperatureSensor.o
                0x00016f98                TemperatureSensor::SetResult(TemperatureError)
 .text._ZN17TemperatureSensor6CreateEjPKcRK9StringRef
                0x00016fb8       0x40 ./src/Heating/Sensors/TemperatureSensor.o
                0x00016fb8                TemperatureSensor::Create(unsigned int, char const*, StringRef const&)
 .text._ZN17TemperatureSensor19GetPT100TemperatureERft
                0x00016ff8       0x94 ./src/Heating/Sensors/TemperatureSensor.o
                0x00016ff8                TemperatureSensor::GetPT100Temperature(float&, unsigned short)
 .text._ZN10ThermistorD2Ev
                0x0001708c       0x14 ./src/Heating/Sensors/Thermistor.o
                0x0001708c                Thermistor::~Thermistor()
                0x0001708c                Thermistor::~Thermistor()
 .text._ZN10ThermistorD0Ev
                0x000170a0       0x1c ./src/Heating/Sensors/Thermistor.o
                0x000170a0                Thermistor::~Thermistor()
 .text._ZN10ThermistorUljE0_4_FUNEj
                0x000170bc       0x68 ./src/Heating/Sensors/Thermistor.o
 .text._ZN10ThermistorUljE_4_FUNEj
                0x00017124       0x64 ./src/Heating/Sensors/Thermistor.o
 .text._ZN10Thermistor4PollEv
                0x00017188      0x244 ./src/Heating/Sensors/Thermistor.o
                0x00017188                Thermistor::Poll()
 .text._ZN10Thermistor9ConfigureERK23CanMessageGenericParserRK9StringRef
                0x000173cc      0x350 ./src/Heating/Sensors/Thermistor.o
                0x000173cc                Thermistor::Configure(CanMessageGenericParser const&, StringRef const&)
 .text.startup._GLOBAL__sub_I__ZN10Thermistor20thermistorDescriptorE
                0x0001771c       0x34 ./src/Heating/Sensors/Thermistor.o
 .text._ZN26TmcDriverTemperatureSensor4PollEv
                0x00017750       0x24 ./src/Heating/Sensors/TmcDriverTemperatureSensor.o
                0x00017750                TmcDriverTemperatureSensor::Poll()
 .text._ZN26TmcDriverTemperatureSensorD2Ev
                0x00017774       0x14 ./src/Heating/Sensors/TmcDriverTemperatureSensor.o
                0x00017774                TmcDriverTemperatureSensor::~TmcDriverTemperatureSensor()
                0x00017774                TmcDriverTemperatureSensor::~TmcDriverTemperatureSensor()
 .text._ZN26TmcDriverTemperatureSensorD0Ev
                0x00017788       0x1c ./src/Heating/Sensors/TmcDriverTemperatureSensor.o
                0x00017788                TmcDriverTemperatureSensor::~TmcDriverTemperatureSensor()
 .text._ZN26TmcDriverTemperatureSensorUljE_4_FUNEj
                0x000177a4       0x24 ./src/Heating/Sensors/TmcDriverTemperatureSensor.o
 .text.startup._GLOBAL__sub_I__ZN26TmcDriverTemperatureSensor14typeDescriptorE
                0x000177c8       0x18 ./src/Heating/Sensors/TmcDriverTemperatureSensor.o
 .text._ZN5FopDt16CalcPidConstantsEf.part.0
                0x000177e0       0xec ./src/Heating/FOPDT.o
 .text._ZN5FopDtC2Ev
                0x000178cc       0x68 ./src/Heating/FOPDT.o
                0x000178cc                FopDt::FopDt()
                0x000178cc                FopDt::FopDt()
 .text._ZN5FopDt13SetParametersERK27CanMessageHeaterModelNewNewRK9StringRef
                0x00017934      0x148 ./src/Heating/FOPDT.o
                0x00017934                FopDt::SetParameters(CanMessageHeaterModelNewNew const&, StringRef const&)
 .text._ZN5FopDt16CalcPidConstantsEf
                0x00017a7c        0xc ./src/Heating/FOPDT.o
                0x00017a7c                FopDt::CalcPidConstants(float)
 .text._ZNK5FopDt20CorrectPwmForVoltageEff
                0x00017a88       0x5c ./src/Heating/FOPDT.o
                0x00017a88                FopDt::CorrectPwmForVoltage(float, float) const
 .text._ZNK5FopDt22GetPwmCorrectionForFanEff
                0x00017ae4       0x24 ./src/Heating/FOPDT.o
                0x00017ae4                FopDt::GetPwmCorrectionForFan(float, float) const
 .text._ZNK5FopDt17GetNetHeatingRateEfff
                0x00017b08       0x64 ./src/Heating/FOPDT.o
                0x00017b08                FopDt::GetNetHeatingRate(float, float, float) const
 .text._ZNK5FopDt19EstimateRequiredPwmEff
                0x00017b6c       0x60 ./src/Heating/FOPDT.o
                0x00017b6c                FopDt::EstimateRequiredPwm(float, float) const
 .text._ZNK11LocalHeater7GetModeEv
                0x00017bcc        0x8 ./src/Heating/Heat.o
                0x00017bcc                LocalHeater::GetMode() const
 .text._ZN4HeatL17SendHeatersStatusER16CanMessageBuffer
                0x00017bd4      0x110 ./src/Heating/Heat.o
 .text._ZN4Heat8TaskLoopEPv
                0x00017ce4      0x470 ./src/Heating/Heat.o
                0x00017ce4                Heat::TaskLoop(void*)
 .text._ZN4Heat4InitEv
                0x00018154       0x68 ./src/Heating/Heat.o
                0x00018154                Heat::Init()
 .text._ZN4Heat14ProcessM307NewERK27CanMessageHeaterModelNewNewRK9StringRef
                0x000181bc       0x64 ./src/Heating/Heat.o
                0x000181bc                Heat::ProcessM307New(CanMessageHeaterModelNewNew const&, StringRef const&)
 .text._ZN4Heat11ProcessM308ERK17CanMessageGenericRK9StringRef
                0x00018220      0x218 ./src/Heating/Heat.o
                0x00018220                Heat::ProcessM308(CanMessageGeneric const&, StringRef const&)
 .text._ZN4Heat17SetFaultDetectionERK43CanMessageSetHeaterFaultDetectionParametersRK9StringRef
                0x00018438       0x64 ./src/Heating/Heat.o
                0x00018438                Heat::SetFaultDetection(CanMessageSetHeaterFaultDetectionParameters const&, StringRef const&)
 .text._ZN4Heat17SetHeaterMonitorsERK27CanMessageSetHeaterMonitorsRK9StringRef
                0x0001849c       0x64 ./src/Heating/Heat.o
                0x0001849c                Heat::SetHeaterMonitors(CanMessageSetHeaterMonitors const&, StringRef const&)
 .text._ZN4Heat20GetSensorTemperatureEiR16TemperatureError
                0x00018500       0x60 ./src/Heating/Heat.o
                0x00018500                Heat::GetSensorTemperature(int, TemperatureError&)
 .text._ZN4Heat26ProcessRemoteSensorsReportEhRK28CanMessageSensorTemperatures
                0x00018560       0xf0 ./src/Heating/Heat.o
                0x00018560                Heat::ProcessRemoteSensorsReport(unsigned char, CanMessageSensorTemperatures const&)
 .text._ZN4Heat12SwitchOffAllEv
                0x00018650       0x34 ./src/Heating/Heat.o
                0x00018650                Heat::SwitchOffAll()
 .text._ZN4Heat14SetTemperatureERK30CanMessageSetHeaterTemperatureRK9StringRef
                0x00018684       0x64 ./src/Heating/Heat.o
                0x00018684                Heat::SetTemperature(CanMessageSetHeaterTemperature const&, StringRef const&)
 .text._ZN4Heat13TuningCommandERK29CanMessageHeaterTuningCommandRK9StringRef
                0x000186e8       0x84 ./src/Heating/Heat.o
                0x000186e8                Heat::TuningCommand(CanMessageHeaterTuningCommand const&, StringRef const&)
 .text._ZN4Heat11FeedForwardERK30CanMessageHeaterFeedForwardNewRK9StringRef
                0x0001876c       0x64 ./src/Heating/Heat.o
                0x0001876c                Heat::FeedForward(CanMessageHeaterFeedForwardNew const&, StringRef const&)
 .text._ZN4Heat10FindSensorEi
                0x000187d0       0x3c ./src/Heating/Heat.o
                0x000187d0                Heat::FindSensor(int)
 .text._ZN4Heat19FindSensorAtOrAboveEj
                0x0001880c       0x3c ./src/Heating/Heat.o
                0x0001880c                Heat::FindSensorAtOrAbove(unsigned int)
 .text._ZN4Heat11DiagnosticsERK9StringRef
                0x00018848       0x60 ./src/Heating/Heat.o
                0x00018848                Heat::Diagnostics(StringRef const&)
 .text.startup._GLOBAL__sub_I__ZN4Heat15IsHeaterEnabledEj
                0x000188a8       0x18 ./src/Heating/Heat.o
 .text._ZN4Heat15ConfigureHeaterERK17CanMessageGenericRK9StringRef
                0x000188c0      0x168 ./src/Heating/Heat.o
                0x000188c0                Heat::ConfigureHeater(CanMessageGeneric const&, StringRef const&)
 .text._ZN6Heater11ResetHeaterEv
                0x00018a28        0xc ./src/Heating/Heater.o
                0x00018a28                Heater::ResetHeater()
 .text._ZN6Heater9SwitchOffEv
                0x00018a34        0x8 ./src/Heating/Heater.o
                0x00018a34                Heater::SwitchOff()
 .text._ZN6HeaterC2Ej
                0x00018a3c       0x5c ./src/Heating/Heater.o
                0x00018a3c                Heater::Heater(unsigned int)
                0x00018a3c                Heater::Heater(unsigned int)
 .text._ZN6HeaterD2Ev
                0x00018a98        0x4 ./src/Heating/Heater.o
                0x00018a98                Heater::~Heater()
                0x00018a98                Heater::~Heater()
 .text._ZN6Heater27SetFaultDetectionParametersERK43CanMessageSetHeaterFaultDetectionParametersRK9StringRef
                0x00018a9c       0x18 ./src/Heating/Heater.o
                0x00018a9c                Heater::SetFaultDetectionParameters(CanMessageSetHeaterFaultDetectionParameters const&, StringRef const&)
 .text._ZN6Heater17SetHeaterMonitorsERK27CanMessageSetHeaterMonitorsRK9StringRef
                0x00018ab4       0x68 ./src/Heating/Heater.o
                0x00018ab4                Heater::SetHeaterMonitors(CanMessageSetHeaterMonitors const&, StringRef const&)
 .text._ZNK6Heater26GetHighestTemperatureLimitEv
                0x00018b1c       0xa0 ./src/Heating/Heater.o
                0x00018b1c                Heater::GetHighestTemperatureLimit() const
 .text._ZN6Heater8SetModelEjRK27CanMessageHeaterModelNewNewRK9StringRef
                0x00018bbc       0x48 ./src/Heating/Heater.o
                0x00018bbc                Heater::SetModel(unsigned int, CanMessageHeaterModelNewNew const&, StringRef const&)
 .text._ZN6Heater14SetTemperatureERK30CanMessageSetHeaterTemperatureRK9StringRef
                0x00018c04      0x110 ./src/Heating/Heater.o
                0x00018c04                Heater::SetTemperature(CanMessageSetHeaterTemperature const&, StringRef const&)
 .text._ZN13HeaterMonitorC2Ev
                0x00018d14        0x8 ./src/Heating/HeaterMonitor.o
                0x00018d14                HeaterMonitor::HeaterMonitor()
                0x00018d14                HeaterMonitor::HeaterMonitor()
 .text._ZN13HeaterMonitor5CheckEm
                0x00018d1c       0x74 ./src/Heating/HeaterMonitor.o
                0x00018d1c                HeaterMonitor::Check(unsigned long)
 .text._ZNK11LocalHeater14GetTemperatureEv
                0x00018d90        0x8 ./src/Heating/LocalHeater.o
                0x00018d90                LocalHeater::GetTemperature() const
 .text._ZNK11LocalHeater14GetAccumulatorEv
                0x00018d98        0x8 ./src/Heating/LocalHeater.o
                0x00018d98                LocalHeater::GetAccumulator() const
 .text._ZN11LocalHeater15SetPwmFrequencyEtRK9StringRef
                0x00018da0        0x8 ./src/Heating/LocalHeater.o
                0x00018da0                LocalHeater::SetPwmFrequency(unsigned short, StringRef const&)
 .text._ZN11LocalHeater11UpdateModelERK9StringRef
                0x00018da8        0x4 ./src/Heating/LocalHeater.o
                0x00018da8                LocalHeater::UpdateModel(StringRef const&)
 .text._ZNK11LocalHeater13GetAveragePWMEv
                0x00018dac        0x8 ./src/Heating/LocalHeater.o
                0x00018dac                LocalHeater::GetAveragePWM() const
 .text._ZN11LocalHeater22ConfigurePortAndSensorEPKctjRK9StringRef
                0x00018db4       0x70 ./src/Heating/LocalHeater.o
                0x00018db4                LocalHeater::ConfigurePortAndSensor(char const*, unsigned short, unsigned int, StringRef const&)
 .text._ZNK11LocalHeater13ReportDetailsERK9StringRef
                0x00018e24       0x50 ./src/Heating/LocalHeater.o
                0x00018e24                LocalHeater::ReportDetails(StringRef const&) const
 .text._ZN11LocalHeater16ApplyFeedForwardERK30CanMessageHeaterFeedForwardNewRK9StringRef
                0x00018e74       0x8c ./src/Heating/LocalHeater.o
                0x00018e74                LocalHeater::ApplyFeedForward(CanMessageHeaterFeedForwardNew const&, StringRef const&)
 .text._ZN11LocalHeater7SuspendEb
                0x00018f00       0x5c ./src/Heating/LocalHeater.o
                0x00018f00                LocalHeater::Suspend(bool)
 .text._ZN11LocalHeater8SwitchOnERK9StringRef
                0x00018f5c       0xe0 ./src/Heating/LocalHeater.o
                0x00018f5c                LocalHeater::SwitchOn(StringRef const&)
 .text._ZN11LocalHeater18GetTuningCycleDataER28CanMessageHeaterTuningReport
                0x0001903c       0x74 ./src/Heating/LocalHeater.o
                0x0001903c                LocalHeater::GetTuningCycleData(CanMessageHeaterTuningReport&)
 .text._ZN11LocalHeater16RaiseHeaterFaultE15HeaterFaultTypePKcz
                0x000190b0       0x58 ./src/Heating/LocalHeater.o
                0x000190b0                LocalHeater::RaiseHeaterFault(HeaterFaultType, char const*, ...)
 .text._ZN11LocalHeater11ResetHeaterEv
                0x00019108       0x38 ./src/Heating/LocalHeater.o
                0x00019108                LocalHeater::ResetHeater()
 .text._ZN11LocalHeaterC2Ej
                0x00019140       0x6c ./src/Heating/LocalHeater.o
                0x00019140                LocalHeater::LocalHeater(unsigned int)
                0x00019140                LocalHeater::LocalHeater(unsigned int)
 .text._ZN11LocalHeater9SwitchOffEv
                0x000191ac       0x38 ./src/Heating/LocalHeater.o
                0x000191ac                LocalHeater::SwitchOff()
 .text._ZN11LocalHeaterD2Ev
                0x000191e4       0x58 ./src/Heating/LocalHeater.o
                0x000191e4                LocalHeater::~LocalHeater()
                0x000191e4                LocalHeater::~LocalHeater()
 .text._ZN11LocalHeaterD0Ev
                0x0001923c       0x60 ./src/Heating/LocalHeater.o
                0x0001923c                LocalHeater::~LocalHeater()
 .text._ZN11LocalHeater10ResetFaultEv
                0x0001929c       0x60 ./src/Heating/LocalHeater.o
                0x0001929c                LocalHeater::ResetFault()
 .text._ZN11LocalHeater13TuningCommandERK29CanMessageHeaterTuningCommandRK9StringRef
                0x000192fc       0xf0 ./src/Heating/LocalHeater.o
                0x000192fc                LocalHeater::TuningCommand(CanMessageHeaterTuningCommand const&, StringRef const&)
 .text._ZN11LocalHeater12DoTuningStepEv
                0x000193ec      0x2b0 ./src/Heating/LocalHeater.o
                0x000193ec                LocalHeater::DoTuningStep()
 .text._ZN11LocalHeater4SpinEv
                0x0001969c      0x764 ./src/Heating/LocalHeater.o
                0x0001969c                LocalHeater::Spin()
 .text._ZN4TaskILj300EED2Ev
                0x00019e00        0xc ./src/Hardware/SAME5x_C21/SAME5x/Devices.o
                0x00019e00                Task<300u>::~Task()
                0x00019e00                Task<300u>::~Task()
 .text._Z10DeviceInitv
                0x00019e0c       0x44 ./src/Hardware/SAME5x_C21/SAME5x/Devices.o
                0x00019e0c                DeviceInit()
 .text.startup._GLOBAL__sub_I__Z10DeviceInitv
                0x00019e50       0x1c ./src/Hardware/SAME5x_C21/SAME5x/Devices.o
 .text._Z7AppInitv
                0x00019e6c        0x4 ./src/Hardware/SAME5x_C21/SAME5x/Main.o
                0x00019e6c                AppInit()
 .text._Z19AppGetXoscFrequencyv
                0x00019e70        0x4 ./src/Hardware/SAME5x_C21/SAME5x/Main.o
                0x00019e70                AppGetXoscFrequency()
 .text._Z16AppGetXoscNumberv
                0x00019e74        0x4 ./src/Hardware/SAME5x_C21/SAME5x/Main.o
                0x00019e74                AppGetXoscNumber()
 .text._ZN15SharedI2CMasterC2Eh
                0x00019e78      0x18c ./src/Hardware/SAME5x_C21/SharedI2CMaster.o
                0x00019e78                SharedI2CMaster::SharedI2CMaster(unsigned char)
                0x00019e78                SharedI2CMaster::SharedI2CMaster(unsigned char)
 .text._ZN15SharedI2CMaster4TakeEm
                0x0001a004       0x14 ./src/Hardware/SAME5x_C21/SharedI2CMaster.o
                0x0001a004                SharedI2CMaster::Take(unsigned long)
 .text._ZN15SharedI2CMaster7ReleaseEv
                0x0001a018       0x20 ./src/Hardware/SAME5x_C21/SharedI2CMaster.o
                0x0001a018                SharedI2CMaster::Release()
 .text._ZN15SharedI2CMaster11DiagnosticsERK9StringRef
                0x0001a038       0x2c ./src/Hardware/SAME5x_C21/SharedI2CMaster.o
                0x0001a038                SharedI2CMaster::Diagnostics(StringRef const&)
 .text._ZN15SharedI2CMaster16InternalTransferEtPKhPhjj
                0x0001a064       0xbc ./src/Hardware/SAME5x_C21/SharedI2CMaster.o
                0x0001a064                SharedI2CMaster::InternalTransfer(unsigned short, unsigned char const*, unsigned char*, unsigned int, unsigned int)
 .text._ZN15SharedI2CMaster8TransferEtPKhPhjj
                0x0001a120       0x74 ./src/Hardware/SAME5x_C21/SharedI2CMaster.o
                0x0001a120                SharedI2CMaster::Transfer(unsigned short, unsigned char const*, unsigned char*, unsigned int, unsigned int)
 .text._ZN15SharedI2CMaster9InterruptEv
                0x0001a194      0x1c0 ./src/Hardware/SAME5x_C21/SharedI2CMaster.o
                0x0001a194                SharedI2CMaster::Interrupt()
 .text._ZN6AS5601C2ER15SharedI2CMaster
                0x0001a354       0x10 ./src/Hardware/AS5601.o
                0x0001a354                AS5601::AS5601(SharedI2CMaster&)
                0x0001a354                AS5601::AS5601(SharedI2CMaster&)
 .text._ZN6AS56014InitEv
                0x0001a364       0x68 ./src/Hardware/AS5601.o
                0x0001a364                AS5601::Init()
 .text._ZN6AS56014ReadERtRhS1_
                0x0001a3cc       0x90 ./src/Hardware/AS5601.o
                0x0001a3cc                AS5601::Read(unsigned short&, unsigned char&, unsigned char&)
 .text._Z13SoftwareReset19SoftwareResetReasonPKm
                0x0001a45c       0x50 ./src/Hardware/ExceptionHandlers.o
                0x0001a45c                SoftwareReset(SoftwareResetReason, unsigned long const*)
 .text._Z18OutOfMemoryHandlerv
                0x0001a4ac        0xc ./src/Hardware/ExceptionHandlers.o
                0x0001a4ac                OutOfMemoryHandler()
 .text.hardFaultDispatcher
                0x0001a4b8        0xc ./src/Hardware/ExceptionHandlers.o
                0x0001a4b8                hardFaultDispatcher
 .text.HardFault_Handler
                0x0001a4c4       0x18 ./src/Hardware/ExceptionHandlers.o
                0x0001a4c4                HardFault_Handler
 .text.wdtFaultDispatcher
                0x0001a4dc        0xc ./src/Hardware/ExceptionHandlers.o
                0x0001a4dc                wdtFaultDispatcher
 .text.WDT_Handler
                0x0001a4e8       0x18 ./src/Hardware/ExceptionHandlers.o
                0x0001a4e8                WDT_Handler
 .text.otherFaultDispatcher
                0x0001a500        0xc ./src/Hardware/ExceptionHandlers.o
                0x0001a500                otherFaultDispatcher
 .text.OtherFault_Handler
                0x0001a50c       0x18 ./src/Hardware/ExceptionHandlers.o
                0x0001a50c                OtherFault_Handler
                0x0001a50c                DebugMon_Handler
 .text.NMI_Handler
                0x0001a524        0xc ./src/Hardware/ExceptionHandlers.o
                0x0001a524                NMI_Handler
 .text.UsageFault_Handler
                0x0001a530        0xc ./src/Hardware/ExceptionHandlers.o
                0x0001a530                UsageFault_Handler
 .text.stackOverflowDispatcher
                0x0001a53c        0xc ./src/Hardware/ExceptionHandlers.o
                0x0001a53c                stackOverflowDispatcher
 .text.vApplicationStackOverflowHook
                0x0001a548        0xc ./src/Hardware/ExceptionHandlers.o
                0x0001a548                vApplicationStackOverflowHook
 .text.assertCalledDispatcher
                0x0001a554        0xc ./src/Hardware/ExceptionHandlers.o
                0x0001a554                assertCalledDispatcher
 .text.vAssertCalled
                0x0001a560        0xc ./src/Hardware/ExceptionHandlers.o
                0x0001a560                vAssertCalled
 .text._ZNK6IoPort13AppendPinNameERK9StringRefb.constprop.0
                0x0001a56c       0xe8 ./src/Hardware/IoPorts.o
 .text._ZN6IoPort4InitEv
                0x0001a654       0x24 ./src/Hardware/IoPorts.o
                0x0001a654                IoPort::Init()
 .text._ZN6IoPortC2Ev
                0x0001a678       0x10 ./src/Hardware/IoPorts.o
                0x0001a678                IoPort::IoPort()
                0x0001a678                IoPort::IoPort()
 .text._ZN6IoPort7ReleaseEv
                0x0001a688       0x58 ./src/Hardware/IoPorts.o
                0x0001a688                IoPort::Release()
 .text._ZNK6IoPort15AttachInterruptEPDoFv17CallbackParameterE13InterruptModeS0_
                0x0001a6e0       0x28 ./src/Hardware/IoPorts.o
                0x0001a6e0                IoPort::AttachInterrupt(void (*)(CallbackParameter) noexcept, InterruptMode, CallbackParameter) const
 .text._ZNK6IoPort15DetachInterruptEv
                0x0001a708       0x14 ./src/Hardware/IoPorts.o
                0x0001a708                IoPort::DetachInterrupt() const
 .text._ZN6IoPort17SetAnalogCallbackEPDoFv17CallbackParametermES0_m
                0x0001a71c       0x34 ./src/Hardware/IoPorts.o
                0x0001a71c                IoPort::SetAnalogCallback(void (*)(CallbackParameter, unsigned long) noexcept, CallbackParameter, unsigned long)
 .text._ZN6IoPort19ClearAnalogCallbackEv
                0x0001a750       0x28 ./src/Hardware/IoPorts.o
                0x0001a750                IoPort::ClearAnalogCallback()
 .text._ZN6IoPort7SetModeE9PinAccess
                0x0001a778       0xd8 ./src/Hardware/IoPorts.o
                0x0001a778                IoPort::SetMode(PinAccess)
 .text._ZNK6IoPort12WriteDigitalEb
                0x0001a850       0x18 ./src/Hardware/IoPorts.o
                0x0001a850                IoPort::WriteDigital(bool) const
 .text._ZNK6IoPort11ReadDigitalEv
                0x0001a868       0x20 ./src/Hardware/IoPorts.o
                0x0001a868                IoPort::ReadDigital() const
 .text._ZNK6IoPort10ReadAnalogEv
                0x0001a888       0x44 ./src/Hardware/IoPorts.o
                0x0001a888                IoPort::ReadAnalog() const
 .text._ZNK6IoPort18AppendBasicDetailsERK9StringRef
                0x0001a8cc       0x64 ./src/Hardware/IoPorts.o
                0x0001a8cc                IoPort::AppendBasicDetails(StringRef const&) const
 .text._ZNK6IoPort13AppendPinNameERK9StringRefb
                0x0001a930       0xf0 ./src/Hardware/IoPorts.o
                0x0001a930                IoPort::AppendPinName(StringRef const&, bool) const
 .text._ZN6IoPort13LookupPinNameEPKcRhRbS3_
                0x0001aa20       0xc8 ./src/Hardware/IoPorts.o
                0x0001aa20                IoPort::LookupPinName(char const*, unsigned char&, bool&, bool&)
 .text._ZN6IoPort8AllocateEPKcRK9StringRef9PinUsedBy9PinAccess
                0x0001aae8      0x150 ./src/Hardware/IoPorts.o
                0x0001aae8                IoPort::Allocate(char const*, StringRef const&, PinUsedBy, PinAccess)
 .text._ZN6IoPort11AssignPortsEPKcRK9StringRef9PinUsedByjPKPS_PK9PinAccess
                0x0001ac38      0x150 ./src/Hardware/IoPorts.o
                0x0001ac38                IoPort::AssignPorts(char const*, StringRef const&, PinUsedBy, unsigned int, IoPort* const*, PinAccess const*)
 .text._ZN6IoPort13PinToAdcInputEhb
                0x0001ad88       0x1c ./src/Hardware/IoPorts.o
                0x0001ad88                IoPort::PinToAdcInput(unsigned char, bool)
 .text._ZN6IoPort7ReadPinEh
                0x0001ada4        0xc ./src/Hardware/IoPorts.o
                0x0001ada4                IoPort::ReadPin(unsigned char)
 .text._ZN6IoPort12WriteDigitalEhb
                0x0001adb0        0xc ./src/Hardware/IoPorts.o
                0x0001adb0                IoPort::WriteDigital(unsigned char, bool)
 .text._ZN7PwmPortC2Ev
                0x0001adbc       0x14 ./src/Hardware/IoPorts.o
                0x0001adbc                PwmPort::PwmPort()
                0x0001adbc                PwmPort::PwmPort()
 .text._ZNK7PwmPort15AppendFrequencyERK9StringRef
                0x0001add0       0x18 ./src/Hardware/IoPorts.o
                0x0001add0                PwmPort::AppendFrequency(StringRef const&) const
 .text._ZNK7PwmPort17AppendFullDetailsERK9StringRef
                0x0001ade8       0x78 ./src/Hardware/IoPorts.o
                0x0001ade8                PwmPort::AppendFullDetails(StringRef const&) const
 .text._ZNK7PwmPort11WriteAnalogEf
                0x0001ae60       0x20 ./src/Hardware/IoPorts.o
                0x0001ae60                PwmPort::WriteAnalog(float) const
 .text._ZN7LDC1612C2ER15SharedI2CMastert
                0x0001ae80       0x14 ./src/Hardware/LDC1612.o
                0x0001ae80                LDC1612::LDC1612(SharedI2CMaster&, unsigned short)
                0x0001ae80                LDC1612::LDC1612(SharedI2CMaster&, unsigned short)
 .text._ZN7LDC161212CheckPresentEv
                0x0001ae94       0x68 ./src/Hardware/LDC1612.o
                0x0001ae94                LDC1612::CheckPresent()
 .text._ZN7LDC161216GetChannelResultEhRm
                0x0001aefc       0x70 ./src/Hardware/LDC1612.o
                0x0001aefc                LDC1612::GetChannelResult(unsigned char, unsigned long&)
 .text._ZN7LDC161215SetDriveCurrentEht
                0x0001af6c       0x40 ./src/Hardware/LDC1612.o
                0x0001af6c                LDC1612::SetDriveCurrent(unsigned char, unsigned short)
 .text._ZN7LDC161214IsChannelReadyEh
                0x0001afac       0x40 ./src/Hardware/LDC1612.o
                0x0001afac                LDC1612::IsChannelReady(unsigned char)
 .text._ZN7LDC161211Write16bitsENS_11LDCRegisterEt
                0x0001afec       0x30 ./src/Hardware/LDC1612.o
                0x0001afec                LDC1612::Write16bits(LDC1612::LDCRegister, unsigned short)
 .text._ZN7LDC161223SetDefaultConfigurationEhb
                0x0001b01c      0x18c ./src/Hardware/LDC1612.o
                0x0001b01c                LDC1612::SetDefaultConfiguration(unsigned char, bool)
 .text._ZN7LDC161221CalibrateDriveCurrentEh
                0x0001b1a8      0x1a8 ./src/Hardware/LDC1612.o
                0x0001b1a8                LDC1612::CalibrateDriveCurrent(unsigned char)
 .text._Z13Int1Interrupt17CallbackParameter
                0x0001b350       0x24 ./src/Hardware/LISAccelerometer.o
                0x0001b350                Int1Interrupt(CallbackParameter)
 .text._ZN16LISAccelerometerC2ER15SharedI2CMasterh
                0x0001b374       0x18 ./src/Hardware/LISAccelerometer.o
                0x0001b374                LISAccelerometer::LISAccelerometer(SharedI2CMaster&, unsigned char)
                0x0001b374                LISAccelerometer::LISAccelerometer(SharedI2CMaster&, unsigned char)
 .text._ZN16LISAccelerometer12CheckPresentEv
                0x0001b38c       0x74 ./src/Hardware/LISAccelerometer.o
                0x0001b38c                LISAccelerometer::CheckPresent()
 .text._ZNK16LISAccelerometer11GetTypeNameEv
                0x0001b400       0x24 ./src/Hardware/LISAccelerometer.o
                0x0001b400                LISAccelerometer::GetTypeName() const
 .text._ZN16LISAccelerometer10ReadStatusEv
                0x0001b424       0x30 ./src/Hardware/LISAccelerometer.o
                0x0001b424                LISAccelerometer::ReadStatus()
 .text._ZN16LISAccelerometer9ConfigureERtRh
                0x0001b454      0x25c ./src/Hardware/LISAccelerometer.o
                0x0001b454                LISAccelerometer::Configure(unsigned short&, unsigned char&)
 .text._ZN16LISAccelerometer15StartCollectingEh
                0x0001b6b0      0x194 ./src/Hardware/LISAccelerometer.o
                0x0001b6b0                LISAccelerometer::StartCollecting(unsigned char)
 .text._ZN16LISAccelerometer11CollectDataEPPKtRtRb
                0x0001b844       0xf4 ./src/Hardware/LISAccelerometer.o
                0x0001b844                LISAccelerometer::CollectData(unsigned short const**, unsigned short&, bool&)
 .text._ZN16LISAccelerometer14StopCollectingEv
                0x0001b938       0x2c ./src/Hardware/LISAccelerometer.o
                0x0001b938                LISAccelerometer::StopCollecting()
 .text._ZN17NonVolatileMemoryC2E7NvmPage
                0x0001b964        0xc ./src/Hardware/NonVolatileMemory.o
                0x0001b964                NonVolatileMemory::NonVolatileMemory(NvmPage)
                0x0001b964                NonVolatileMemory::NonVolatileMemory(NvmPage)
 .text._ZN17NonVolatileMemory13EnsureWrittenEv
                0x0001b970       0x3c ./src/Hardware/NonVolatileMemory.o
                0x0001b970                NonVolatileMemory::EnsureWritten()
 .text._ZN17NonVolatileMemory23GetLastWrittenResetDataERj
                0x0001b9ac       0x94 ./src/Hardware/NonVolatileMemory.o
                0x0001b9ac                NonVolatileMemory::GetLastWrittenResetData(unsigned int&)
 .text._ZN17NonVolatileMemory21AllocateResetDataSlotEv
                0x0001ba40       0xb8 ./src/Hardware/NonVolatileMemory.o
                0x0001ba40                NonVolatileMemory::AllocateResetDataSlot()
 .text._ZN17NonVolatileMemory27GetThermistorLowCalibrationEj
                0x0001baf8       0x6c ./src/Hardware/NonVolatileMemory.o
                0x0001baf8                NonVolatileMemory::GetThermistorLowCalibration(unsigned int)
 .text._ZN17NonVolatileMemory28GetThermistorHighCalibrationEj
                0x0001bb64       0x6c ./src/Hardware/NonVolatileMemory.o
                0x0001bb64                NonVolatileMemory::GetThermistorHighCalibration(unsigned int)
 .text._ZN17NonVolatileMemory27SetThermistorLowCalibrationEja
                0x0001bbd0       0x90 ./src/Hardware/NonVolatileMemory.o
                0x0001bbd0                NonVolatileMemory::SetThermistorLowCalibration(unsigned int, signed char)
 .text._ZN17NonVolatileMemory28SetThermistorHighCalibrationEja
                0x0001bc60       0x90 ./src/Hardware/NonVolatileMemory.o
                0x0001bc60                NonVolatileMemory::SetThermistorHighCalibration(unsigned int, signed char)
 .text._ZN15SharedI2CClientC2ER15SharedI2CMastert
                0x0001bcf0        0x8 ./src/Hardware/SharedI2CClient.o
                0x0001bcf0                SharedI2CClient::SharedI2CClient(SharedI2CMaster&, unsigned short)
                0x0001bcf0                SharedI2CClient::SharedI2CClient(SharedI2CMaster&, unsigned short)
 .text._ZN15SharedI2CClient8TransferEPKhPhjjmb
                0x0001bcf8       0x54 ./src/Hardware/SharedI2CClient.o
                0x0001bcf8                SharedI2CClient::Transfer(unsigned char const*, unsigned char*, unsigned int, unsigned int, unsigned long, bool)
 .text._ZNK17SoftwareResetData8IsVacantEv
                0x0001bd4c       0x1c ./src/Hardware/SoftwareReset.o
                0x0001bd4c                SoftwareResetData::IsVacant() const
 .text._ZN17SoftwareResetData5ClearEv
                0x0001bd68        0x8 ./src/Hardware/SoftwareReset.o
                0x0001bd68                SoftwareResetData::Clear()
 .text._ZN17SoftwareResetData8PopulateEtPKm
                0x0001bd70      0x110 ./src/Hardware/SoftwareReset.o
                0x0001bd70                SoftwareResetData::Populate(unsigned short, unsigned long const*)
 .text._ZNK17SoftwareResetData10PrintPart1EjRK9StringRef
                0x0001be80      0x1f4 ./src/Hardware/SoftwareReset.o
                0x0001be80                SoftwareResetData::PrintPart1(unsigned int, StringRef const&) const
 .text._ZNK17SoftwareResetData10PrintPart2ERK9StringRef
                0x0001c074       0x38 ./src/Hardware/SoftwareReset.o
                0x0001c074                SoftwareResetData::PrintPart2(StringRef const&) const
 .text._ZN8TCA6408AC2ER15SharedI2CMaster
                0x0001c0ac       0x14 ./src/Hardware/TCA6408A.o
                0x0001c0ac                TCA6408A::TCA6408A(SharedI2CMaster&)
                0x0001c0ac                TCA6408A::TCA6408A(SharedI2CMaster&)
 .text._ZN8TCA6408A4InitEhh
                0x0001c0c0       0xc4 ./src/Hardware/TCA6408A.o
                0x0001c0c0                TCA6408A::Init(unsigned char, unsigned char)
 .text._ZN8TCA6408A18SetOutputBitsStateEhh
                0x0001c184       0x18 ./src/Hardware/TCA6408A.o
                0x0001c184                TCA6408A::SetOutputBitsState(unsigned char, unsigned char)
 .text._ZN8TCA6408A4PollEv
                0x0001c19c       0x58 ./src/Hardware/TCA6408A.o
                0x0001c19c                TCA6408A::Poll()
 .text.__tcf_0  0x0001c1f4       0x1c ./src/GPIO/GpioPorts.o
 .text._ZN9GpioPorts14HandleM950GpioERK17CanMessageGenericRK9StringRef
                0x0001c210      0x11c ./src/GPIO/GpioPorts.o
                0x0001c210                GpioPorts::HandleM950Gpio(CanMessageGeneric const&, StringRef const&)
 .text._ZN9GpioPorts15HandleGpioWriteERK19CanMessageWriteGpioRK9StringRef
                0x0001c32c       0x34 ./src/GPIO/GpioPorts.o
                0x0001c32c                GpioPorts::HandleGpioWrite(CanMessageWriteGpio const&, StringRef const&)
 .text.startup._GLOBAL__sub_I__ZN9GpioPorts14HandleM950GpioERK17CanMessageGenericRK9StringRef
                0x0001c360       0x30 ./src/GPIO/GpioPorts.o
 .text._ZN21Duet3DFilamentMonitor9InterruptEv
                0x0001c390       0x6c ./src/FilamentMonitors/Duet3DFilamentMonitor.o
                0x0001c390                Duet3DFilamentMonitor::Interrupt()
 .text._ZN21Duet3DFilamentMonitorC2Ejj
                0x0001c3fc       0x30 ./src/FilamentMonitors/Duet3DFilamentMonitor.o
                0x0001c3fc                Duet3DFilamentMonitor::Duet3DFilamentMonitor(unsigned int, unsigned int)
                0x0001c3fc                Duet3DFilamentMonitor::Duet3DFilamentMonitor(unsigned int, unsigned int)
 .text._ZN21Duet3DFilamentMonitor17InitReceiveBufferEv
                0x0001c42c       0x1c ./src/FilamentMonitors/Duet3DFilamentMonitor.o
                0x0001c42c                Duet3DFilamentMonitor::InitReceiveBuffer()
 .text._ZN21Duet3DFilamentMonitor17PollReceiveBufferERt
                0x0001c448      0x310 ./src/FilamentMonitors/Duet3DFilamentMonitor.o
                0x0001c448                Duet3DFilamentMonitor::PollReceiveBuffer(unsigned short&)
 .text._ZNK21Duet3DFilamentMonitor11IsReceivingEv
                0x0001c758       0x10 ./src/FilamentMonitors/Duet3DFilamentMonitor.o
                0x0001c758                Duet3DFilamentMonitor::IsReceiving() const
 .text._ZNK21Duet3DFilamentMonitor20IsWaitingForStartBitEv
                0x0001c768        0xc ./src/FilamentMonitors/Duet3DFilamentMonitor.o
                0x0001c768                Duet3DFilamentMonitor::IsWaitingForStartBit() const
 .text._ZN15FilamentMonitor7DisableEv
                0x0001c774       0x28 ./src/FilamentMonitors/FilamentMonitor.o
                0x0001c774                FilamentMonitor::Disable()
 .text._ZN15FilamentMonitor14InterruptEntryE17CallbackParameter
                0x0001c79c       0x58 ./src/FilamentMonitors/FilamentMonitor.o
                0x0001c79c                FilamentMonitor::InterruptEntry(CallbackParameter)
 .text._ZN15FilamentMonitor27AS5601VirtualInterruptEntryE17CallbackParameter
                0x0001c7f4       0x24 ./src/FilamentMonitors/FilamentMonitor.o
                0x0001c7f4                FilamentMonitor::AS5601VirtualInterruptEntry(CallbackParameter)
 .text._ZN15FilamentMonitorC2Ehj
                0x0001c818       0x24 ./src/FilamentMonitors/FilamentMonitor.o
                0x0001c818                FilamentMonitor::FilamentMonitor(unsigned char, unsigned int)
                0x0001c818                FilamentMonitor::FilamentMonitor(unsigned char, unsigned int)
 .text._ZN15FilamentMonitorD2Ev
                0x0001c83c       0x30 ./src/FilamentMonitors/FilamentMonitor.o
                0x0001c83c                FilamentMonitor::~FilamentMonitor()
                0x0001c83c                FilamentMonitor::~FilamentMonitor()
 .text._ZN15FilamentMonitor15CommonConfigureERK23CanMessageGenericParserRK9StringRef13InterruptModeRb
                0x0001c86c       0xd0 ./src/FilamentMonitors/FilamentMonitor.o
                0x0001c86c                FilamentMonitor::CommonConfigure(CanMessageGenericParser const&, StringRef const&, InterruptMode, bool&)
 .text._ZN15FilamentMonitor6CreateERK31CanMessageCreateFilamentMonitorRK9StringRef
                0x0001c93c       0xc4 ./src/FilamentMonitors/FilamentMonitor.o
                0x0001c93c                FilamentMonitor::Create(CanMessageCreateFilamentMonitor const&, StringRef const&)
 .text._ZN15FilamentMonitor6DeleteERK31CanMessageDeleteFilamentMonitorRK9StringRef
                0x0001ca00       0x5c ./src/FilamentMonitors/FilamentMonitor.o
                0x0001ca00                FilamentMonitor::Delete(CanMessageDeleteFilamentMonitor const&, StringRef const&)
 .text._ZN15FilamentMonitor9ConfigureERK17CanMessageGenericRK9StringRef
                0x0001ca5c       0x84 ./src/FilamentMonitors/FilamentMonitor.o
                0x0001ca5c                FilamentMonitor::Configure(CanMessageGeneric const&, StringRef const&)
 .text._ZN15FilamentMonitor4SpinEv
                0x0001cae0      0x1ac ./src/FilamentMonitors/FilamentMonitor.o
                0x0001cae0                FilamentMonitor::Spin()
 .text._ZN15FilamentMonitor14GetDiagnosticsERK9StringRef
                0x0001cc8c       0xb4 ./src/FilamentMonitors/FilamentMonitor.o
                0x0001cc8c                FilamentMonitor::GetDiagnostics(StringRef const&)
 .text.startup._GLOBAL__sub_I__ZN15FilamentMonitor20filamentMonitorsLockE
                0x0001cd40       0x10 ./src/FilamentMonitors/FilamentMonitor.o
 .text._ZN20LaserFilamentMonitor11DiagnosticsERK9StringRef
                0x0001cd50       0xcc ./src/FilamentMonitors/LaserFilamentMonitor.o
                0x0001cd50                LaserFilamentMonitor::Diagnostics(StringRef const&)
 .text._ZN20LaserFilamentMonitorD2Ev
                0x0001ce1c       0x14 ./src/FilamentMonitors/LaserFilamentMonitor.o
                0x0001ce1c                LaserFilamentMonitor::~LaserFilamentMonitor()
                0x0001ce1c                LaserFilamentMonitor::~LaserFilamentMonitor()
 .text._ZN20LaserFilamentMonitorD0Ev
                0x0001ce30       0x20 ./src/FilamentMonitors/LaserFilamentMonitor.o
                0x0001ce30                LaserFilamentMonitor::~LaserFilamentMonitor()
 .text._ZNK20LaserFilamentMonitor11GetLiveDataER23FilamentMonitorDataNew2
                0x0001ce50      0x13c ./src/FilamentMonitors/LaserFilamentMonitor.o
                0x0001ce50                LaserFilamentMonitor::GetLiveData(FilamentMonitorDataNew2&) const
 .text._ZN20LaserFilamentMonitor9ConfigureERK23CanMessageGenericParserRK9StringRef
                0x0001cf8c      0x32c ./src/FilamentMonitors/LaserFilamentMonitor.o
                0x0001cf8c                LaserFilamentMonitor::Configure(CanMessageGenericParser const&, StringRef const&)
 .text._ZN20LaserFilamentMonitorC2Ejj
                0x0001d2b8       0x98 ./src/FilamentMonitors/LaserFilamentMonitor.o
                0x0001d2b8                LaserFilamentMonitor::LaserFilamentMonitor(unsigned int, unsigned int)
                0x0001d2b8                LaserFilamentMonitor::LaserFilamentMonitor(unsigned int, unsigned int)
 .text._ZN20LaserFilamentMonitor18HandleIncomingDataEv
                0x0001d350      0x1e4 ./src/FilamentMonitors/LaserFilamentMonitor.o
                0x0001d350                LaserFilamentMonitor::HandleIncomingData()
 .text._ZN20LaserFilamentMonitor5ClearEv
                0x0001d534       0x6c ./src/FilamentMonitors/LaserFilamentMonitor.o
                0x0001d534                LaserFilamentMonitor::Clear()
 .text._ZN20LaserFilamentMonitor13CheckFilamentEffb
                0x0001d5a0      0x114 ./src/FilamentMonitors/LaserFilamentMonitor.o
                0x0001d5a0                LaserFilamentMonitor::CheckFilament(float, float, bool)
 .text._ZN20LaserFilamentMonitor5CheckEbbmf
                0x0001d6b4      0x114 ./src/FilamentMonitors/LaserFilamentMonitor.o
                0x0001d6b4                LaserFilamentMonitor::Check(bool, bool, unsigned long, float)
 .text._ZNK21PulsedFilamentMonitor11GetLiveDataER23FilamentMonitorDataNew2
                0x0001d7c8       0x28 ./src/FilamentMonitors/PulsedFilamentMonitor.o
                0x0001d7c8                PulsedFilamentMonitor::GetLiveData(FilamentMonitorDataNew2&) const
 .text._ZN21PulsedFilamentMonitor9ConfigureERK23CanMessageGenericParserRK9StringRef
                0x0001d7f0      0x20c ./src/FilamentMonitors/PulsedFilamentMonitor.o
                0x0001d7f0                PulsedFilamentMonitor::Configure(CanMessageGenericParser const&, StringRef const&)
 .text._ZN21PulsedFilamentMonitor9InterruptEv
                0x0001d9fc       0x38 ./src/FilamentMonitors/PulsedFilamentMonitor.o
                0x0001d9fc                PulsedFilamentMonitor::Interrupt()
 .text._ZN21PulsedFilamentMonitorD2Ev
                0x0001da34       0x14 ./src/FilamentMonitors/PulsedFilamentMonitor.o
                0x0001da34                PulsedFilamentMonitor::~PulsedFilamentMonitor()
                0x0001da34                PulsedFilamentMonitor::~PulsedFilamentMonitor()
 .text._ZN21PulsedFilamentMonitorD0Ev
                0x0001da48       0x1c ./src/FilamentMonitors/PulsedFilamentMonitor.o
                0x0001da48                PulsedFilamentMonitor::~PulsedFilamentMonitor()
 .text._ZN21PulsedFilamentMonitor5ClearEv
                0x0001da64       0x60 ./src/FilamentMonitors/PulsedFilamentMonitor.o
                0x0001da64                PulsedFilamentMonitor::Clear()
 .text._ZN21PulsedFilamentMonitor11DiagnosticsERK9StringRef
                0x0001dac4       0xb0 ./src/FilamentMonitors/PulsedFilamentMonitor.o
                0x0001dac4                PulsedFilamentMonitor::Diagnostics(StringRef const&)
 .text._ZN21PulsedFilamentMonitorC2Ejj
                0x0001db74       0x50 ./src/FilamentMonitors/PulsedFilamentMonitor.o
                0x0001db74                PulsedFilamentMonitor::PulsedFilamentMonitor(unsigned int, unsigned int)
                0x0001db74                PulsedFilamentMonitor::PulsedFilamentMonitor(unsigned int, unsigned int)
 .text._ZN21PulsedFilamentMonitor13CheckFilamentEffb
                0x0001dbc4       0xd4 ./src/FilamentMonitors/PulsedFilamentMonitor.o
                0x0001dbc4                PulsedFilamentMonitor::CheckFilament(float, float, bool)
 .text._ZN21PulsedFilamentMonitor5CheckEbbmf
                0x0001dc98      0x154 ./src/FilamentMonitors/PulsedFilamentMonitor.o
                0x0001dc98                PulsedFilamentMonitor::Check(bool, bool, unsigned long, float)
 .text._ZN29RotatingMagnetFilamentMonitorD2Ev
                0x0001ddec       0x14 ./src/FilamentMonitors/RotatingMagnetFilamentMonitor.o
                0x0001ddec                RotatingMagnetFilamentMonitor::~RotatingMagnetFilamentMonitor()
                0x0001ddec                RotatingMagnetFilamentMonitor::~RotatingMagnetFilamentMonitor()
 .text._ZN29RotatingMagnetFilamentMonitorD0Ev